<?xml version="1.0" ?>

<verbosegc xmlns="http://www.ibm.com/j9/verbosegc" version="e74814c_CMPRSS">

<initialized id="1" timestamp="2024-11-12T08:49:50.069">
  <attribute name="gcPolicy" value="-Xgcpolicy:gencon" />
  <attribute name="maxHeapSize" value="0x20000000" />
  <attribute name="initialHeapSize" value="0x800000" />
  <attribute name="compressedRefs" value="true" />
  <attribute name="compressedRefsDisplacement" value="0x0" />
  <attribute name="compressedRefsShift" value="0x0" />
  <attribute name="pageSize" value="0x1000" />
  <attribute name="pageType" value="not used" />
  <attribute name="requestedPageSize" value="0x1000" />
  <attribute name="requestedPageType" value="not used" />
  <attribute name="gcthreads" value="16" />
  <attribute name="gcthreads Concurrent Mark" value="1" />
  <attribute name="packetListSplit" value="2" />
  <attribute name="cacheListSplit" value="2" />
  <attribute name="splitFreeListSplitAmount" value="2" />
  <attribute name="numaNodes" value="0" />
  <system>
    <attribute name="physicalMemory" value="66311401472" />
    <attribute name="addressablePhysicalMemory" value="66311401472" />
    <attribute name="container memory limit set" value="false" />
    <attribute name="numCPUs" value="16" />
    <attribute name="numCPUs active" value="16" />
    <attribute name="architecture" value="amd64" />
    <attribute name="os" value="Linux" />
    <attribute name="osVersion" value="5.15.0-106-generic" />
  </system>
  <vmargs>
    <vmarg name="-Xoptionsfile=/opt/IBM/WebSphere/versions/wlp-nd-24008/java/ibm-java-x86_64-80/jre/lib/amd64/compressedrefs/options.default" />
    <vmarg name="-Xlockword:mode=default,noLockword=java/lang/String,noLockword=java/util/MapEntry,noLockword=java/util/HashMap$Entry,noLockword..." />
    <vmarg name="-Djava.lang.stringBuffer.growAggressively=false" />
    <vmarg name="-XX:+OriginalJDK8HeapSizeCompatibilityMode" />
    <vmarg name="-XX:+LegacyXlogOption" />
    <vmarg name="-XX:+EnsureHashed:java/lang/Class,java/lang/Thread" />
    <vmarg name="-Xjcl:jclse29" />
    <vmarg name="-Dcom.ibm.oti.vm.bootstrap.library.path=/opt/IBM/WebSphere/versions/wlp-nd-24008/java/ibm-java-x86_64-80/jre/lib/amd64/compress..." />
    <vmarg name="-Dsun.boot.library.path=/opt/IBM/WebSphere/versions/wlp-nd-24008/java/ibm-java-x86_64-80/jre/lib/amd64/compressedrefs:/opt/IBM/..." />
    <vmarg name="-Djava.library.path=/opt/IBM/WebSphere/versions/wlp-nd-24008/java/ibm-java-x86_64-80/jre/lib/amd64/compressedrefs:/opt/IBM/WebS..." />
    <vmarg name="-Djava.home=/opt/IBM/WebSphere/versions/wlp-nd-24008/java/ibm-java-x86_64-80/jre" />
    <vmarg name="-Djava.ext.dirs=/opt/IBM/WebSphere/versions/wlp-nd-24008/java/ibm-java-x86_64-80/jre/fips140-2/lib/ext:/opt/IBM/WebSphere/versi..." />
    <vmarg name="-Duser.dir=/opt/IBM/WebSphere/usr/servers/uhg" />
    <vmarg name="-Xverbosegclog:/opt/IBM/WebSphere/usr/servers/uhg/logs/verbosegc.%seq.log,10,1024" />
    <vmarg name="-Xshareclasses:name=liberty-%u,nonfatal,cacheDir=/opt/IBM/WebSphere/usr/servers/.classCache,cacheDirPerm=1000" />
    <vmarg name="-XX:ShareClassesEnableBCI" />
    <vmarg name="-Xscmx80m" />
    <vmarg name="-Xshareclasses:name=liberty-%u,nonfatal,cacheDir=/opt/IBM/WebSphere/usr/servers/.classCache,cacheDirPerm=1000" />
    <vmarg name="-XX:ShareClassesEnableBCI" />
    <vmarg name="-Xscmx80m" />
    <vmarg name="-Djava.class.path=." />
    <vmarg name="-javaagent:/opt/IBM/WebSphere/wlp/bin/tools/ws-javaagent.jar" />
    <vmarg name="-Djava.awt.headless=true" />
    <vmarg name="-Djdk.attach.allowAttachSelf=true" />
    <vmarg name="-Djava.class.path=/opt/IBM/WebSphere/wlp/bin/tools/ws-server.jar" />
    <vmarg name="-Dsun.java.command=/opt/IBM/WebSphere/wlp/bin/tools/ws-server.jar uhg" />
    <vmarg name="-Dsun.java.launcher=SUN_STANDARD" />
    <vmarg name="-Dsun.java.launcher.pid=166709" />
  </vmargs>
</initialized>

<heap-resize id="2" type="expand" space="nursery" amount="8781824" count="1" timems="0.095" reason="hint from previous runs" timestamp="2024-11-12T08:49:50.079" />
<heap-resize id="3" type="expand" space="tenure" amount="16973824" count="1" timems="0.077" reason="hint from previous runs" timestamp="2024-11-12T08:49:50.079" />
<exclusive-start id="4" timestamp="2024-11-12T08:49:50.171" intervalms="102.547">
  <response-info timems="0.008" idlems="0.008" threads="0" lastid="000000000001FF00" lastname="main" />
</exclusive-start>
<af-start id="5" threadId="0000000000020898" totalBytesRequested="88" timestamp="2024-11-12T08:49:50.171" intervalms="102.562" type="nursery" />
<cycle-start id="6" type="scavenge" contextid="0" timestamp="2024-11-12T08:49:50.171" intervalms="102.593" />
<gc-start id="7" type="scavenge" contextid="6" timestamp="2024-11-12T08:49:50.172">
  <mem-info id="8" free="22937736" total="34144256" percent="67">
    <mem type="nursery" free="0" total="10878976" percent="0">
      <mem type="allocate" free="0" total="5439488" percent="0" />
      <mem type="survivor" free="0" total="5439488" percent="0" />
    </mem>
    <mem type="tenure" free="22937736" total="23265280" percent="98">
      <mem type="soa" free="21774472" total="22102016" percent="98" />
      <mem type="loa" free="1163264" total="1163264" percent="100" />
    </mem>
    <remembered-set count="4408" />
  </mem-info>
</gc-start>
<allocation-stats totalBytes="5763032" discardedBytes="4000" >
  <allocated-bytes non-tlh="484008" tlh="5279024" />
  <largest-consumer threadName="main" threadId="000000000001FF00" bytes="5647624" />
</allocation-stats>
<gc-op id="9" type="scavenge" timems="0.624" contextid="6" timestamp="2024-11-12T08:49:50.172">
  <scavenger-info tenureage="2" tenuremask="fffc" tiltratio="50" />
  <memory-copied type="nursery" objects="13552" bytes="990624" bytesdiscarded="215840" />
  <finalization candidates="188" enqueued="112" />
  <ownableSynchronizers candidates="5" cleared="0" />
  <references type="soft" candidates="182" cleared="0" enqueued="0" dynamicThreshold="32" maxThreshold="32" />
  <references type="weak" candidates="481" cleared="417" enqueued="414" />
  <references type="phantom" candidates="7" cleared="1" enqueued="1" />
</gc-op>
<gc-end id="10" type="scavenge" contextid="6" durationms="0.670" usertimems="4.504" systemtimems="2.890" stalltimems="5.410" timestamp="2024-11-12T08:49:50.172" activeThreads="16">
  <mem-info id="11" free="28217816" total="34144256" percent="82">
    <mem type="nursery" free="5280080" total="10878976" percent="48">
      <mem type="allocate" free="5280080" total="6488064" percent="81" />
      <mem type="survivor" free="0" total="4390912" percent="0" />
    </mem>
    <mem type="tenure" free="22937736" total="23265280" percent="98">
      <mem type="soa" free="21774472" total="22102016" percent="98" />
      <mem type="loa" free="1163264" total="1163264" percent="100" />
    </mem>
    <pending-finalizers system="112" default="0" reference="415" classloader="0" />
    <remembered-set count="4408" />
  </mem-info>
</gc-end>
<cycle-end id="12" type="scavenge" contextid="6" timestamp="2024-11-12T08:49:50.172" />
<allocation-satisfied id="13" threadId="000000000001FF00" bytesRequested="88" />
<af-end id="14" timestamp="2024-11-12T08:49:50.172" threadId="0000000000020898" success="true" from="nursery"/>
<exclusive-end id="15" timestamp="2024-11-12T08:49:50.172" durationms="0.764" />

<exclusive-start id="16" timestamp="2024-11-12T08:49:50.216" intervalms="44.185">
  <response-info timems="0.044" idlems="0.024" threads="1" lastid="0000000000023B00" lastname="JIT Compilation Thread-000" />
</exclusive-start>
<af-start id="17" threadId="0000000000020898" totalBytesRequested="40" timestamp="2024-11-12T08:49:50.216" intervalms="44.183" type="nursery" />
<cycle-start id="18" type="scavenge" contextid="0" timestamp="2024-11-12T08:49:50.216" intervalms="44.178" />
<gc-start id="19" type="scavenge" contextid="18" timestamp="2024-11-12T08:49:50.216">
  <mem-info id="20" free="22707384" total="34144256" percent="66">
    <mem type="nursery" free="0" total="10878976" percent="0">
      <mem type="allocate" free="0" total="6488064" percent="0" />
      <mem type="survivor" free="0" total="4390912" percent="0" />
    </mem>
    <mem type="tenure" free="22707384" total="23265280" percent="97">
      <mem type="soa" free="21544120" total="22102016" percent="97" />
      <mem type="loa" free="1163264" total="1163264" percent="100" />
    </mem>
    <remembered-set count="7505" />
  </mem-info>
</gc-start>
<allocation-stats totalBytes="5508040" discardedBytes="2392" >
  <allocated-bytes non-tlh="361520" tlh="5146520" />
  <largest-consumer threadName="main" threadId="000000000001FF00" bytes="5442752" />
</allocation-stats>
<gc-op id="21" type="scavenge" timems="0.820" contextid="18" timestamp="2024-11-12T08:49:50.217">
  <scavenger-info tenureage="4" tenuremask="7ff0" tiltratio="59" />
  <memory-copied type="nursery" objects="42642" bytes="2137976" bytesdiscarded="326600" />
  <finalization candidates="165" enqueued="36" />
  <ownableSynchronizers candidates="44" cleared="3" />
  <references type="soft" candidates="671" cleared="0" enqueued="0" dynamicThreshold="32" maxThreshold="32" />
  <references type="weak" candidates="1688" cleared="1215" enqueued="1171" />
  <references type="phantom" candidates="6" cleared="0" enqueued="0" />
  <object-monitors candidates="4" cleared="0"  />
</gc-op>
<heap-resize id="22" type="contract" space="nursery" amount="131072" count="1" timems="0.017" reason="insufficient time being spent scavenging" timestamp="2024-11-12T08:49:50.217" />
<gc-end id="23" type="scavenge" contextid="18" durationms="0.879" usertimems="7.027" systemtimems="0.000" stalltimems="4.718" timestamp="2024-11-12T08:49:50.217" activeThreads="14">
  <mem-info id="24" free="27448856" total="34013184" percent="80">
    <mem type="nursery" free="4741472" total="10747904" percent="44">
      <mem type="allocate" free="4741472" total="7208960" percent="65" />
      <mem type="survivor" free="0" total="3538944" percent="0" />
    </mem>
    <mem type="tenure" free="22707384" total="23265280" percent="97">
      <mem type="soa" free="21544120" total="22102016" percent="97" />
      <mem type="loa" free="1163264" total="1163264" percent="100" />
    </mem>
    <pending-finalizers system="36" default="0" reference="1171" classloader="0" />
    <remembered-set count="7505" />
  </mem-info>
</gc-end>
<cycle-end id="25" type="scavenge" contextid="18" timestamp="2024-11-12T08:49:50.217" />
<allocation-satisfied id="26" threadId="000000000001FF00" bytesRequested="40" />
<af-end id="27" timestamp="2024-11-12T08:49:50.217" threadId="0000000000020898" success="true" from="nursery"/>
<exclusive-end id="28" timestamp="2024-11-12T08:49:50.217" durationms="0.961" />

<exclusive-start id="29" timestamp="2024-11-12T08:49:50.222" intervalms="6.850">
  <response-info timems="0.007" idlems="0.007" threads="0" lastid="000000000001FF00" lastname="main" />
</exclusive-start>
<af-start id="30" threadId="0000000000020898" totalBytesRequested="2648" timestamp="2024-11-12T08:49:50.222" intervalms="6.844" type="nursery" />
<cycle-start id="31" type="scavenge" contextid="0" timestamp="2024-11-12T08:49:50.222" intervalms="6.833" />
<gc-start id="32" type="scavenge" contextid="31" timestamp="2024-11-12T08:49:50.223">
  <mem-info id="33" free="22706336" total="34013184" percent="66">
    <mem type="nursery" free="0" total="10747904" percent="0">
      <mem type="allocate" free="0" total="7208960" percent="0" />
      <mem type="survivor" free="0" total="3538944" percent="0" />
    </mem>
    <mem type="tenure" free="22706336" total="23265280" percent="97">
      <mem type="soa" free="21543072" total="22102016" percent="97" />
      <mem type="loa" free="1163264" total="1163264" percent="100" />
    </mem>
    <remembered-set count="7521" />
  </mem-info>
</gc-start>
<allocation-stats totalBytes="4731216" discardedBytes="11304" >
  <allocated-bytes non-tlh="1088" tlh="4730128" />
  <largest-consumer threadName="main" threadId="000000000001FF00" bytes="4691280" />
</allocation-stats>
<gc-op id="34" type="scavenge" timems="0.713" contextid="31" timestamp="2024-11-12T08:49:50.223">
  <scavenger-info tenureage="4" tenuremask="7ff0" tiltratio="67" />
  <memory-copied type="nursery" objects="42995" bytes="3115200" bytesdiscarded="281888" />
  <finalization candidates="531" enqueued="402" />
  <ownableSynchronizers candidates="41" cleared="0" />
  <references type="soft" candidates="671" cleared="0" enqueued="0" dynamicThreshold="32" maxThreshold="32" />
  <references type="weak" candidates="478" cleared="4" enqueued="4" />
  <references type="phantom" candidates="6" cleared="0" enqueued="0" />
  <object-monitors candidates="4" cleared="0"  />
</gc-op>
<heap-resize id="35" type="expand" space="nursery" amount="655360" count="1" timems="0.008" reason="excessive time being spent scavenging" timestamp="2024-11-12T08:49:50.223" />
<gc-end id="36" type="scavenge" contextid="31" durationms="0.752" usertimems="6.933" systemtimems="0.000" stalltimems="4.274" timestamp="2024-11-12T08:49:50.223" activeThreads="15">
  <mem-info id="37" free="25727904" total="34668544" percent="74">
    <mem type="nursery" free="3021568" total="11403264" percent="26">
      <mem type="allocate" free="3021568" total="6422528" percent="47" />
      <mem type="survivor" free="0" total="4980736" percent="0" />
    </mem>
    <mem type="tenure" free="22706336" total="23265280" percent="97">
      <mem type="soa" free="21543072" total="22102016" percent="97" />
      <mem type="loa" free="1163264" total="1163264" percent="100" />
    </mem>
    <pending-finalizers system="402" default="0" reference="4" classloader="0" />
    <remembered-set count="4130" />
  </mem-info>
</gc-end>
<cycle-end id="38" type="scavenge" contextid="31" timestamp="2024-11-12T08:49:50.223" />
<allocation-satisfied id="39" threadId="000000000001FF00" bytesRequested="2648" />
<af-end id="40" timestamp="2024-11-12T08:49:50.223" threadId="0000000000020898" success="true" from="nursery"/>
<exclusive-end id="41" timestamp="2024-11-12T08:49:50.223" durationms="0.805" />

<exclusive-start id="42" timestamp="2024-11-12T08:49:50.227" intervalms="4.441">
  <response-info timems="0.006" idlems="0.006" threads="0" lastid="000000000001FF00" lastname="main" />
</exclusive-start>
<af-start id="43" threadId="0000000000020898" totalBytesRequested="3008" timestamp="2024-11-12T08:49:50.227" intervalms="4.440" type="nursery" />
<cycle-start id="44" type="scavenge" contextid="0" timestamp="2024-11-12T08:49:50.227" intervalms="4.437" />
<gc-start id="45" type="scavenge" contextid="44" timestamp="2024-11-12T08:49:50.227">
  <mem-info id="46" free="22705488" total="34668544" percent="65">
    <mem type="nursery" free="0" total="11403264" percent="0">
      <mem type="allocate" free="0" total="6422528" percent="0" />
      <mem type="survivor" free="0" total="4980736" percent="0" />
    </mem>
    <mem type="tenure" free="22705488" total="23265280" percent="97">
      <mem type="soa" free="21542224" total="22102016" percent="97" />
      <mem type="loa" free="1163264" total="1163264" percent="100" />
    </mem>
    <remembered-set count="4147" />
  </mem-info>
</gc-start>
<allocation-stats totalBytes="2981520" discardedBytes="40896" >
  <allocated-bytes non-tlh="3496" tlh="2978024" />
  <largest-consumer threadName="main" threadId="000000000001FF00" bytes="2981520" />
</allocation-stats>
<gc-op id="47" type="scavenge" timems="0.738" contextid="44" timestamp="2024-11-12T08:49:50.228">
  <scavenger-info tenureage="3" tenuremask="7ff8" tiltratio="56" />
  <memory-copied type="nursery" objects="31537" bytes="2235856" bytesdiscarded="427592" />
  <memory-copied type="tenure" objects="11431" bytes="615864" bytesdiscarded="2648" />
  <finalization candidates="433" enqueued="304" />
  <ownableSynchronizers candidates="41" cleared="0" />
  <references type="soft" candidates="490" cleared="0" enqueued="0" dynamicThreshold="32" maxThreshold="32" />
  <references type="weak" candidates="409" cleared="0" enqueued="0" />
  <object-monitors candidates="4" cleared="0"  />
</gc-op>
<heap-resize id="48" type="expand" space="nursery" amount="917504" count="1" timems="0.006" reason="excessive time being spent scavenging" timestamp="2024-11-12T08:49:50.228" />
<gc-end id="49" type="scavenge" contextid="44" durationms="0.772" usertimems="6.211" systemtimems="0.296" stalltimems="5.714" timestamp="2024-11-12T08:49:50.228" activeThreads="16">
  <mem-info id="50" free="26646616" total="35586048" percent="74">
    <mem type="nursery" free="4739616" total="12320768" percent="38">
      <mem type="allocate" free="4739616" total="7405568" percent="64" />
      <mem type="survivor" free="0" total="4915200" percent="0" />
    </mem>
    <mem type="tenure" free="21907000" total="23265280" percent="94">
      <mem type="soa" free="20743736" total="22102016" percent="93" />
      <mem type="loa" free="1163264" total="1163264" percent="100" />
    </mem>
    <pending-finalizers system="304" default="0" reference="0" classloader="0" />
    <remembered-set count="1308" />
  </mem-info>
</gc-end>
<cycle-end id="51" type="scavenge" contextid="44" timestamp="2024-11-12T08:49:50.228" />
<allocation-satisfied id="52" threadId="000000000001FF00" bytesRequested="3008" />
<af-end id="53" timestamp="2024-11-12T08:49:50.228" threadId="0000000000020898" success="true" from="nursery"/>
<exclusive-end id="54" timestamp="2024-11-12T08:49:50.228" durationms="0.822" />

<exclusive-start id="55" timestamp="2024-11-12T08:49:50.233" intervalms="5.979">
  <response-info timems="0.007" idlems="0.007" threads="0" lastid="000000000001FF00" lastname="main" />
</exclusive-start>
<af-start id="56" threadId="0000000000020898" totalBytesRequested="2912" timestamp="2024-11-12T08:49:50.233" intervalms="5.978" type="nursery" />
<cycle-start id="57" type="scavenge" contextid="0" timestamp="2024-11-12T08:49:50.233" intervalms="5.977" />
<gc-start id="58" type="scavenge" contextid="57" timestamp="2024-11-12T08:49:50.233">
  <mem-info id="59" free="21906944" total="35586048" percent="61">
    <mem type="nursery" free="0" total="12320768" percent="0">
      <mem type="allocate" free="0" total="7405568" percent="0" />
      <mem type="survivor" free="0" total="4915200" percent="0" />
    </mem>
    <mem type="tenure" free="21906944" total="23265280" percent="94">
      <mem type="soa" free="20743680" total="22102016" percent="93" />
      <mem type="loa" free="1163264" total="1163264" percent="100" />
    </mem>
    <remembered-set count="1309" />
  </mem-info>
</gc-start>
<allocation-stats totalBytes="4722520" discardedBytes="17152" >
  <allocated-bytes non-tlh="3064" tlh="4719456" />
  <largest-consumer threadName="main" threadId="000000000001FF00" bytes="4722520" />
</allocation-stats>
<gc-op id="60" type="scavenge" timems="0.713" contextid="57" timestamp="2024-11-12T08:49:50.234">
  <scavenger-info tenureage="2" tenuremask="7ffc" tiltratio="60" />
  <memory-copied type="nursery" objects="5883" bytes="1219976" bytesdiscarded="253336" />
  <memory-copied type="tenure" objects="28223" bytes="1476120" bytesdiscarded="5840" />
  <finalization candidates="527" enqueued="472" />
  <ownableSynchronizers candidates="36" cleared="0" />
  <references type="weak" candidates="1" cleared="0" enqueued="0" />
  <object-monitors candidates="4" cleared="0"  />
</gc-op>
<heap-resize id="61" type="expand" space="nursery" amount="786432" count="1" timems="0.006" reason="excessive time being spent scavenging" timestamp="2024-11-12T08:49:50.234" />
<gc-end id="62" type="scavenge" contextid="57" durationms="0.749" usertimems="7.776" systemtimems="0.735" stalltimems="4.896" timestamp="2024-11-12T08:49:50.234" activeThreads="16">
  <mem-info id="63" free="27661304" total="36372480" percent="76">
    <mem type="nursery" free="7241080" total="13107200" percent="55">
      <mem type="allocate" free="7241080" total="8716288" percent="83" />
      <mem type="survivor" free="0" total="4390912" percent="0" />
    </mem>
    <mem type="tenure" free="20420224" total="23265280" percent="87">
      <mem type="soa" free="19256960" total="22102016" percent="87" />
      <mem type="loa" free="1163264" total="1163264" percent="100" />
    </mem>
    <pending-finalizers system="472" default="0" reference="0" classloader="0" />
    <remembered-set count="187" />
  </mem-info>
</gc-end>
<cycle-end id="64" type="scavenge" contextid="57" timestamp="2024-11-12T08:49:50.234" />
<allocation-satisfied id="65" threadId="000000000001FF00" bytesRequested="2912" />
<af-end id="66" timestamp="2024-11-12T08:49:50.234" threadId="0000000000020898" success="true" from="nursery"/>
<exclusive-end id="67" timestamp="2024-11-12T08:49:50.234" durationms="0.795" />

<exclusive-start id="68" timestamp="2024-11-12T08:49:50.241" intervalms="8.519">
  <response-info timems="0.007" idlems="0.007" threads="0" lastid="000000000001FF00" lastname="main" />
</exclusive-start>
<af-start id="69" threadId="0000000000020898" totalBytesRequested="15368" timestamp="2024-11-12T08:49:50.241" intervalms="8.520" type="nursery" />
<cycle-start id="70" type="scavenge" contextid="0" timestamp="2024-11-12T08:49:50.241" intervalms="8.520" />
<gc-start id="71" type="scavenge" contextid="70" timestamp="2024-11-12T08:49:50.241">
  <mem-info id="72" free="20419888" total="36372480" percent="56">
    <mem type="nursery" free="0" total="13107200" percent="0">
      <mem type="allocate" free="0" total="8716288" percent="0" />
      <mem type="survivor" free="0" total="4390912" percent="0" />
    </mem>
    <mem type="tenure" free="20419888" total="23265280" percent="87">
      <mem type="soa" free="19256624" total="22102016" percent="87" />
      <mem type="loa" free="1163264" total="1163264" percent="100" />
    </mem>
    <remembered-set count="570" />
  </mem-info>
</gc-start>
<allocation-stats totalBytes="7202856" discardedBytes="38560" >
  <allocated-bytes non-tlh="3248" tlh="7199608" />
  <largest-consumer threadName="main" threadId="000000000001FF00" bytes="7202856" />
</allocation-stats>
<gc-op id="73" type="scavenge" timems="0.371" contextid="70" timestamp="2024-11-12T08:49:50.242">
  <scavenger-info tenureage="2" tenuremask="7ffc" tiltratio="66" />
  <memory-copied type="nursery" objects="8763" bytes="1870680" bytesdiscarded="492512" />
  <memory-copied type="tenure" objects="735" bytes="27880" bytesdiscarded="64" />
  <finalization candidates="700" enqueued="696" />
  <references type="weak" candidates="1" cleared="0" enqueued="0" />
  <object-monitors candidates="4" cleared="0"  />
</gc-op>
<gc-end id="74" type="scavenge" contextid="70" durationms="0.394" usertimems="2.051" systemtimems="0.303" stalltimems="3.961" timestamp="2024-11-12T08:49:50.242" activeThreads="16">
  <mem-info id="75" free="27196696" total="36372480" percent="74">
    <mem type="nursery" free="6809064" total="13107200" percent="51">
      <mem type="allocate" free="6809064" total="9175040" percent="74" />
      <mem type="survivor" free="0" total="3932160" percent="0" />
    </mem>
    <mem type="tenure" free="20387632" total="23265280" percent="87">
      <mem type="soa" free="19224368" total="22102016" percent="86" />
      <mem type="loa" free="1163264" total="1163264" percent="100" />
    </mem>
    <pending-finalizers system="696" default="0" reference="0" classloader="0" />
    <remembered-set count="385" />
  </mem-info>
</gc-end>
<cycle-end id="76" type="scavenge" contextid="70" timestamp="2024-11-12T08:49:50.242" />
<allocation-satisfied id="77" threadId="000000000001FF00" bytesRequested="15368" />
<af-end id="78" timestamp="2024-11-12T08:49:50.242" threadId="0000000000020898" success="true" from="nursery"/>
<exclusive-end id="79" timestamp="2024-11-12T08:49:50.242" durationms="0.440" />

<exclusive-start id="80" timestamp="2024-11-12T08:49:50.249" intervalms="7.180">
  <response-info timems="0.005" idlems="0.005" threads="0" lastid="000000000001FF00" lastname="main" />
</exclusive-start>
<af-start id="81" threadId="0000000000020898" totalBytesRequested="50656" timestamp="2024-11-12T08:49:50.249" intervalms="7.180" type="nursery" />
<cycle-start id="82" type="scavenge" contextid="0" timestamp="2024-11-12T08:49:50.249" intervalms="7.179" />
<gc-start id="83" type="scavenge" contextid="82" timestamp="2024-11-12T08:49:50.249">
  <mem-info id="84" free="20387480" total="36372480" percent="56">
    <mem type="nursery" free="0" total="13107200" percent="0">
      <mem type="allocate" free="0" total="9175040" percent="0" />
      <mem type="survivor" free="0" total="3932160" percent="0" />
    </mem>
    <mem type="tenure" free="20387480" total="23265280" percent="87">
      <mem type="soa" free="19224216" total="22102016" percent="86" />
      <mem type="loa" free="1163264" total="1163264" percent="100" />
    </mem>
    <remembered-set count="655" />
  </mem-info>
</gc-start>
<allocation-stats totalBytes="6593704" discardedBytes="215512" >
  <allocated-bytes non-tlh="280616" tlh="6313088" />
  <largest-consumer threadName="main" threadId="000000000001FF00" bytes="6593704" />
</allocation-stats>
<gc-op id="85" type="scavenge" timems="0.304" contextid="82" timestamp="2024-11-12T08:49:50.249">
  <scavenger-info tenureage="2" tenuremask="7ffc" tiltratio="70" />
  <memory-copied type="nursery" objects="7072" bytes="1832488" bytesdiscarded="256088" />
  <memory-copied type="tenure" objects="1186" bytes="44224" bytesdiscarded="40" />
  <finalization candidates="484" enqueued="482" />
  <object-monitors candidates="4" cleared="0"  />
</gc-op>
<gc-end id="86" type="scavenge" contextid="82" durationms="0.328" usertimems="1.713" systemtimems="0.241" stalltimems="2.139" timestamp="2024-11-12T08:49:50.249" activeThreads="13">
  <mem-info id="87" free="27767440" total="36372480" percent="76">
    <mem type="nursery" free="7412216" total="13107200" percent="56">
      <mem type="allocate" free="7412216" total="9502720" percent="78" />
      <mem type="survivor" free="0" total="3604480" percent="0" />
    </mem>
    <mem type="tenure" free="20355224" total="23265280" percent="87">
      <mem type="soa" free="19191960" total="22102016" percent="86" />
      <mem type="loa" free="1163264" total="1163264" percent="100" />
    </mem>
    <pending-finalizers system="482" default="0" reference="0" classloader="0" />
    <remembered-set count="549" />
  </mem-info>
</gc-end>
<cycle-end id="88" type="scavenge" contextid="82" timestamp="2024-11-12T08:49:50.249" />
<allocation-satisfied id="89" threadId="000000000001FF00" bytesRequested="50656" />
<af-end id="90" timestamp="2024-11-12T08:49:50.249" threadId="0000000000020898" success="true" from="nursery"/>
<exclusive-end id="91" timestamp="2024-11-12T08:49:50.249" durationms="0.372" />

<exclusive-start id="92" timestamp="2024-11-12T08:49:50.256" intervalms="7.870">
  <response-info timems="0.005" idlems="0.005" threads="0" lastid="000000000001FF00" lastname="main" />
</exclusive-start>
<af-start id="93" threadId="0000000000020898" totalBytesRequested="8200" timestamp="2024-11-12T08:49:50.256" intervalms="7.870" type="nursery" />
<cycle-start id="94" type="scavenge" contextid="0" timestamp="2024-11-12T08:49:50.256" intervalms="7.869" />
<gc-start id="95" type="scavenge" contextid="94" timestamp="2024-11-12T08:49:50.256">
  <mem-info id="96" free="20354888" total="36372480" percent="55">
    <mem type="nursery" free="0" total="13107200" percent="0">
      <mem type="allocate" free="0" total="9502720" percent="0" />
      <mem type="survivor" free="0" total="3604480" percent="0" />
    </mem>
    <mem type="tenure" free="20354888" total="23265280" percent="87">
      <mem type="soa" free="19191624" total="22102016" percent="86" />
      <mem type="loa" free="1163264" total="1163264" percent="100" />
    </mem>
    <remembered-set count="946" />
  </mem-info>
</gc-start>
<allocation-stats totalBytes="7322808" discardedBytes="89744" >
  <allocated-bytes non-tlh="50992" tlh="7271816" />
  <largest-consumer threadName="main" threadId="000000000001FF00" bytes="7322808" />
</allocation-stats>
<gc-op id="97" type="scavenge" timems="0.341" contextid="94" timestamp="2024-11-12T08:49:50.257">
  <scavenger-info tenureage="2" tenuremask="7ffc" tiltratio="72" />
  <memory-copied type="nursery" objects="8629" bytes="1870728" bytesdiscarded="254744" />
  <memory-copied type="tenure" objects="1814" bytes="74856" bytesdiscarded="400" />
  <finalization candidates="690" enqueued="688" />
  <object-monitors candidates="4" cleared="0"  />
</gc-op>
<gc-end id="98" type="scavenge" contextid="94" durationms="0.362" usertimems="1.684" systemtimems="0.259" stalltimems="2.261" timestamp="2024-11-12T08:49:50.257" activeThreads="12">
  <mem-info id="99" free="27939032" total="36372480" percent="76">
    <mem type="nursery" free="7636632" total="13107200" percent="58">
      <mem type="allocate" free="7636632" total="9764864" percent="78" />
      <mem type="survivor" free="0" total="3342336" percent="0" />
    </mem>
    <mem type="tenure" free="20302400" total="23265280" percent="87">
      <mem type="soa" free="19139136" total="22102016" percent="86" />
      <mem type="loa" free="1163264" total="1163264" percent="100" />
    </mem>
    <pending-finalizers system="688" default="0" reference="0" classloader="0" />
    <remembered-set count="614" />
  </mem-info>
</gc-end>
<cycle-end id="100" type="scavenge" contextid="94" timestamp="2024-11-12T08:49:50.257" />
<allocation-satisfied id="101" threadId="000000000001FF00" bytesRequested="8200" />
<af-end id="102" timestamp="2024-11-12T08:49:50.257" threadId="0000000000020898" success="true" from="nursery"/>
<exclusive-end id="103" timestamp="2024-11-12T08:49:50.257" durationms="0.406" />

<exclusive-start id="104" timestamp="2024-11-12T08:49:50.265" intervalms="8.925">
  <response-info timems="0.008" idlems="0.008" threads="0" lastid="000000000001FF00" lastname="main" />
</exclusive-start>
<af-start id="105" threadId="0000000000020898" totalBytesRequested="8200" timestamp="2024-11-12T08:49:50.265" intervalms="8.925" type="nursery" />
<cycle-start id="106" type="scavenge" contextid="0" timestamp="2024-11-12T08:49:50.265" intervalms="8.926" />
<gc-start id="107" type="scavenge" contextid="106" timestamp="2024-11-12T08:49:50.265">
  <mem-info id="108" free="20302176" total="36372480" percent="55">
    <mem type="nursery" free="0" total="13107200" percent="0">
      <mem type="allocate" free="0" total="9764864" percent="0" />
      <mem type="survivor" free="0" total="3342336" percent="0" />
    </mem>
    <mem type="tenure" free="20302176" total="23265280" percent="87">
      <mem type="soa" free="19138912" total="22102016" percent="86" />
      <mem type="loa" free="1163264" total="1163264" percent="100" />
    </mem>
    <remembered-set count="1061" />
  </mem-info>
</gc-start>
<allocation-stats totalBytes="7614216" discardedBytes="22640" >
  <allocated-bytes non-tlh="8424" tlh="7605792" />
  <largest-consumer threadName="main" threadId="000000000001FF00" bytes="7614216" />
</allocation-stats>
<gc-op id="109" type="scavenge" timems="0.300" contextid="106" timestamp="2024-11-12T08:49:50.266">
  <scavenger-info tenureage="2" tenuremask="7ffc" tiltratio="74" />
  <memory-copied type="nursery" objects="8829" bytes="1846104" bytesdiscarded="173720" />
  <memory-copied type="tenure" objects="1195" bytes="44648" bytesdiscarded="48" />
  <finalization candidates="650" enqueued="648" />
  <object-monitors candidates="4" cleared="0"  />
</gc-op>
<gc-end id="110" type="scavenge" contextid="106" durationms="0.322" usertimems="1.629" systemtimems="0.239" stalltimems="1.599" timestamp="2024-11-12T08:49:50.266" activeThreads="11">
  <mem-info id="111" free="28192840" total="36372480" percent="77">
    <mem type="nursery" free="7939048" total="13107200" percent="60">
      <mem type="allocate" free="7939048" total="9961472" percent="79" />
      <mem type="survivor" free="0" total="3145728" percent="0" />
    </mem>
    <mem type="tenure" free="20253792" total="23265280" percent="87">
      <mem type="soa" free="19090528" total="22102016" percent="86" />
      <mem type="loa" free="1163264" total="1163264" percent="100" />
    </mem>
    <pending-finalizers system="648" default="0" reference="0" classloader="0" />
    <remembered-set count="630" />
  </mem-info>
</gc-end>
<cycle-end id="112" type="scavenge" contextid="106" timestamp="2024-11-12T08:49:50.266" />
<allocation-satisfied id="113" threadId="000000000001FF00" bytesRequested="8200" />
<af-end id="114" timestamp="2024-11-12T08:49:50.266" threadId="0000000000020898" success="true" from="nursery"/>
<exclusive-end id="115" timestamp="2024-11-12T08:49:50.266" durationms="0.363" />

<exclusive-start id="116" timestamp="2024-11-12T08:49:50.274" intervalms="8.847">
  <response-info timems="0.006" idlems="0.006" threads="0" lastid="000000000001FF00" lastname="main" />
</exclusive-start>
<af-start id="117" threadId="0000000000020898" totalBytesRequested="16768" timestamp="2024-11-12T08:49:50.274" intervalms="8.847" type="nursery" />
<cycle-start id="118" type="scavenge" contextid="0" timestamp="2024-11-12T08:49:50.274" intervalms="8.847" />
<gc-start id="119" type="scavenge" contextid="118" timestamp="2024-11-12T08:49:50.274">
  <mem-info id="120" free="20253264" total="36372480" percent="55">
    <mem type="nursery" free="0" total="13107200" percent="0">
      <mem type="allocate" free="0" total="9961472" percent="0" />
      <mem type="survivor" free="0" total="3145728" percent="0" />
    </mem>
    <mem type="tenure" free="20253264" total="23265280" percent="87">
      <mem type="soa" free="19090000" total="22102016" percent="86" />
      <mem type="loa" free="1163264" total="1163264" percent="100" />
    </mem>
    <remembered-set count="1109" />
  </mem-info>
</gc-start>
<allocation-stats totalBytes="7881904" discardedBytes="57672" >
  <allocated-bytes non-tlh="8728" tlh="7873176" />
  <largest-consumer threadName="main" threadId="000000000001FF00" bytes="7881904" />
</allocation-stats>
<gc-op id="121" type="scavenge" timems="0.317" contextid="118" timestamp="2024-11-12T08:49:50.275">
  <scavenger-info tenureage="2" tenuremask="7ffc" tiltratio="76" />
  <memory-copied type="nursery" objects="10085" bytes="2093328" bytesdiscarded="154672" />
  <memory-copied type="tenure" objects="1713" bytes="63688" bytesdiscarded="424" />
  <finalization candidates="770" enqueued="768" />
  <object-monitors candidates="4" cleared="0"  />
</gc-op>
<gc-end id="122" type="scavenge" contextid="118" durationms="0.339" usertimems="1.886" systemtimems="0.292" stalltimems="1.479" timestamp="2024-11-12T08:49:50.275" activeThreads="11">
  <mem-info id="123" free="27996936" total="36372480" percent="76">
    <mem type="nursery" free="7775928" total="13107200" percent="59">
      <mem type="allocate" free="7775928" total="10027008" percent="77" />
      <mem type="survivor" free="0" total="3080192" percent="0" />
    </mem>
    <mem type="tenure" free="20221008" total="23265280" percent="86">
      <mem type="soa" free="19057744" total="22102016" percent="86" />
      <mem type="loa" free="1163264" total="1163264" percent="100" />
    </mem>
    <pending-finalizers system="768" default="0" reference="0" classloader="0" />
    <remembered-set count="704" />
  </mem-info>
</gc-end>
<cycle-end id="124" type="scavenge" contextid="118" timestamp="2024-11-12T08:49:50.275" />
<allocation-satisfied id="125" threadId="000000000001FF00" bytesRequested="16768" />
<af-end id="126" timestamp="2024-11-12T08:49:50.275" threadId="0000000000020898" success="true" from="nursery"/>
<exclusive-end id="127" timestamp="2024-11-12T08:49:50.275" durationms="0.381" />

<exclusive-start id="128" timestamp="2024-11-12T08:49:50.295" intervalms="21.238">
  <response-info timems="0.008" idlems="0.008" threads="0" lastid="000000000001FF00" lastname="main" />
</exclusive-start>
<af-start id="129" threadId="0000000000020898" totalBytesRequested="208" timestamp="2024-11-12T08:49:50.295" intervalms="21.242" type="nursery" />
<cycle-start id="130" type="scavenge" contextid="0" timestamp="2024-11-12T08:49:50.296" intervalms="21.252" />
<gc-start id="131" type="scavenge" contextid="130" timestamp="2024-11-12T08:49:50.296">
  <mem-info id="132" free="20205032" total="36372480" percent="55">
    <mem type="nursery" free="0" total="13107200" percent="0">
      <mem type="allocate" free="0" total="10027008" percent="0" />
      <mem type="survivor" free="0" total="3080192" percent="0" />
    </mem>
    <mem type="tenure" free="20205032" total="23265280" percent="86">
      <mem type="soa" free="19041768" total="22102016" percent="86" />
      <mem type="loa" free="1163264" total="1163264" percent="100" />
    </mem>
    <remembered-set count="1788" />
  </mem-info>
</gc-start>
<allocation-stats totalBytes="7785416" discardedBytes="6488" >
  <allocated-bytes non-tlh="32744" tlh="7752672" />
  <largest-consumer threadName="main" threadId="000000000001FF00" bytes="7781320" />
</allocation-stats>
<gc-op id="133" type="scavenge" timems="0.658" contextid="130" timestamp="2024-11-12T08:49:50.296">
  <scavenger-info tenureage="2" tenuremask="7ffc" tiltratio="76" />
  <memory-copied type="nursery" objects="18052" bytes="1689032" bytesdiscarded="186952" />
  <memory-copied type="tenure" objects="1735" bytes="79360" bytesdiscarded="520" />
  <finalization candidates="473" enqueued="422" />
  <ownableSynchronizers candidates="127" cleared="73" />
  <references type="soft" candidates="23" cleared="0" enqueued="0" dynamicThreshold="32" maxThreshold="32" />
  <references type="weak" candidates="242" cleared="113" enqueued="89" />
  <references type="phantom" candidates="1" cleared="0" enqueued="0" />
  <object-monitors candidates="5" cleared="0"  />
</gc-op>
<gc-end id="134" type="scavenge" contextid="130" durationms="0.695" usertimems="5.127" systemtimems="0.000" stalltimems="3.644" timestamp="2024-11-12T08:49:50.296" activeThreads="11">
  <mem-info id="135" free="28372120" total="36372480" percent="78">
    <mem type="nursery" free="8278720" total="13107200" percent="63">
      <mem type="allocate" free="8278720" total="10158080" percent="81" />
      <mem type="survivor" free="0" total="2949120" percent="0" />
    </mem>
    <mem type="tenure" free="20093400" total="23265280" percent="86">
      <mem type="soa" free="18930136" total="22102016" percent="85" />
      <mem type="loa" free="1163264" total="1163264" percent="100" />
    </mem>
    <pending-finalizers system="422" default="0" reference="89" classloader="0" />
    <remembered-set count="987" />
  </mem-info>
</gc-end>
<cycle-end id="136" type="scavenge" contextid="130" timestamp="2024-11-12T08:49:50.296" />
<allocation-satisfied id="137" threadId="000000000001FF00" bytesRequested="208" />
<af-end id="138" timestamp="2024-11-12T08:49:50.296" threadId="0000000000020898" success="true" from="nursery"/>
<exclusive-end id="139" timestamp="2024-11-12T08:49:50.296" durationms="0.767" />

<exclusive-start id="140" timestamp="2024-11-12T08:49:50.356" intervalms="60.967">
  <response-info timems="0.010" idlems="0.010" threads="0" lastid="00000000004AC000" lastname="Equinox start level thread - Equinox Container: 8a78a790-e8cd-4" />
</exclusive-start>
<af-start id="141" threadId="00000000004AC998" totalBytesRequested="85784" timestamp="2024-11-12T08:49:50.356" intervalms="60.973" type="nursery" />
<cycle-start id="142" type="scavenge" contextid="0" timestamp="2024-11-12T08:49:50.356" intervalms="60.983" />
<gc-start id="143" type="scavenge" contextid="142" timestamp="2024-11-12T08:49:50.357">
  <mem-info id="144" free="19872448" total="36372480" percent="54">
    <mem type="nursery" free="0" total="13107200" percent="0">
      <mem type="allocate" free="0" total="10158080" percent="0" />
      <mem type="survivor" free="0" total="2949120" percent="0" />
    </mem>
    <mem type="tenure" free="19872448" total="23265280" percent="85">
      <mem type="soa" free="18709184" total="22102016" percent="84" />
      <mem type="loa" free="1163264" total="1163264" percent="100" />
    </mem>
    <remembered-set count="3383" />
  </mem-info>
</gc-start>
<allocation-stats totalBytes="8467232" discardedBytes="32440" >
  <allocated-bytes non-tlh="468864" tlh="7998368" />
  <largest-consumer threadName="main" threadId="000000000001FF00" bytes="4984976" />
</allocation-stats>
<gc-op id="145" type="scavenge" timems="0.680" contextid="142" timestamp="2024-11-12T08:49:50.357">
  <scavenger-info tenureage="2" tenuremask="7ffc" tiltratio="77" />
  <memory-copied type="nursery" objects="27357" bytes="1419080" bytesdiscarded="72216" />
  <memory-copied type="tenure" objects="1918" bytes="71304" bytesdiscarded="88" />
  <finalization candidates="68" enqueued="14" />
  <ownableSynchronizers candidates="66" cleared="1" />
  <references type="soft" candidates="106" cleared="0" enqueued="0" dynamicThreshold="32" maxThreshold="32" />
  <references type="weak" candidates="488" cleared="219" enqueued="203" />
  <references type="phantom" candidates="1" cleared="0" enqueued="0" />
  <object-monitors candidates="13" cleared="6"  />
</gc-op>
<gc-end id="146" type="scavenge" contextid="142" durationms="0.734" usertimems="3.910" systemtimems="0.365" stalltimems="2.783" timestamp="2024-11-12T08:49:50.357" activeThreads="10">
  <mem-info id="147" free="28535832" total="36372480" percent="78">
    <mem type="nursery" free="8858456" total="13107200" percent="67">
      <mem type="allocate" free="8858456" total="10354688" percent="85" />
      <mem type="survivor" free="0" total="2752512" percent="0" />
    </mem>
    <mem type="tenure" free="19677376" total="23265280" percent="84">
      <mem type="soa" free="18514112" total="22102016" percent="83" />
      <mem type="loa" free="1163264" total="1163264" percent="100" />
    </mem>
    <pending-finalizers system="14" default="0" reference="203" classloader="0" />
    <remembered-set count="2966" />
  </mem-info>
</gc-end>
<cycle-end id="148" type="scavenge" contextid="142" timestamp="2024-11-12T08:49:50.357" />
<allocation-satisfied id="149" threadId="00000000004AC000" bytesRequested="85784" />
<af-end id="150" timestamp="2024-11-12T08:49:50.357" threadId="00000000004AC998" success="true" from="nursery"/>
<exclusive-end id="151" timestamp="2024-11-12T08:49:50.357" durationms="0.850" />

<exclusive-start id="152" timestamp="2024-11-12T08:49:50.431" intervalms="74.759">
  <response-info timems="0.028" idlems="0.028" threads="0" lastid="000000000049D700" lastname="Equinox start level thread - Equinox Container: 8a78a790-e8cd-4" />
</exclusive-start>
<af-start id="153" threadId="000000000049E098" totalBytesRequested="40" timestamp="2024-11-12T08:49:50.431" intervalms="74.764" type="nursery" />
<cycle-start id="154" type="scavenge" contextid="0" timestamp="2024-11-12T08:49:50.431" intervalms="74.787" />
<gc-start id="155" type="scavenge" contextid="154" timestamp="2024-11-12T08:49:50.431">
  <mem-info id="156" free="19352536" total="36372480" percent="53">
    <mem type="nursery" free="0" total="13107200" percent="0">
      <mem type="allocate" free="0" total="10354688" percent="0" />
      <mem type="survivor" free="0" total="2752512" percent="0" />
    </mem>
    <mem type="tenure" free="19352536" total="23265280" percent="83">
      <mem type="soa" free="18189272" total="22102016" percent="82" />
      <mem type="loa" free="1163264" total="1163264" percent="100" />
    </mem>
    <remembered-set count="6840" />
  </mem-info>
</gc-start>
<allocation-stats totalBytes="9174248" discardedBytes="9048" >
  <allocated-bytes non-tlh="574496" tlh="8599752" />
  <largest-consumer threadName="Equinox start level thread - Equinox Container: 8a78a790-e8cd-44f9-a822-b21bc1688c60" threadId="0000000000499C00" bytes="5211584" />
</allocation-stats>
<gc-op id="157" type="scavenge" timems="0.941" contextid="154" timestamp="2024-11-12T08:49:50.432">
  <scavenger-info tenureage="2" tenuremask="7ffc" tiltratio="79" />
  <memory-copied type="nursery" objects="44601" bytes="2466576" bytesdiscarded="209648" />
  <memory-copied type="tenure" objects="12078" bytes="589952" bytesdiscarded="1136" />
  <finalization candidates="207" enqueued="138" />
  <ownableSynchronizers candidates="840" cleared="297" />
  <references type="soft" candidates="526" cleared="0" enqueued="0" dynamicThreshold="32" maxThreshold="32" />
  <references type="weak" candidates="1167" cleared="549" enqueued="515" />
  <object-monitors candidates="11" cleared="0"  />
</gc-op>
<gc-end id="158" type="scavenge" contextid="154" durationms="1.056" usertimems="8.390" systemtimems="0.000" stalltimems="1.442" timestamp="2024-11-12T08:49:50.432" activeThreads="10">
  <mem-info id="159" free="24745600" total="36372480" percent="68">
    <mem type="nursery" free="6492840" total="13107200" percent="49">
      <mem type="allocate" free="6492840" total="9175040" percent="70" />
      <mem type="survivor" free="0" total="3932160" percent="0" />
    </mem>
    <mem type="tenure" free="18252760" total="23265280" percent="78">
      <mem type="soa" free="17089496" total="22102016" percent="77" />
      <mem type="loa" free="1163264" total="1163264" percent="100" />
    </mem>
    <pending-finalizers system="138" default="0" reference="515" classloader="0" />
    <remembered-set count="6501" />
  </mem-info>
</gc-end>
<cycle-end id="160" type="scavenge" contextid="154" timestamp="2024-11-12T08:49:50.432" />
<allocation-satisfied id="161" threadId="000000000049D700" bytesRequested="40" />
<af-end id="162" timestamp="2024-11-12T08:49:50.432" threadId="000000000049E098" success="true" from="nursery"/>
<exclusive-end id="163" timestamp="2024-11-12T08:49:50.432" durationms="1.226" />

<exclusive-start id="164" timestamp="2024-11-12T08:49:50.449" intervalms="17.749">
  <response-info timems="0.009" idlems="0.009" threads="0" lastid="000000000075E800" lastname="Default Executor-thread-1" />
</exclusive-start>
<af-start id="165" threadId="000000000075F198" totalBytesRequested="8200" timestamp="2024-11-12T08:49:50.449" intervalms="17.738" type="nursery" />
<cycle-start id="166" type="scavenge" contextid="0" timestamp="2024-11-12T08:49:50.449" intervalms="17.711" />
<gc-start id="167" type="scavenge" contextid="166" timestamp="2024-11-12T08:49:50.449">
  <mem-info id="168" free="18216904" total="36372480" percent="50">
    <mem type="nursery" free="0" total="13107200" percent="0">
      <mem type="allocate" free="0" total="9175040" percent="0" />
      <mem type="survivor" free="0" total="3932160" percent="0" />
    </mem>
    <mem type="tenure" free="18216904" total="23265280" percent="78">
      <mem type="soa" free="17053640" total="22102016" percent="77" />
      <mem type="loa" free="1163264" total="1163264" percent="100" />
    </mem>
    <remembered-set count="6950" />
  </mem-info>
</gc-start>
<allocation-stats totalBytes="6494232" discardedBytes="34464" >
  <allocated-bytes non-tlh="35896" tlh="6458336" />
  <largest-consumer threadName="Default Executor-thread-1" threadId="000000000075E800" bytes="5524112" />
</allocation-stats>
<gc-op id="169" type="scavenge" timems="1.006" contextid="166" timestamp="2024-11-12T08:49:50.450">
  <scavenger-info tenureage="2" tenuremask="7ffc" tiltratio="70" />
  <memory-copied type="nursery" objects="46067" bytes="2493824" bytesdiscarded="443648" />
  <memory-copied type="tenure" objects="14427" bytes="579304" bytesdiscarded="368" />
  <finalization candidates="143" enqueued="127" />
  <ownableSynchronizers candidates="589" cleared="34" />
  <references type="soft" candidates="557" cleared="0" enqueued="0" dynamicThreshold="32" maxThreshold="32" />
  <references type="weak" candidates="705" cleared="158" enqueued="156" />
  <object-monitors candidates="13" cleared="1"  />
</gc-op>
<gc-end id="170" type="scavenge" contextid="166" durationms="1.046" usertimems="8.874" systemtimems="0.619" stalltimems="5.793" timestamp="2024-11-12T08:49:50.450" activeThreads="14">
  <mem-info id="171" free="24413400" total="36372480" percent="67">
    <mem type="nursery" free="6953816" total="13107200" percent="53">
      <mem type="allocate" free="6953816" total="9895936" percent="70" />
      <mem type="survivor" free="0" total="3211264" percent="0" />
    </mem>
    <mem type="tenure" free="17459584" total="23265280" percent="75">
      <mem type="soa" free="16296320" total="22102016" percent="73" />
      <mem type="loa" free="1163264" total="1163264" percent="100" />
    </mem>
    <pending-finalizers system="127" default="0" reference="156" classloader="0" />
    <remembered-set count="4581" />
  </mem-info>
</gc-end>
<cycle-end id="172" type="scavenge" contextid="166" timestamp="2024-11-12T08:49:50.450" />
<allocation-satisfied id="173" threadId="000000000075E800" bytesRequested="8200" />
<af-end id="174" timestamp="2024-11-12T08:49:50.450" threadId="000000000075F198" success="true" from="nursery"/>
<exclusive-end id="175" timestamp="2024-11-12T08:49:50.450" durationms="1.136" />

<exclusive-start id="176" timestamp="2024-11-12T08:49:50.455" intervalms="5.631">
  <response-info timems="0.008" idlems="0.008" threads="0" lastid="000000000075E800" lastname="Default Executor-thread-1" />
</exclusive-start>
<af-start id="177" threadId="000000000075F198" totalBytesRequested="16" timestamp="2024-11-12T08:49:50.455" intervalms="5.627" type="nursery" />
<cycle-start id="178" type="scavenge" contextid="0" timestamp="2024-11-12T08:49:50.455" intervalms="5.617" />
<gc-start id="179" type="scavenge" contextid="178" timestamp="2024-11-12T08:49:50.455">
  <mem-info id="180" free="17459528" total="36372480" percent="48">
    <mem type="nursery" free="0" total="13107200" percent="0">
      <mem type="allocate" free="0" total="9895936" percent="0" />
      <mem type="survivor" free="0" total="3211264" percent="0" />
    </mem>
    <mem type="tenure" free="17459528" total="23265280" percent="75">
      <mem type="soa" free="16296264" total="22102016" percent="73" />
      <mem type="loa" free="1163264" total="1163264" percent="100" />
    </mem>
    <remembered-set count="4583" />
  </mem-info>
</gc-start>
<allocation-stats totalBytes="6945104" discardedBytes="8768" >
  <allocated-bytes non-tlh="8256" tlh="6936848" />
  <largest-consumer threadName="Default Executor-thread-1" threadId="000000000075E800" bytes="6936912" />
</allocation-stats>
<gc-op id="181" type="scavenge" timems="0.958" contextid="178" timestamp="2024-11-12T08:49:50.456">
  <scavenger-info tenureage="2" tenuremask="7ffc" tiltratio="75" />
  <memory-copied type="nursery" objects="31928" bytes="1438048" bytesdiscarded="157736" />
  <memory-copied type="tenure" objects="27955" bytes="1676944" bytesdiscarded="1240" />
  <finalization candidates="148" enqueued="134" />
  <ownableSynchronizers candidates="544" cleared="0" />
  <references type="soft" candidates="112" cleared="0" enqueued="0" dynamicThreshold="32" maxThreshold="32" />
  <references type="weak" candidates="69" cleared="0" enqueued="0" />
  <object-monitors candidates="12" cleared="0"  />
</gc-op>
<heap-resize id="182" type="expand" space="nursery" amount="1310720" count="1" timems="0.010" reason="excessive time being spent scavenging" timestamp="2024-11-12T08:49:50.456" />
<gc-end id="183" type="scavenge" contextid="178" durationms="1.001" usertimems="8.154" systemtimems="0.562" stalltimems="5.854" timestamp="2024-11-12T08:49:50.456" activeThreads="15">
  <mem-info id="184" free="25581408" total="37683200" percent="67">
    <mem type="nursery" free="9281736" total="14417920" percent="64">
      <mem type="allocate" free="9281736" total="10878976" percent="85" />
      <mem type="survivor" free="0" total="3538944" percent="0" />
    </mem>
    <mem type="tenure" free="16299672" total="23265280" percent="70">
      <mem type="soa" free="15136408" total="22102016" percent="68" />
      <mem type="loa" free="1163264" total="1163264" percent="100" />
    </mem>
    <pending-finalizers system="134" default="0" reference="0" classloader="0" />
    <remembered-set count="697" />
  </mem-info>
</gc-end>
<cycle-end id="185" type="scavenge" contextid="178" timestamp="2024-11-12T08:49:50.456" />
<allocation-satisfied id="186" threadId="000000000075E800" bytesRequested="16" />
<af-end id="187" timestamp="2024-11-12T08:49:50.456" threadId="000000000075F198" success="true" from="nursery"/>
<exclusive-end id="188" timestamp="2024-11-12T08:49:50.456" durationms="1.052" />

<exclusive-start id="189" timestamp="2024-11-12T08:49:50.462" intervalms="7.298">
  <response-info timems="0.007" idlems="0.007" threads="0" lastid="000000000075E800" lastname="Default Executor-thread-1" />
</exclusive-start>
<af-start id="190" threadId="000000000075F198" totalBytesRequested="8200" timestamp="2024-11-12T08:49:50.462" intervalms="7.298" type="nursery" />
<cycle-start id="191" type="scavenge" contextid="0" timestamp="2024-11-12T08:49:50.462" intervalms="7.297" />
<gc-start id="192" type="scavenge" contextid="191" timestamp="2024-11-12T08:49:50.462">
  <mem-info id="193" free="16299672" total="37683200" percent="43">
    <mem type="nursery" free="0" total="14417920" percent="0">
      <mem type="allocate" free="0" total="10878976" percent="0" />
      <mem type="survivor" free="0" total="3538944" percent="0" />
    </mem>
    <mem type="tenure" free="16299672" total="23265280" percent="70">
      <mem type="soa" free="15136408" total="22102016" percent="68" />
      <mem type="loa" free="1163264" total="1163264" percent="100" />
    </mem>
    <remembered-set count="697" />
  </mem-info>
</gc-start>
<allocation-stats totalBytes="9265824" discardedBytes="15912" >
  <allocated-bytes non-tlh="16408" tlh="9249416" />
  <largest-consumer threadName="Default Executor-thread-1" threadId="000000000075E800" bytes="9265824" />
</allocation-stats>
<gc-op id="194" type="scavenge" timems="0.623" contextid="191" timestamp="2024-11-12T08:49:50.463">
  <scavenger-info tenureage="2" tenuremask="7ffc" tiltratio="75" />
  <memory-copied type="nursery" objects="33846" bytes="1496192" bytesdiscarded="218560" />
  <memory-copied type="tenure" objects="17209" bytes="767784" bytesdiscarded="408" />
  <finalization candidates="181" enqueued="180" />
  <ownableSynchronizers candidates="66" cleared="0" />
  <object-monitors candidates="12" cleared="0"  />
</gc-op>
<heap-resize id="195" type="expand" space="nursery" amount="655360" count="1" timems="0.007" reason="excessive time being spent scavenging" timestamp="2024-11-12T08:49:50.463" />
<gc-end id="196" type="scavenge" contextid="191" durationms="0.662" usertimems="5.711" systemtimems="0.419" stalltimems="4.136" timestamp="2024-11-12T08:49:50.463" activeThreads="16">
  <mem-info id="197" free="25816272" total="38338560" percent="67">
    <mem type="nursery" free="10276888" total="15073280" percent="68">
      <mem type="allocate" free="10276888" total="11993088" percent="85" />
      <mem type="survivor" free="0" total="3080192" percent="0" />
    </mem>
    <mem type="tenure" free="15539384" total="23265280" percent="66">
      <mem type="soa" free="14376120" total="22102016" percent="65" />
      <mem type="loa" free="1163264" total="1163264" percent="100" />
    </mem>
    <pending-finalizers system="180" default="0" reference="0" classloader="0" />
    <remembered-set count="270" />
  </mem-info>
</gc-end>
<cycle-end id="198" type="scavenge" contextid="191" timestamp="2024-11-12T08:49:50.463" />
<allocation-satisfied id="199" threadId="000000000075E800" bytesRequested="8200" />
<af-end id="200" timestamp="2024-11-12T08:49:50.463" threadId="000000000075F198" success="true" from="nursery"/>
<exclusive-end id="201" timestamp="2024-11-12T08:49:50.463" durationms="0.712" />

<exclusive-start id="202" timestamp="2024-11-12T08:49:50.469" intervalms="7.397">
  <response-info timems="0.008" idlems="0.008" threads="0" lastid="000000000075E800" lastname="Default Executor-thread-1" />
</exclusive-start>
<af-start id="203" threadId="000000000075F198" totalBytesRequested="504" timestamp="2024-11-12T08:49:50.469" intervalms="7.397" type="nursery" />
<cycle-start id="204" type="scavenge" contextid="0" timestamp="2024-11-12T08:49:50.469" intervalms="7.395" />
<gc-start id="205" type="scavenge" contextid="204" timestamp="2024-11-12T08:49:50.469">
  <mem-info id="206" free="15539384" total="38338560" percent="40">
    <mem type="nursery" free="0" total="15073280" percent="0">
      <mem type="allocate" free="0" total="11993088" percent="0" />
      <mem type="survivor" free="0" total="3080192" percent="0" />
    </mem>
    <mem type="tenure" free="15539384" total="23265280" percent="66">
      <mem type="soa" free="14376120" total="22102016" percent="65" />
      <mem type="loa" free="1163264" total="1163264" percent="100" />
    </mem>
    <remembered-set count="314" />
  </mem-info>
</gc-start>
<allocation-stats totalBytes="10267776" discardedBytes="9112" >
  <allocated-bytes non-tlh="8200" tlh="10259576" />
  <largest-consumer threadName="Default Executor-thread-1" threadId="000000000075E800" bytes="10267776" />
</allocation-stats>
<gc-op id="207" type="scavenge" timems="0.796" contextid="204" timestamp="2024-11-12T08:49:50.470">
  <scavenger-info tenureage="2" tenuremask="7ffc" tiltratio="79" />
  <memory-copied type="nursery" objects="41312" bytes="1821952" bytesdiscarded="342192" />
  <memory-copied type="tenure" objects="14159" bytes="624928" bytesdiscarded="1384" />
  <finalization candidates="205" enqueued="204" />
  <object-monitors candidates="12" cleared="0"  />
</gc-op>
<heap-resize id="208" type="expand" space="nursery" amount="786432" count="1" timems="0.005" reason="excessive time being spent scavenging" timestamp="2024-11-12T08:49:50.470" />
<gc-end id="209" type="scavenge" contextid="204" durationms="0.832" usertimems="7.853" systemtimems="0.610" stalltimems="6.768" timestamp="2024-11-12T08:49:50.470" activeThreads="16">
  <mem-info id="210" free="25597888" total="39124992" percent="65">
    <mem type="nursery" free="10613736" total="15859712" percent="66">
      <mem type="allocate" free="10613736" total="12779520" percent="83" />
      <mem type="survivor" free="0" total="3080192" percent="0" />
    </mem>
    <mem type="tenure" free="14984152" total="23265280" percent="64">
      <mem type="soa" free="13820888" total="22102016" percent="62" />
      <mem type="loa" free="1163264" total="1163264" percent="100" />
    </mem>
    <pending-finalizers system="204" default="0" reference="0" classloader="0" />
    <remembered-set count="390" />
  </mem-info>
</gc-end>
<cycle-end id="211" type="scavenge" contextid="204" timestamp="2024-11-12T08:49:50.470" />
<allocation-satisfied id="212" threadId="000000000075E800" bytesRequested="504" />
<af-end id="213" timestamp="2024-11-12T08:49:50.470" threadId="000000000075F198" success="true" from="nursery"/>
<exclusive-end id="214" timestamp="2024-11-12T08:49:50.470" durationms="0.879" />

<exclusive-start id="215" timestamp="2024-11-12T08:49:50.477" intervalms="7.949">
  <response-info timems="0.007" idlems="0.007" threads="0" lastid="000000000075E800" lastname="Default Executor-thread-1" />
</exclusive-start>
<af-start id="216" threadId="000000000075F198" totalBytesRequested="16392" timestamp="2024-11-12T08:49:50.477" intervalms="7.949" type="nursery" />
<cycle-start id="217" type="scavenge" contextid="0" timestamp="2024-11-12T08:49:50.477" intervalms="7.949" />
<gc-start id="218" type="scavenge" contextid="217" timestamp="2024-11-12T08:49:50.477">
  <mem-info id="219" free="14984152" total="39124992" percent="38">
    <mem type="nursery" free="0" total="15859712" percent="0">
      <mem type="allocate" free="0" total="12779520" percent="0" />
      <mem type="survivor" free="0" total="3080192" percent="0" />
    </mem>
    <mem type="tenure" free="14984152" total="23265280" percent="64">
      <mem type="soa" free="13820888" total="22102016" percent="62" />
      <mem type="loa" free="1163264" total="1163264" percent="100" />
    </mem>
    <remembered-set count="498" />
  </mem-info>
</gc-start>
<allocation-stats totalBytes="10589176" discardedBytes="24560" >
  <allocated-bytes non-tlh="504" tlh="10588672" />
  <largest-consumer threadName="Default Executor-thread-1" threadId="000000000075E800" bytes="10589176" />
</allocation-stats>
<gc-op id="220" type="scavenge" timems="0.849" contextid="217" timestamp="2024-11-12T08:49:50.478">
  <scavenger-info tenureage="2" tenuremask="7ffc" tiltratio="80" />
  <memory-copied type="nursery" objects="44734" bytes="1927536" bytesdiscarded="343528" />
  <memory-copied type="tenure" objects="18954" bytes="844400" bytesdiscarded="2576" />
  <finalization candidates="212" enqueued="211" />
  <object-monitors candidates="12" cleared="0"  />
</gc-op>
<heap-resize id="221" type="expand" space="nursery" amount="786432" count="1" timems="0.007" reason="excessive time being spent scavenging" timestamp="2024-11-12T08:49:50.478" />
<gc-end id="222" type="scavenge" contextid="217" durationms="0.883" usertimems="6.519" systemtimems="0.534" stalltimems="5.893" timestamp="2024-11-12T08:49:50.478" activeThreads="15">
  <mem-info id="223" free="25310904" total="39911424" percent="63">
    <mem type="nursery" free="11358728" total="16646144" percent="68">
      <mem type="allocate" free="11358728" total="13631488" percent="83" />
      <mem type="survivor" free="0" total="3014656" percent="0" />
    </mem>
    <mem type="tenure" free="13952176" total="23265280" percent="59">
      <mem type="soa" free="12788912" total="22102016" percent="57" />
      <mem type="loa" free="1163264" total="1163264" percent="100" />
    </mem>
    <pending-finalizers system="211" default="0" reference="0" classloader="0" />
    <remembered-set count="401" />
  </mem-info>
</gc-end>
<cycle-end id="224" type="scavenge" contextid="217" timestamp="2024-11-12T08:49:50.478" />
<allocation-satisfied id="225" threadId="000000000075E800" bytesRequested="16392" />
<af-end id="226" timestamp="2024-11-12T08:49:50.478" threadId="000000000075F198" success="true" from="nursery"/>
<exclusive-end id="227" timestamp="2024-11-12T08:49:50.478" durationms="0.941" />

<exclusive-start id="228" timestamp="2024-11-12T08:49:50.486" intervalms="8.279">
  <response-info timems="0.008" idlems="0.008" threads="0" lastid="000000000075E800" lastname="Default Executor-thread-1" />
</exclusive-start>
<af-start id="229" threadId="000000000075F198" totalBytesRequested="8200" timestamp="2024-11-12T08:49:50.486" intervalms="8.279" type="nursery" />
<cycle-start id="230" type="scavenge" contextid="0" timestamp="2024-11-12T08:49:50.486" intervalms="8.279" />
<gc-start id="231" type="scavenge" contextid="230" timestamp="2024-11-12T08:49:50.486">
  <mem-info id="232" free="13952176" total="39911424" percent="34">
    <mem type="nursery" free="0" total="16646144" percent="0">
      <mem type="allocate" free="0" total="13631488" percent="0" />
      <mem type="survivor" free="0" total="3014656" percent="0" />
    </mem>
    <mem type="tenure" free="13952176" total="23265280" percent="59">
      <mem type="soa" free="12788912" total="22102016" percent="57" />
      <mem type="loa" free="1163264" total="1163264" percent="100" />
    </mem>
    <remembered-set count="495" />
  </mem-info>
</gc-start>
<allocation-stats totalBytes="11339872" discardedBytes="18856" >
  <allocated-bytes non-tlh="16392" tlh="11323480" />
  <largest-consumer threadName="Default Executor-thread-1" threadId="000000000075E800" bytes="11339872" />
</allocation-stats>
<gc-op id="233" type="scavenge" timems="0.857" contextid="230" timestamp="2024-11-12T08:49:50.486">
  <scavenger-info tenureage="2" tenuremask="7ffc" tiltratio="81" />
  <memory-copied type="nursery" objects="46805" bytes="2022584" bytesdiscarded="315032" />
  <memory-copied type="tenure" objects="21519" bytes="923080" bytesdiscarded="4440" />
  <finalization candidates="224" enqueued="223" />
  <object-monitors candidates="12" cleared="0"  />
</gc-op>
<heap-resize id="234" type="expand" space="nursery" amount="786432" count="1" timems="0.007" reason="excessive time being spent scavenging" timestamp="2024-11-12T08:49:50.486" />
<gc-end id="235" type="scavenge" contextid="230" durationms="0.893" usertimems="8.625" systemtimems="0.741" stalltimems="5.591" timestamp="2024-11-12T08:49:50.486" activeThreads="15">
  <mem-info id="236" free="25366952" total="40697856" percent="62">
    <mem type="nursery" free="12209584" total="17432576" percent="70">
      <mem type="allocate" free="12209584" total="14548992" percent="83" />
      <mem type="survivor" free="0" total="2883584" percent="0" />
    </mem>
    <mem type="tenure" free="13157368" total="23265280" percent="56">
      <mem type="soa" free="11994104" total="22102016" percent="54" />
      <mem type="loa" free="1163264" total="1163264" percent="100" />
    </mem>
    <pending-finalizers system="223" default="0" reference="0" classloader="0" />
    <remembered-set count="474" />
  </mem-info>
</gc-end>
<cycle-end id="237" type="scavenge" contextid="230" timestamp="2024-11-12T08:49:50.486" />
<allocation-satisfied id="238" threadId="000000000075E800" bytesRequested="8200" />
<af-end id="239" timestamp="2024-11-12T08:49:50.486" threadId="000000000075F198" success="true" from="nursery"/>
<exclusive-end id="240" timestamp="2024-11-12T08:49:50.486" durationms="0.942" />

<exclusive-start id="241" timestamp="2024-11-12T08:49:50.496" intervalms="10.567">
  <response-info timems="0.010" idlems="0.010" threads="0" lastid="000000000075E800" lastname="Default Executor-thread-1" />
</exclusive-start>
<af-start id="242" threadId="000000000075F198" totalBytesRequested="80" timestamp="2024-11-12T08:49:50.496" intervalms="10.569" type="nursery" />
<cycle-start id="243" type="scavenge" contextid="0" timestamp="2024-11-12T08:49:50.496" intervalms="10.572" />
<gc-start id="244" type="scavenge" contextid="243" timestamp="2024-11-12T08:49:50.496">
  <mem-info id="245" free="13122336" total="40697856" percent="32">
    <mem type="nursery" free="0" total="17432576" percent="0">
      <mem type="allocate" free="0" total="14548992" percent="0" />
      <mem type="survivor" free="0" total="2883584" percent="0" />
    </mem>
    <mem type="tenure" free="13122336" total="23265280" percent="56">
      <mem type="soa" free="11959072" total="22102016" percent="54" />
      <mem type="loa" free="1163264" total="1163264" percent="100" />
    </mem>
    <remembered-set count="877" />
  </mem-info>
</gc-start>
<allocation-stats totalBytes="12234616" discardedBytes="10000" >
  <allocated-bytes non-tlh="43232" tlh="12191384" />
  <largest-consumer threadName="Default Executor-thread-1" threadId="000000000075E800" bytes="12234616" />
</allocation-stats>
<gc-op id="246" type="scavenge" timems="0.973" contextid="243" timestamp="2024-11-12T08:49:50.497">
  <scavenger-info tenureage="2" tenuremask="7ffc" tiltratio="83" />
  <memory-copied type="nursery" objects="52413" bytes="2258904" bytesdiscarded="247040" />
  <memory-copied type="tenure" objects="22359" bytes="976256" bytesdiscarded="3312" />
  <finalization candidates="227" enqueued="227" />
  <references type="soft" candidates="6" cleared="0" enqueued="0" dynamicThreshold="32" maxThreshold="32" />
  <references type="weak" candidates="30" cleared="16" enqueued="16" />
  <object-monitors candidates="12" cleared="0"  />
</gc-op>
<heap-resize id="247" type="expand" space="nursery" amount="786432" count="1" timems="0.007" reason="excessive time being spent scavenging" timestamp="2024-11-12T08:49:50.497" />
<gc-end id="248" type="scavenge" contextid="243" durationms="1.012" usertimems="7.934" systemtimems="0.707" stalltimems="7.276" timestamp="2024-11-12T08:49:50.497" activeThreads="16">
  <mem-info id="249" free="24852176" total="41484288" percent="59">
    <mem type="nursery" free="12630992" total="18219008" percent="69">
      <mem type="allocate" free="12630992" total="15138816" percent="83" />
      <mem type="survivor" free="0" total="3080192" percent="0" />
    </mem>
    <mem type="tenure" free="12221184" total="23265280" percent="52">
      <mem type="soa" free="11057920" total="22102016" percent="50" />
      <mem type="loa" free="1163264" total="1163264" percent="100" />
    </mem>
    <pending-finalizers system="227" default="0" reference="16" classloader="0" />
    <remembered-set count="826" />
  </mem-info>
</gc-end>
<cycle-end id="250" type="scavenge" contextid="243" timestamp="2024-11-12T08:49:50.497" />
<allocation-satisfied id="251" threadId="000000000075E800" bytesRequested="80" />
<af-end id="252" timestamp="2024-11-12T08:49:50.497" threadId="000000000075F198" success="true" from="nursery"/>
<exclusive-end id="253" timestamp="2024-11-12T08:49:50.497" durationms="1.067" />

<exclusive-start id="254" timestamp="2024-11-12T08:49:50.509" intervalms="13.295">
  <response-info timems="0.009" idlems="0.009" threads="0" lastid="000000000075E800" lastname="Default Executor-thread-1" />
</exclusive-start>
<af-start id="255" threadId="000000000075F198" totalBytesRequested="208" timestamp="2024-11-12T08:49:50.509" intervalms="13.295" type="nursery" />
<cycle-start id="256" type="scavenge" contextid="0" timestamp="2024-11-12T08:49:50.509" intervalms="13.294" />
<gc-start id="257" type="scavenge" contextid="256" timestamp="2024-11-12T08:49:50.509">
  <mem-info id="258" free="12217000" total="41484288" percent="29">
    <mem type="nursery" free="0" total="18219008" percent="0">
      <mem type="allocate" free="0" total="15138816" percent="0" />
      <mem type="survivor" free="0" total="3080192" percent="0" />
    </mem>
    <mem type="tenure" free="12217000" total="23265280" percent="52">
      <mem type="soa" free="11053736" total="22102016" percent="50" />
      <mem type="loa" free="1163264" total="1163264" percent="100" />
    </mem>
    <remembered-set count="1090" />
  </mem-info>
</gc-start>
<allocation-stats totalBytes="12631280" discardedBytes="3896" >
  <allocated-bytes non-tlh="4264" tlh="12627016" />
  <largest-consumer threadName="Default Executor-thread-1" threadId="000000000075E800" bytes="12631280" />
</allocation-stats>
<gc-op id="259" type="scavenge" timems="0.901" contextid="256" timestamp="2024-11-12T08:49:50.510">
  <scavenger-info tenureage="2" tenuremask="7ffc" tiltratio="83" />
  <memory-copied type="nursery" objects="40535" bytes="1602760" bytesdiscarded="402344" />
  <memory-copied type="tenure" objects="23544" bytes="1025408" bytesdiscarded="2752" />
  <finalization candidates="1" enqueued="1" />
  <references type="soft" candidates="6" cleared="0" enqueued="0" dynamicThreshold="32" maxThreshold="32" />
  <references type="weak" candidates="32" cleared="9" enqueued="9" />
  <object-monitors candidates="12" cleared="0"  />
</gc-op>
<gc-end id="260" type="scavenge" contextid="256" durationms="0.931" usertimems="6.610" systemtimems="0.607" stalltimems="7.625" timestamp="2024-11-12T08:49:50.510" activeThreads="16">
  <mem-info id="261" free="24292488" total="41484288" percent="58">
    <mem type="nursery" free="13264688" total="18219008" percent="72">
      <mem type="allocate" free="13264688" total="15269888" percent="86" />
      <mem type="survivor" free="0" total="2949120" percent="0" />
    </mem>
    <mem type="tenure" free="11027800" total="23265280" percent="47">
      <mem type="soa" free="9864536" total="22102016" percent="44" />
      <mem type="loa" free="1163264" total="1163264" percent="100" />
    </mem>
    <pending-finalizers system="1" default="0" reference="9" classloader="0" />
    <remembered-set count="1003" />
  </mem-info>
</gc-end>
<cycle-end id="262" type="scavenge" contextid="256" timestamp="2024-11-12T08:49:50.510" />
<allocation-satisfied id="263" threadId="000000000075E800" bytesRequested="208" />
<af-end id="264" timestamp="2024-11-12T08:49:50.510" threadId="000000000075F198" success="true" from="nursery"/>
<exclusive-end id="265" timestamp="2024-11-12T08:49:50.510" durationms="0.982" />

<exclusive-start id="266" timestamp="2024-11-12T08:49:50.538" intervalms="28.879">
  <response-info timems="0.013" idlems="0.013" threads="0" lastid="000000000075E800" lastname="Default Executor-thread-1" />
</exclusive-start>
<af-start id="267" threadId="000000000075F198" totalBytesRequested="120" timestamp="2024-11-12T08:49:50.538" intervalms="28.884" type="nursery" />
<cycle-start id="268" type="scavenge" contextid="0" timestamp="2024-11-12T08:49:50.538" intervalms="28.900" />
<gc-start id="269" type="scavenge" contextid="268" timestamp="2024-11-12T08:49:50.538">
  <mem-info id="270" free="11020576" total="41484288" percent="26">
    <mem type="nursery" free="0" total="18219008" percent="0">
      <mem type="allocate" free="0" total="15269888" percent="0" />
      <mem type="survivor" free="0" total="2949120" percent="0" />
    </mem>
    <mem type="tenure" free="11020576" total="23265280" percent="47">
      <mem type="soa" free="9857312" total="22102016" percent="44" />
      <mem type="loa" free="1163264" total="1163264" percent="100" />
    </mem>
    <remembered-set count="1388" />
  </mem-info>
</gc-start>
<allocation-stats totalBytes="13264480" discardedBytes="7432" >
  <allocated-bytes non-tlh="7432" tlh="13257048" />
  <largest-consumer threadName="Default Executor-thread-1" threadId="000000000075E800" bytes="13223552" />
</allocation-stats>
<gc-op id="271" type="scavenge" timems="1.185" contextid="268" timestamp="2024-11-12T08:49:50.540">
  <scavenger-info tenureage="2" tenuremask="7ffc" tiltratio="83" />
  <memory-copied type="nursery" objects="45933" bytes="2506152" bytesdiscarded="387296" />
  <memory-copied type="tenure" objects="26353" bytes="1125376" bytesdiscarded="1512" />
  <finalization candidates="608" enqueued="572" />
  <ownableSynchronizers candidates="87" cleared="51" />
  <references type="soft" candidates="3" cleared="0" enqueued="0" dynamicThreshold="32" maxThreshold="32" />
  <references type="weak" candidates="53" cleared="30" enqueued="30" />
  <references type="phantom" candidates="1" cleared="0" enqueued="0" />
  <object-monitors candidates="12" cleared="0"  />
</gc-op>
<gc-end id="272" type="scavenge" contextid="268" durationms="1.235" usertimems="9.137" systemtimems="0.830" stalltimems="7.998" timestamp="2024-11-12T08:49:50.540" activeThreads="15">
  <mem-info id="273" free="21410768" total="41484288" percent="51">
    <mem type="nursery" free="11455824" total="18219008" percent="62">
      <mem type="allocate" free="11455824" total="14352384" percent="79" />
      <mem type="survivor" free="0" total="3866624" percent="0" />
    </mem>
    <mem type="tenure" free="9954944" total="23265280" percent="42">
      <mem type="soa" free="8791680" total="22102016" percent="39" />
      <mem type="loa" free="1163264" total="1163264" percent="100" />
    </mem>
    <pending-finalizers system="572" default="0" reference="30" classloader="0" />
    <remembered-set count="1399" />
  </mem-info>
</gc-end>
<cycle-end id="274" type="scavenge" contextid="268" timestamp="2024-11-12T08:49:50.540" />
<allocation-satisfied id="275" threadId="000000000075E800" bytesRequested="120" />
<af-end id="276" timestamp="2024-11-12T08:49:50.540" threadId="000000000075F198" success="true" from="nursery"/>
<exclusive-end id="277" timestamp="2024-11-12T08:49:50.540" durationms="1.333" />

<exclusive-start id="278" timestamp="2024-11-12T08:49:50.599" intervalms="60.349">
  <response-info timems="0.010" idlems="0.010" threads="0" lastid="000000000075E800" lastname="Default Executor-thread-1" />
</exclusive-start>
<af-start id="279" threadId="000000000075F198" totalBytesRequested="24" timestamp="2024-11-12T08:49:50.599" intervalms="60.347" type="nursery" />
<cycle-start id="280" type="scavenge" contextid="0" timestamp="2024-11-12T08:49:50.599" intervalms="60.346" />
<gc-start id="281" type="scavenge" contextid="280" timestamp="2024-11-12T08:49:50.599">
  <mem-info id="282" free="9954472" total="41484288" percent="23">
    <mem type="nursery" free="0" total="18219008" percent="0">
      <mem type="allocate" free="0" total="14352384" percent="0" />
      <mem type="survivor" free="0" total="3866624" percent="0" />
    </mem>
    <mem type="tenure" free="9954472" total="23265280" percent="42">
      <mem type="soa" free="8791208" total="22102016" percent="39" />
      <mem type="loa" free="1163264" total="1163264" percent="100" />
    </mem>
    <remembered-set count="1812" />
  </mem-info>
</gc-start>
<allocation-stats totalBytes="11450640" discardedBytes="5656" >
  <allocated-bytes non-tlh="592" tlh="11450048" />
  <largest-consumer threadName="Default Executor-thread-1" threadId="000000000075E800" bytes="11348264" />
</allocation-stats>
<gc-op id="283" type="scavenge" timems="1.123" contextid="280" timestamp="2024-11-12T08:49:50.600">
  <scavenger-info tenureage="2" tenuremask="7ffc" tiltratio="78" />
  <memory-copied type="nursery" objects="54940" bytes="3260720" bytesdiscarded="254520" />
  <memory-copied type="tenure" objects="13531" bytes="432944" bytesdiscarded="400" />
  <finalization candidates="336" enqueued="200" />
  <ownableSynchronizers candidates="289" cleared="153" />
  <references type="soft" candidates="3" cleared="0" enqueued="0" dynamicThreshold="32" maxThreshold="32" />
  <references type="weak" candidates="13" cleared="0" enqueued="0" />
  <references type="phantom" candidates="1" cleared="0" enqueued="0" />
  <object-monitors candidates="12" cleared="0"  />
</gc-op>
<gc-end id="284" type="scavenge" contextid="280" durationms="1.159" usertimems="0.000" systemtimems="9.053" stalltimems="8.333" timestamp="2024-11-12T08:49:50.600" activeThreads="15">
  <mem-info id="285" free="19647392" total="41484288" percent="47">
    <mem type="nursery" free="10047736" total="18219008" percent="55">
      <mem type="allocate" free="10047736" total="13565952" percent="74" />
      <mem type="survivor" free="0" total="4653056" percent="0" />
    </mem>
    <mem type="tenure" free="9599656" total="23265280" percent="41">
      <mem type="soa" free="8436392" total="22102016" percent="38" />
      <mem type="loa" free="1163264" total="1163264" percent="100" />
    </mem>
    <pending-finalizers system="200" default="0" reference="0" classloader="0" />
    <remembered-set count="1859" />
  </mem-info>
</gc-end>
<cycle-end id="286" type="scavenge" contextid="280" timestamp="2024-11-12T08:49:50.600" />
<allocation-satisfied id="287" threadId="000000000075E800" bytesRequested="24" />
<af-end id="288" timestamp="2024-11-12T08:49:50.600" threadId="000000000075F198" success="true" from="nursery"/>
<exclusive-end id="289" timestamp="2024-11-12T08:49:50.600" durationms="1.258" />

<exclusive-start id="290" timestamp="2024-11-12T08:49:50.619" intervalms="20.901">
  <response-info timems="0.009" idlems="0.009" threads="0" lastid="000000000075E800" lastname="Default Executor-thread-1" />
</exclusive-start>
<af-start id="291" threadId="000000000075F198" totalBytesRequested="16" timestamp="2024-11-12T08:49:50.620" intervalms="20.900" type="nursery" />
<cycle-start id="292" type="scavenge" contextid="0" timestamp="2024-11-12T08:49:50.620" intervalms="20.897" />
<gc-start id="293" type="scavenge" contextid="292" timestamp="2024-11-12T08:49:50.620">
  <mem-info id="294" free="9598552" total="41484288" percent="23">
    <mem type="nursery" free="0" total="18219008" percent="0">
      <mem type="allocate" free="0" total="13565952" percent="0" />
      <mem type="survivor" free="0" total="4653056" percent="0" />
    </mem>
    <mem type="tenure" free="9598552" total="23265280" percent="41">
      <mem type="soa" free="8435288" total="22102016" percent="38" />
      <mem type="loa" free="1163264" total="1163264" percent="100" />
    </mem>
    <remembered-set count="2097" />
  </mem-info>
</gc-start>
<allocation-stats totalBytes="10041144" discardedBytes="7696" >
  <allocated-bytes non-tlh="1128" tlh="10040016" />
  <largest-consumer threadName="Default Executor-thread-1" threadId="000000000075E800" bytes="9955344" />
</allocation-stats>
<gc-op id="295" type="scavenge" timems="0.975" contextid="292" timestamp="2024-11-12T08:49:50.621">
  <scavenger-info tenureage="2" tenuremask="7ffc" tiltratio="74" />
  <memory-copied type="nursery" objects="44622" bytes="2650792" bytesdiscarded="194640" />
  <memory-copied type="tenure" objects="26901" bytes="1160568" bytesdiscarded="1552" />
  <finalization candidates="341" enqueued="142" />
  <ownableSynchronizers candidates="308" cleared="102" />
  <references type="soft" candidates="1" cleared="0" enqueued="0" dynamicThreshold="32" maxThreshold="32" />
  <references type="weak" candidates="16" cleared="9" enqueued="9" />
  <object-monitors candidates="13" cleared="0"  />
</gc-op>
<gc-end id="296" type="scavenge" contextid="292" durationms="1.011" usertimems="8.895" systemtimems="0.000" stalltimems="5.829" timestamp="2024-11-12T08:49:50.621" activeThreads="15">
  <mem-info id="297" free="19221352" total="41484288" percent="46">
    <mem type="nursery" free="10847568" total="18219008" percent="59">
      <mem type="allocate" free="10847568" total="13697024" percent="79" />
      <mem type="survivor" free="0" total="4521984" percent="0" />
    </mem>
    <mem type="tenure" free="8373784" total="23265280" percent="35">
      <mem type="soa" free="7210520" total="22102016" percent="32" />
      <mem type="loa" free="1163264" total="1163264" percent="100" />
    </mem>
    <pending-finalizers system="142" default="0" reference="9" classloader="0" />
    <remembered-set count="809" />
  </mem-info>
</gc-end>
<cycle-end id="298" type="scavenge" contextid="292" timestamp="2024-11-12T08:49:50.621" />
<allocation-satisfied id="299" threadId="000000000075E800" bytesRequested="16" />
<af-end id="300" timestamp="2024-11-12T08:49:50.621" threadId="000000000075F198" success="true" from="nursery"/>
<exclusive-end id="301" timestamp="2024-11-12T08:49:50.621" durationms="1.091" />

<exclusive-start id="302" timestamp="2024-11-12T08:49:50.635" intervalms="15.934">
  <response-info timems="0.011" idlems="0.011" threads="0" lastid="000000000075E800" lastname="Default Executor-thread-1" />
</exclusive-start>
<af-start id="303" threadId="000000000075F198" totalBytesRequested="40" timestamp="2024-11-12T08:49:50.635" intervalms="15.935" type="nursery" />
<cycle-start id="304" type="scavenge" contextid="0" timestamp="2024-11-12T08:49:50.635" intervalms="15.934" />
<gc-start id="305" type="scavenge" contextid="304" timestamp="2024-11-12T08:49:50.635">
  <mem-info id="306" free="8373784" total="41484288" percent="20">
    <mem type="nursery" free="0" total="18219008" percent="0">
      <mem type="allocate" free="0" total="13697024" percent="0" />
      <mem type="survivor" free="0" total="4521984" percent="0" />
    </mem>
    <mem type="tenure" free="8373784" total="23265280" percent="35">
      <mem type="soa" free="7210520" total="22102016" percent="32" />
      <mem type="loa" free="1163264" total="1163264" percent="100" />
    </mem>
    <remembered-set count="862" />
  </mem-info>
</gc-start>
<allocation-stats totalBytes="10838496" discardedBytes="9072" >
  <allocated-bytes non-tlh="16" tlh="10838480" />
  <largest-consumer threadName="Default Executor-thread-1" threadId="000000000075E800" bytes="10838496" />
</allocation-stats>
<gc-op id="307" type="scavenge" timems="0.849" contextid="304" timestamp="2024-11-12T08:49:50.636">
  <scavenger-info tenureage="2" tenuremask="7ffc" tiltratio="75" />
  <memory-copied type="nursery" objects="25756" bytes="1346864" bytesdiscarded="277928" />
  <memory-copied type="tenure" objects="26628" bytes="1554560" bytesdiscarded="6752" />
  <finalization candidates="169" enqueued="0" />
  <ownableSynchronizers candidates="171" cleared="0" />
  <references type="soft" candidates="1" cleared="0" enqueued="0" dynamicThreshold="32" maxThreshold="32" />
  <references type="weak" candidates="7" cleared="0" enqueued="0" />
  <object-monitors candidates="13" cleared="0"  />
</gc-op>
<gc-end id="308" type="scavenge" contextid="304" durationms="0.886" usertimems="6.572" systemtimems="0.000" stalltimems="7.570" timestamp="2024-11-12T08:49:50.636" activeThreads="16">
  <mem-info id="309" free="19299472" total="41484288" percent="46">
    <mem type="nursery" free="12333224" total="18219008" percent="67">
      <mem type="allocate" free="12333224" total="13959168" percent="88" />
      <mem type="survivor" free="0" total="4259840" percent="0" />
    </mem>
    <mem type="tenure" free="6966248" total="23265280" percent="29">
      <mem type="soa" free="5802984" total="22102016" percent="26" />
      <mem type="loa" free="1163264" total="1163264" percent="100" />
    </mem>
    <remembered-set count="915" />
  </mem-info>
</gc-end>
<cycle-end id="310" type="scavenge" contextid="304" timestamp="2024-11-12T08:49:50.636" />
<allocation-satisfied id="311" threadId="000000000075E800" bytesRequested="40" />
<af-end id="312" timestamp="2024-11-12T08:49:50.636" threadId="000000000075F198" success="true" from="nursery"/>
<exclusive-end id="313" timestamp="2024-11-12T08:49:50.636" durationms="0.958" />

<exclusive-start id="314" timestamp="2024-11-12T08:49:50.653" intervalms="17.618">
  <response-info timems="0.009" idlems="0.009" threads="0" lastid="000000000075E800" lastname="Default Executor-thread-1" />
</exclusive-start>
<af-start id="315" threadId="000000000075F198" totalBytesRequested="2064" timestamp="2024-11-12T08:49:50.653" intervalms="17.618" type="nursery" />
<cycle-start id="316" type="scavenge" contextid="0" timestamp="2024-11-12T08:49:50.653" intervalms="17.619" />
<gc-start id="317" type="scavenge" contextid="316" timestamp="2024-11-12T08:49:50.653">
  <mem-info id="318" free="6966056" total="41484288" percent="16">
    <mem type="nursery" free="0" total="18219008" percent="0">
      <mem type="allocate" free="0" total="13959168" percent="0" />
      <mem type="survivor" free="0" total="4259840" percent="0" />
    </mem>
    <mem type="tenure" free="6966056" total="23265280" percent="29">
      <mem type="soa" free="5802792" total="22102016" percent="26" />
      <mem type="loa" free="1163264" total="1163264" percent="100" />
    </mem>
    <remembered-set count="1396" />
  </mem-info>
</gc-start>
<allocation-stats totalBytes="12324136" discardedBytes="9280" >
  <allocated-bytes non-tlh="232" tlh="12323904" />
  <largest-consumer threadName="Default Executor-thread-1" threadId="000000000075E800" bytes="12324136" />
</allocation-stats>
<gc-op id="319" type="scavenge" timems="0.498" contextid="316" timestamp="2024-11-12T08:49:50.654">
  <scavenger-info tenureage="3" tenuremask="7ff8" tiltratio="76" />
  <memory-copied type="nursery" objects="28844" bytes="1227288" bytesdiscarded="226456" />
  <finalization candidates="69" enqueued="0" />
  <ownableSynchronizers candidates="70" cleared="0" />
  <references type="soft" candidates="1" cleared="0" enqueued="0" dynamicThreshold="32" maxThreshold="32" />
  <references type="weak" candidates="9" cleared="2" enqueued="2" />
  <object-monitors candidates="13" cleared="0"  />
</gc-op>
<gc-end id="320" type="scavenge" contextid="316" durationms="0.533" usertimems="4.177" systemtimems="0.000" stalltimems="3.697" timestamp="2024-11-12T08:49:50.654" activeThreads="15">
  <mem-info id="321" free="19993216" total="41484288" percent="48">
    <mem type="nursery" free="13027160" total="18219008" percent="71">
      <mem type="allocate" free="13027160" total="14483456" percent="89" />
      <mem type="survivor" free="0" total="3735552" percent="0" />
    </mem>
    <mem type="tenure" free="6966056" total="23265280" percent="29">
      <mem type="soa" free="5802792" total="22102016" percent="26" />
      <mem type="loa" free="1163264" total="1163264" percent="100" />
    </mem>
    <pending-finalizers system="0" default="0" reference="2" classloader="0" />
    <remembered-set count="1006" />
  </mem-info>
</gc-end>
<cycle-end id="322" type="scavenge" contextid="316" timestamp="2024-11-12T08:49:50.654" />
<allocation-satisfied id="323" threadId="000000000075E800" bytesRequested="2064" />
<af-end id="324" timestamp="2024-11-12T08:49:50.654" threadId="000000000075F198" success="true" from="nursery"/>
<exclusive-end id="325" timestamp="2024-11-12T08:49:50.654" durationms="0.610" />

<exclusive-start id="326" timestamp="2024-11-12T08:49:50.669" intervalms="15.537">
  <response-info timems="0.010" idlems="0.010" threads="0" lastid="000000000075E800" lastname="Default Executor-thread-1" />
</exclusive-start>
<af-start id="327" threadId="000000000075F198" totalBytesRequested="136" timestamp="2024-11-12T08:49:50.669" intervalms="15.538" type="nursery" />
<cycle-start id="328" type="scavenge" contextid="0" timestamp="2024-11-12T08:49:50.669" intervalms="15.541" />
<gc-start id="329" type="scavenge" contextid="328" timestamp="2024-11-12T08:49:50.669">
  <mem-info id="330" free="6966056" total="41484288" percent="16">
    <mem type="nursery" free="0" total="18219008" percent="0">
      <mem type="allocate" free="0" total="14483456" percent="0" />
      <mem type="survivor" free="0" total="3735552" percent="0" />
    </mem>
    <mem type="tenure" free="6966056" total="23265280" percent="29">
      <mem type="soa" free="5802792" total="22102016" percent="26" />
      <mem type="loa" free="1163264" total="1163264" percent="100" />
    </mem>
    <remembered-set count="1023" />
  </mem-info>
</gc-start>
<allocation-stats totalBytes="13019736" discardedBytes="7424" >
  <allocated-bytes non-tlh="2064" tlh="13017672" />
  <largest-consumer threadName="Default Executor-thread-1" threadId="000000000075E800" bytes="13019736" />
</allocation-stats>
<gc-op id="331" type="scavenge" timems="0.595" contextid="328" timestamp="2024-11-12T08:49:50.669">
  <scavenger-info tenureage="3" tenuremask="7ff8" tiltratio="79" />
  <memory-copied type="nursery" objects="7785" bytes="242088" bytesdiscarded="230232" />
  <memory-copied type="tenure" objects="13150" bytes="698536" bytesdiscarded="3016" />
  <finalization candidates="69" enqueued="0" />
  <ownableSynchronizers candidates="70" cleared="2" />
  <object-monitors candidates="13" cleared="0"  />
</gc-op>
<gc-end id="332" type="scavenge" contextid="328" durationms="0.640" usertimems="3.339" systemtimems="0.000" stalltimems="4.786" timestamp="2024-11-12T08:49:50.669" activeThreads="14">
  <mem-info id="333" free="20712224" total="41484288" percent="49">
    <mem type="nursery" free="14469888" total="18219008" percent="79">
      <mem type="allocate" free="14469888" total="14942208" percent="96" />
      <mem type="survivor" free="0" total="3276800" percent="0" />
    </mem>
    <mem type="tenure" free="6242336" total="23265280" percent="26">
      <mem type="soa" free="5079072" total="22102016" percent="22" />
      <mem type="loa" free="1163264" total="1163264" percent="100" />
    </mem>
    <remembered-set count="894" />
  </mem-info>
</gc-end>
<cycle-end id="334" type="scavenge" contextid="328" timestamp="2024-11-12T08:49:50.669" />
<allocation-satisfied id="335" threadId="000000000075E800" bytesRequested="136" />
<af-end id="336" timestamp="2024-11-12T08:49:50.669" threadId="000000000075F198" success="true" from="nursery"/>
<exclusive-end id="337" timestamp="2024-11-12T08:49:50.669" durationms="0.724" />

<exclusive-start id="338" timestamp="2024-11-12T08:49:50.755" intervalms="86.548">
  <response-info timems="0.010" idlems="0.010" threads="0" lastid="000000000075E800" lastname="Default Executor-thread-1" />
</exclusive-start>
<af-start id="339" threadId="000000000075F198" totalBytesRequested="8200" timestamp="2024-11-12T08:49:50.755" intervalms="86.550" type="nursery" />
<cycle-start id="340" type="scavenge" contextid="0" timestamp="2024-11-12T08:49:50.755" intervalms="86.565" />
<gc-start id="341" type="scavenge" contextid="340" timestamp="2024-11-12T08:49:50.755">
  <mem-info id="342" free="6234400" total="41484288" percent="15">
    <mem type="nursery" free="0" total="18219008" percent="0">
      <mem type="allocate" free="0" total="14942208" percent="0" />
      <mem type="survivor" free="0" total="3276800" percent="0" />
    </mem>
    <mem type="tenure" free="6234400" total="23265280" percent="26">
      <mem type="soa" free="5071136" total="22102016" percent="22" />
      <mem type="loa" free="1163264" total="1163264" percent="100" />
    </mem>
    <remembered-set count="1780" />
  </mem-info>
</gc-start>
<allocation-stats totalBytes="14465896" discardedBytes="11928" >
  <allocated-bytes non-tlh="12176" tlh="14453720" />
  <largest-consumer threadName="Default Executor-thread-1" threadId="000000000075E800" bytes="14170160" />
</allocation-stats>
<gc-op id="343" type="scavenge" timems="0.896" contextid="340" timestamp="2024-11-12T08:49:50.756">
  <scavenger-info tenureage="5" tenuremask="7fe0" tiltratio="82" />
  <memory-copied type="nursery" objects="43148" bytes="1803032" bytesdiscarded="173312" />
  <finalization candidates="332" enqueued="204" />
  <ownableSynchronizers candidates="166" cleared="0" />
  <references type="weak" candidates="144" cleared="21" enqueued="21" />
  <references type="phantom" candidates="1" cleared="0" enqueued="0" />
  <object-monitors candidates="13" cleared="0"  />
</gc-op>
<gc-end id="344" type="scavenge" contextid="340" durationms="0.943" usertimems="6.311" systemtimems="0.000" stalltimems="4.832" timestamp="2024-11-12T08:49:50.756" activeThreads="12">
  <mem-info id="345" free="19001608" total="41484288" percent="45">
    <mem type="nursery" free="12767208" total="18219008" percent="70">
      <mem type="allocate" free="12767208" total="14745600" percent="86" />
      <mem type="survivor" free="0" total="3473408" percent="0" />
    </mem>
    <mem type="tenure" free="6234400" total="23265280" percent="26">
      <mem type="soa" free="5071136" total="22102016" percent="22" />
      <mem type="loa" free="1163264" total="1163264" percent="100" />
    </mem>
    <pending-finalizers system="203" default="1" reference="21" classloader="0" />
    <remembered-set count="1445" />
  </mem-info>
</gc-end>
<cycle-end id="346" type="scavenge" contextid="340" timestamp="2024-11-12T08:49:50.756" />
<allocation-satisfied id="347" threadId="000000000075E800" bytesRequested="8200" />
<af-end id="348" timestamp="2024-11-12T08:49:50.756" threadId="000000000075F198" success="true" from="nursery"/>
<exclusive-end id="349" timestamp="2024-11-12T08:49:50.756" durationms="1.063" />

<exclusive-start id="350" timestamp="2024-11-12T08:49:50.793" intervalms="38.006">
  <response-info timems="0.017" idlems="0.017" threads="0" lastid="000000000049D700" lastname="Equinox start level thread - Equinox Container: 8a78a790-e8cd-4" />
</exclusive-start>
<af-start id="351" threadId="000000000049E098" totalBytesRequested="392" timestamp="2024-11-12T08:49:50.793" intervalms="38.007" type="nursery" />
<cycle-start id="352" type="scavenge" contextid="0" timestamp="2024-11-12T08:49:50.793" intervalms="37.998" />
<gc-start id="353" type="scavenge" contextid="352" timestamp="2024-11-12T08:49:50.793">
  <mem-info id="354" free="6078000" total="41484288" percent="14">
    <mem type="nursery" free="0" total="18219008" percent="0">
      <mem type="allocate" free="0" total="14745600" percent="0" />
      <mem type="survivor" free="0" total="3473408" percent="0" />
    </mem>
    <mem type="tenure" free="6078000" total="23265280" percent="26">
      <mem type="soa" free="4914736" total="22102016" percent="22" />
      <mem type="loa" free="1163264" total="1163264" percent="100" />
    </mem>
    <remembered-set count="3907" />
  </mem-info>
</gc-start>
<allocation-stats totalBytes="12913520" discardedBytes="10088" >
  <allocated-bytes non-tlh="164600" tlh="12748920" />
  <largest-consumer threadName="Equinox start level thread - Equinox Container: 8a78a790-e8cd-44f9-a822-b21bc1688c60" threadId="000000000049D700" bytes="4188216" />
</allocation-stats>
<gc-op id="355" type="scavenge" timems="1.087" contextid="352" timestamp="2024-11-12T08:49:50.794">
  <scavenger-info tenureage="5" tenuremask="7fe0" tiltratio="80" />
  <memory-copied type="nursery" objects="92433" bytes="3322288" bytesdiscarded="140392" />
  <memory-copied type="tenure" objects="151" bytes="67528" bytesdiscarded="600" />
  <copy-failed type="nursery" objects="151" bytes="67528" />
  <finalization candidates="460" enqueued="307" />
  <ownableSynchronizers candidates="1871" cleared="669" />
  <references type="soft" candidates="912" cleared="0" enqueued="0" dynamicThreshold="32" maxThreshold="32" />
  <references type="weak" candidates="607" cleared="253" enqueued="253" />
  <references type="phantom" candidates="1" cleared="0" enqueued="0" />
  <object-monitors candidates="15" cleared="0"  />
</gc-op>
<gc-end id="356" type="scavenge" contextid="352" durationms="1.138" usertimems="9.745" systemtimems="0.720" stalltimems="2.854" timestamp="2024-11-12T08:49:50.794" activeThreads="12">
  <mem-info id="357" free="14727152" total="41484288" percent="35">
    <mem type="nursery" free="8716288" total="18219008" percent="47">
      <mem type="allocate" free="8716288" total="12189696" percent="71" />
      <mem type="survivor" free="0" total="6029312" percent="0" />
    </mem>
    <mem type="tenure" free="6010864" total="23265280" percent="25">
      <mem type="soa" free="4847600" total="22102016" percent="21" />
      <mem type="loa" free="1163264" total="1163264" percent="100" />
    </mem>
    <pending-finalizers system="307" default="0" reference="253" classloader="0" />
    <remembered-set count="3461" />
  </mem-info>
</gc-end>
<cycle-end id="358" type="scavenge" contextid="352" timestamp="2024-11-12T08:49:50.794" />
<allocation-satisfied id="359" threadId="000000000049D700" bytesRequested="392" />
<af-end id="360" timestamp="2024-11-12T08:49:50.794" threadId="000000000049E098" success="true" from="nursery"/>
<exclusive-end id="361" timestamp="2024-11-12T08:49:50.794" durationms="1.268" />

<exclusive-start id="362" timestamp="2024-11-12T08:49:50.814" intervalms="21.289">
  <response-info timems="0.015" idlems="0.013" threads="1" lastid="0000000000499C00" lastname="Equinox start level thread - Equinox Container: 8a78a790-e8cd-4" />
</exclusive-start>
<af-start id="363" threadId="00000000004AC998" totalBytesRequested="65544" timestamp="2024-11-12T08:49:50.814" intervalms="21.290" type="nursery" />
<cycle-start id="364" type="scavenge" contextid="0" timestamp="2024-11-12T08:49:50.814" intervalms="21.286" />
<gc-start id="365" type="scavenge" contextid="364" timestamp="2024-11-12T08:49:50.815">
  <mem-info id="366" free="5883304" total="41484288" percent="14">
    <mem type="nursery" free="0" total="18219008" percent="0">
      <mem type="allocate" free="0" total="12189696" percent="0" />
      <mem type="survivor" free="0" total="6029312" percent="0" />
    </mem>
    <mem type="tenure" free="5883304" total="23265280" percent="25">
      <mem type="soa" free="4720040" total="22102016" percent="21" />
      <mem type="loa" free="1163264" total="1163264" percent="100" />
    </mem>
    <remembered-set count="5101" />
  </mem-info>
</gc-start>
<allocation-stats totalBytes="8838264" discardedBytes="5584" >
  <allocated-bytes non-tlh="259040" tlh="8579224" />
  <largest-consumer threadName="Equinox start level thread - Equinox Container: 8a78a790-e8cd-44f9-a822-b21bc1688c60" threadId="000000000049D700" bytes="3203816" />
</allocation-stats>
<gc-op id="367" type="scavenge" timems="1.072" contextid="364" timestamp="2024-11-12T08:49:50.816">
  <scavenger-info tenureage="5" tenuremask="7fe0" tiltratio="66" />
  <memory-copied type="nursery" objects="117096" bytes="4347800" bytesdiscarded="205792" />
  <memory-copied type="tenure" objects="839" bytes="22008" bytesdiscarded="0" />
  <finalization candidates="348" enqueued="184" />
  <ownableSynchronizers candidates="2176" cleared="413" />
  <references type="soft" candidates="1413" cleared="0" enqueued="0" dynamicThreshold="32" maxThreshold="32" />
  <references type="weak" candidates="965" cleared="268" enqueued="252" />
  <references type="phantom" candidates="1" cleared="0" enqueued="0" />
  <object-monitors candidates="26" cleared="6"  />
</gc-op>
<gc-end id="368" type="scavenge" contextid="364" durationms="1.176" usertimems="11.521" systemtimems="0.804" stalltimems="4.356" timestamp="2024-11-12T08:49:50.816" activeThreads="15">
  <mem-info id="369" free="13244360" total="41484288" percent="31">
    <mem type="nursery" free="7361056" total="18219008" percent="40">
      <mem type="allocate" free="7361056" total="11927552" percent="61" />
      <mem type="survivor" free="0" total="6291456" percent="0" />
    </mem>
    <mem type="tenure" free="5883304" total="23265280" percent="25">
      <mem type="soa" free="4720040" total="22102016" percent="21" />
      <mem type="loa" free="1163264" total="1163264" percent="100" />
    </mem>
    <pending-finalizers system="184" default="0" reference="252" classloader="0" />
    <remembered-set count="4502" />
  </mem-info>
</gc-end>
<cycle-end id="370" type="scavenge" contextid="364" timestamp="2024-11-12T08:49:50.816" />
<allocation-satisfied id="371" threadId="00000000004AC000" bytesRequested="65544" />
<af-end id="372" timestamp="2024-11-12T08:49:50.816" threadId="00000000004AC998" success="true" from="nursery"/>
<exclusive-end id="373" timestamp="2024-11-12T08:49:50.816" durationms="1.282" />

<exclusive-start id="374" timestamp="2024-11-12T08:49:50.827" intervalms="12.344">
  <response-info timems="0.024" idlems="0.014" threads="1" lastid="00000000004A1300" lastname="Equinox start level thread - Equinox Container: 8a78a790-e8cd-4" />
</exclusive-start>
<af-start id="375" threadId="000000000049E098" totalBytesRequested="16" timestamp="2024-11-12T08:49:50.827" intervalms="12.339" type="nursery" />
<cycle-start id="376" type="scavenge" contextid="0" timestamp="2024-11-12T08:49:50.827" intervalms="12.336" />
<gc-start id="377" type="scavenge" contextid="376" timestamp="2024-11-12T08:49:50.827">
  <mem-info id="378" free="5846096" total="41484288" percent="14">
    <mem type="nursery" free="0" total="18219008" percent="0">
      <mem type="allocate" free="0" total="11927552" percent="0" />
      <mem type="survivor" free="0" total="6291456" percent="0" />
    </mem>
    <mem type="tenure" free="5846096" total="23265280" percent="25">
      <mem type="soa" free="4682832" total="22102016" percent="21" />
      <mem type="loa" free="1163264" total="1163264" percent="100" />
    </mem>
    <remembered-set count="5103" />
  </mem-info>
</gc-start>
<allocation-stats totalBytes="7391384" discardedBytes="6880" >
  <allocated-bytes non-tlh="102752" tlh="7288632" />
  <largest-consumer threadName="Equinox start level thread - Equinox Container: 8a78a790-e8cd-44f9-a822-b21bc1688c60" threadId="000000000049D700" bytes="2593408" />
</allocation-stats>
<gc-op id="379" type="scavenge" timems="1.233" contextid="376" timestamp="2024-11-12T08:49:50.828">
  <scavenger-info tenureage="3" tenuremask="7ff8" tiltratio="65" />
  <memory-copied type="nursery" objects="96605" bytes="3598104" bytesdiscarded="277936" />
  <memory-copied type="tenure" objects="40928" bytes="1429872" bytesdiscarded="2544" />
  <finalization candidates="284" enqueued="108" />
  <ownableSynchronizers candidates="2916" cleared="550" />
  <references type="soft" candidates="1645" cleared="0" enqueued="0" dynamicThreshold="32" maxThreshold="32" />
  <references type="weak" candidates="789" cleared="122" enqueued="119" />
  <object-monitors candidates="20" cleared="0"  />
</gc-op>
<heap-resize id="380" type="expand" space="nursery" amount="1179648" count="1" timems="0.012" reason="excessive time being spent scavenging" timestamp="2024-11-12T08:49:50.828" />
<gc-end id="381" type="scavenge" contextid="376" durationms="1.296" usertimems="12.205" systemtimems="2.479" stalltimems="5.203" timestamp="2024-11-12T08:49:50.828" activeThreads="16">
  <mem-info id="382" free="13327800" total="42663936" percent="31">
    <mem type="nursery" free="9019264" total="19398656" percent="46">
      <mem type="allocate" free="9019264" total="12910592" percent="69" />
      <mem type="survivor" free="0" total="6488064" percent="0" />
    </mem>
    <mem type="tenure" free="4308536" total="23265280" percent="18">
      <mem type="soa" free="3145272" total="22102016" percent="14" />
      <mem type="loa" free="1163264" total="1163264" percent="100" />
    </mem>
    <pending-finalizers system="108" default="0" reference="119" classloader="0" />
    <remembered-set count="3349" />
  </mem-info>
</gc-end>
<cycle-end id="383" type="scavenge" contextid="376" timestamp="2024-11-12T08:49:50.828" />
<allocation-satisfied id="384" threadId="000000000049D700" bytesRequested="16" />
<af-end id="385" timestamp="2024-11-12T08:49:50.828" threadId="000000000049E098" success="true" from="nursery"/>
<exclusive-end id="386" timestamp="2024-11-12T08:49:50.828" durationms="1.441" />

<concurrent-kickoff id="387" timestamp="2024-11-12T08:49:50.883">
  <kickoff reason="threshold reached" targetBytes="6905133" thresholdFreeBytes="957214"  remainingFree="885000" tenureFreeBytes="3915456" nurseryFreeBytes="885000" />
</concurrent-kickoff>
<exclusive-start id="388" timestamp="2024-11-12T08:49:50.883" intervalms="56.673">
  <response-info timems="0.015" idlems="0.015" threads="0" lastid="0000000000499C00" lastname="Equinox start level thread - Equinox Container: 8a78a790-e8cd-4" />
</exclusive-start>
<cycle-start id="389" type="global" contextid="0" timestamp="2024-11-12T08:49:50.883" intervalms="814.570" />
<concurrent-start id="390" type="global mark" contextid="389" timestamp="2024-11-12T08:49:50.883">
</concurrent-start>
<exclusive-end id="391" timestamp="2024-11-12T08:49:50.883" durationms="0.010" />

<concurrent-end id="392" type="global mark" contextid="389" timestamp="2024-11-12T08:49:50.892">
<gc-op id="393" type="trace" timems="8.282" contextid="389" timestamp="2024-11-12T08:49:50.892">
  <trace bytesTraced="8944100" workStackOverflowCount="0" />
  <card-cleaning reason="card cleaning threshold reached" bytesTraced="11632" cardsCleaned="50" />
</gc-op>
</concurrent-end>

<exclusive-start id="394" timestamp="2024-11-12T08:49:50.892" intervalms="8.323">
  <response-info timems="0.019" idlems="0.011" threads="1" lastid="00000000006DDE00" lastname="Config-Thread-9" />
</exclusive-start>
<concurrent-global-final id="395" timestamp="2024-11-12T08:49:50.892" contextid="389" intervalms="822.900" >
  <concurrent-trace-info reason="card cleaning threshold reached" tracedByMutators="2770444" tracedByHelpers="6185288" cardsCleaned="50" workStackOverflowCount="0" />
</concurrent-global-final>
<gc-start id="396" type="global" contextid="389" timestamp="2024-11-12T08:49:50.892">
  <mem-info id="397" free="3901144" total="42663936" percent="9">
    <mem type="nursery" free="0" total="19398656" percent="0">
      <mem type="allocate" free="0" total="12910592" percent="0" />
      <mem type="survivor" free="0" total="6488064" percent="0" />
    </mem>
    <mem type="tenure" free="3901144" total="23265280" percent="16">
      <mem type="soa" free="2737880" total="22102016" percent="12" />
      <mem type="loa" free="1163264" total="1163264" percent="100" />
    </mem>
    <remembered-set count="7970" />
  </mem-info>
</gc-start>
<allocation-stats totalBytes="9418448" discardedBytes="8208" >
  <allocated-bytes non-tlh="906728" tlh="8511720" />
  <largest-consumer threadName="Config-Thread-9" threadId="00000000006DDE00" bytes="4641040" />
</allocation-stats>
<gc-op id="398" type="rs-scan" timems="0.719" contextid="389" timestamp="2024-11-12T08:49:50.893">
  <scan objectsFound="115005" bytesTraced="3674288" workStackOverflowCount="0" />
</gc-op>
<gc-op id="399" type="card-cleaning" timems="0.047" contextid="389" timestamp="2024-11-12T08:49:50.893">
  <card-cleaning cardsCleaned="2" bytesTraced="792" workStackOverflowCount="0" />
</gc-op>
<gc-op id="400" type="mark" timems="1.500" contextid="389" timestamp="2024-11-12T08:49:50.894">
  <trace-info objectcount="11702" scancount="9700" scanbytes="268932" />
  <finalization candidates="728" enqueued="389" />
  <ownableSynchronizers candidates="3831" cleared="218" />
  <references type="soft" candidates="3462" cleared="0" enqueued="0" dynamicThreshold="32" maxThreshold="32" />
  <references type="weak" candidates="2662" cleared="495" enqueued="457" />
  <references type="phantom" candidates="9" cleared="0" enqueued="0" />
  <stringconstants candidates="16469" cleared="78"  />
  <object-monitors candidates="22" cleared="2"  />
</gc-op>
<gc-op id="401" type="classunload" timems="0.290" contextid="389" timestamp="2024-11-12T08:49:50.894">
  <classunload-info classloadercandidates="100" classloadersunloaded="0" classesunloaded="4" anonymousclassesunloaded="4" quiescems="0.000" setupms="0.288" scanms="0.001" postms="0.000" />
</gc-op>
<gc-op id="402" type="sweep" timems="0.173" contextid="389" timestamp="2024-11-12T08:49:50.895" />
<heap-resize id="403" type="expand" space="tenure" amount="3407872" count="1" timems="0.014" reason="insufficient free space following gc" timestamp="2024-11-12T08:49:50.895" />
<gc-end id="404" type="global" contextid="389" durationms="2.878" usertimems="18.909" systemtimems="1.233" stalltimems="15.808" timestamp="2024-11-12T08:49:50.895" activeThreads="16">
  <mem-info id="405" free="14315016" total="46071808" percent="31">
    <mem type="nursery" free="6290384" total="19398656" percent="32">
      <mem type="allocate" free="6290384" total="12910592" percent="48" />
      <mem type="survivor" free="0" total="6488064" percent="0" />
    </mem>
    <mem type="tenure" free="8024632" total="26673152" percent="30" micro-fragmented="211477" macro-fragmented="0">
      <mem type="soa" free="6690360" total="25338880" percent="26" />
      <mem type="loa" free="1334272" total="1334272" percent="100" />
    </mem>
    <pending-finalizers system="389" default="0" reference="457" classloader="0" />
    <remembered-set count="7854" />
  </mem-info>
</gc-end>
<cycle-end id="406" type="global" contextid="389" timestamp="2024-11-12T08:49:50.895" />
<exclusive-end id="407" timestamp="2024-11-12T08:49:50.895" durationms="2.998" />

<exclusive-start id="408" timestamp="2024-11-12T08:49:50.912" intervalms="20.047">
  <response-info timems="0.026" idlems="0.015" threads="1" lastid="0000000000023B00" lastname="JIT Compilation Thread-000" />
</exclusive-start>
<af-start id="409" threadId="0000000000A88898" totalBytesRequested="2064" timestamp="2024-11-12T08:49:50.912" intervalms="85.056" type="nursery" />
<cycle-start id="410" type="scavenge" contextid="0" timestamp="2024-11-12T08:49:50.912" intervalms="85.064" />
<gc-start id="411" type="scavenge" contextid="410" timestamp="2024-11-12T08:49:50.912">
  <mem-info id="412" free="7940984" total="46071808" percent="17">
    <mem type="nursery" free="0" total="19398656" percent="0">
      <mem type="allocate" free="0" total="12910592" percent="0" />
      <mem type="survivor" free="0" total="6488064" percent="0" />
    </mem>
    <mem type="tenure" free="7940984" total="26673152" percent="29">
      <mem type="soa" free="6606712" total="25338880" percent="26" />
      <mem type="loa" free="1334272" total="1334272" percent="100" />
    </mem>
    <remembered-set count="8669" />
  </mem-info>
</gc-start>
<allocation-stats totalBytes="6271384" discardedBytes="81880" >
  <allocated-bytes non-tlh="983528" tlh="5287856" />
  <largest-consumer threadName="Config-Thread-9" threadId="00000000006DDE00" bytes="2728616" />
</allocation-stats>
<gc-op id="413" type="scavenge" timems="1.391" contextid="410" timestamp="2024-11-12T08:49:50.913">
  <scavenger-info tenureage="4" tenuremask="7ff0" tiltratio="66" />
  <memory-copied type="nursery" objects="137903" bytes="6140984" bytesdiscarded="239992" />
  <finalization candidates="404" enqueued="322" />
  <ownableSynchronizers candidates="7360" cleared="4655" />
  <references type="soft" candidates="2226" cleared="0" enqueued="0" dynamicThreshold="9" maxThreshold="32" />
  <references type="weak" candidates="1161" cleared="170" enqueued="168" />
  <object-monitors candidates="23" cleared="1"  />
</gc-op>
<gc-end id="414" type="scavenge" contextid="410" durationms="1.444" usertimems="17.071" systemtimems="0.796" stalltimems="4.535" timestamp="2024-11-12T08:49:50.913" activeThreads="16">
  <mem-info id="415" free="11370296" total="46071808" percent="24">
    <mem type="nursery" free="3429312" total="19398656" percent="17">
      <mem type="allocate" free="3429312" total="9830400" percent="34" />
      <mem type="survivor" free="0" total="9568256" percent="0" />
    </mem>
    <mem type="tenure" free="7940984" total="26673152" percent="29">
      <mem type="soa" free="6606712" total="25338880" percent="26" />
      <mem type="loa" free="1334272" total="1334272" percent="100" />
    </mem>
    <pending-finalizers system="322" default="0" reference="168" classloader="0" />
    <remembered-set count="7487" />
  </mem-info>
</gc-end>
<cycle-end id="416" type="scavenge" contextid="410" timestamp="2024-11-12T08:49:50.913" />
<allocation-satisfied id="417" threadId="0000000000A87F00" bytesRequested="2064" />
<af-end id="418" timestamp="2024-11-12T08:49:50.913" threadId="0000000000A88898" success="true" from="nursery"/>
<exclusive-end id="419" timestamp="2024-11-12T08:49:50.913" durationms="1.575" />

<exclusive-start id="420" timestamp="2024-11-12T08:49:50.924" intervalms="12.143">
  <response-info timems="0.067" idlems="0.036" threads="1" lastid="0000000000023B00" lastname="JIT Compilation Thread-000" />
</exclusive-start>
<af-start id="421" threadId="00000000006DE798" totalBytesRequested="16712" timestamp="2024-11-12T08:49:50.924" intervalms="12.137" type="nursery" />
<cycle-start id="422" type="scavenge" contextid="0" timestamp="2024-11-12T08:49:50.924" intervalms="12.139" />
<gc-start id="423" type="scavenge" contextid="422" timestamp="2024-11-12T08:49:50.924">
  <mem-info id="424" free="7880776" total="46071808" percent="17">
    <mem type="nursery" free="0" total="19398656" percent="0">
      <mem type="allocate" free="0" total="9830400" percent="0" />
      <mem type="survivor" free="0" total="9568256" percent="0" />
    </mem>
    <mem type="tenure" free="7880776" total="26673152" percent="29">
      <mem type="soa" free="6546504" total="25338880" percent="25" />
      <mem type="loa" free="1334272" total="1334272" percent="100" />
    </mem>
    <remembered-set count="8015" />
  </mem-info>
</gc-start>
<allocation-stats totalBytes="3461912" discardedBytes="13152" >
  <allocated-bytes non-tlh="86232" tlh="3375680" />
  <largest-consumer threadName="Default Executor-thread-4" threadId="0000000000A87F00" bytes="2328128" />
</allocation-stats>
<gc-op id="425" type="scavenge" timems="1.452" contextid="422" timestamp="2024-11-12T08:49:50.926">
  <scavenger-info tenureage="3" tenuremask="7ff8" tiltratio="50" />
  <memory-copied type="nursery" objects="66206" bytes="3254584" bytesdiscarded="475728" />
  <memory-copied type="tenure" objects="73394" bytes="2659064" bytesdiscarded="4152" />
  <finalization candidates="446" enqueued="365" />
  <ownableSynchronizers candidates="2709" cleared="2" />
  <references type="soft" candidates="1065" cleared="0" enqueued="0" dynamicThreshold="9" maxThreshold="32" />
  <references type="weak" candidates="522" cleared="34" enqueued="34" />
  <object-monitors candidates="22" cleared="0"  />
</gc-op>
<heap-resize id="426" type="expand" space="nursery" amount="1179648" count="1" timems="0.016" reason="excessive time being spent scavenging" timestamp="2024-11-12T08:49:50.926" />
<gc-end id="427" type="scavenge" contextid="422" durationms="1.548" usertimems="16.126" systemtimems="0.880" stalltimems="6.530" timestamp="2024-11-12T08:49:50.926" activeThreads="16">
  <mem-info id="428" free="11911608" total="47251456" percent="25">
    <mem type="nursery" free="7075048" total="20578304" percent="34">
      <mem type="allocate" free="7075048" total="10813440" percent="65" />
      <mem type="survivor" free="0" total="9764864" percent="0" />
    </mem>
    <mem type="tenure" free="4836560" total="26673152" percent="18">
      <mem type="soa" free="3502288" total="25338880" percent="13" />
      <mem type="loa" free="1334272" total="1334272" percent="100" />
    </mem>
    <pending-finalizers system="365" default="0" reference="34" classloader="0" />
    <remembered-set count="7063" />
  </mem-info>
</gc-end>
<cycle-end id="429" type="scavenge" contextid="422" timestamp="2024-11-12T08:49:50.926" />
<allocation-satisfied id="430" threadId="00000000006DDE00" bytesRequested="16712" />
<af-end id="431" timestamp="2024-11-12T08:49:50.926" threadId="00000000006DE798" success="true" from="nursery"/>
<exclusive-end id="432" timestamp="2024-11-12T08:49:50.926" durationms="1.685" />

<concurrent-kickoff id="433" timestamp="2024-11-12T08:49:50.953">
  <kickoff reason="threshold reached" targetBytes="8329867" thresholdFreeBytes="1152389"  remainingFree="1111272" tenureFreeBytes="4682560" nurseryFreeBytes="1111272" />
</concurrent-kickoff>
<exclusive-start id="434" timestamp="2024-11-12T08:49:50.953" intervalms="29.250">
  <response-info timems="0.028" idlems="0.016" threads="1" lastid="0000000000023B00" lastname="JIT Compilation Thread-000" />
</exclusive-start>
<cycle-start id="435" type="global" contextid="0" timestamp="2024-11-12T08:49:50.953" intervalms="69.764" />
<concurrent-start id="436" type="global mark" contextid="435" timestamp="2024-11-12T08:49:50.953">
</concurrent-start>
<exclusive-end id="437" timestamp="2024-11-12T08:49:50.953" durationms="0.010" />

<concurrent-end id="438" type="global mark" contextid="435" timestamp="2024-11-12T08:49:50.962">
<gc-op id="439" type="trace" timems="8.657" contextid="435" timestamp="2024-11-12T08:49:50.962">
  <trace bytesTraced="11045344" workStackOverflowCount="0" />
  <card-cleaning reason="card cleaning threshold reached" bytesTraced="2848" cardsCleaned="5" />
</gc-op>
</concurrent-end>

<exclusive-start id="440" timestamp="2024-11-12T08:49:50.962" intervalms="8.710">
  <response-info timems="0.031" idlems="0.023" threads="1" lastid="0000000000A87F00" lastname="Default Executor-thread-4" />
</exclusive-start>
<concurrent-global-final id="441" timestamp="2024-11-12T08:49:50.962" contextid="435" intervalms="70.147" >
  <concurrent-trace-info reason="card cleaning threshold reached" tracedByMutators="6741816" tracedByHelpers="4306376" cardsCleaned="5" workStackOverflowCount="0" />
</concurrent-global-final>
<gc-start id="442" type="global" contextid="435" timestamp="2024-11-12T08:49:50.962">
  <mem-info id="443" free="4744456" total="47251456" percent="10">
    <mem type="nursery" free="62696" total="20578304" percent="0">
      <mem type="allocate" free="62696" total="10813440" percent="0" />
      <mem type="survivor" free="0" total="9764864" percent="0" />
    </mem>
    <mem type="tenure" free="4681760" total="26673152" percent="17">
      <mem type="soa" free="3347488" total="25338880" percent="13" />
      <mem type="loa" free="1334272" total="1334272" percent="100" />
    </mem>
    <remembered-set count="8549" />
  </mem-info>
</gc-start>
<allocation-stats totalBytes="7160128" discardedBytes="7024" >
  <allocated-bytes non-tlh="171512" tlh="6988616" />
  <largest-consumer threadName="Config-Thread-9" threadId="00000000006DDE00" bytes="3658472" />
</allocation-stats>
<gc-op id="444" type="rs-scan" timems="0.641" contextid="435" timestamp="2024-11-12T08:49:50.963">
  <scan objectsFound="66369" bytesTraced="2300056" workStackOverflowCount="0" />
</gc-op>
<gc-op id="445" type="card-cleaning" timems="0.042" contextid="435" timestamp="2024-11-12T08:49:50.963">
  <card-cleaning cardsCleaned="1" bytesTraced="336" workStackOverflowCount="0" />
</gc-op>
<gc-op id="446" type="mark" timems="1.645" contextid="435" timestamp="2024-11-12T08:49:50.964">
  <trace-info objectcount="27894" scancount="22555" scanbytes="585392" />
  <finalization candidates="793" enqueued="445" />
  <ownableSynchronizers candidates="3735" cleared="5" />
  <references type="soft" candidates="4310" cleared="0" enqueued="0" dynamicThreshold="9" maxThreshold="32" />
  <references type="weak" candidates="2701" cleared="118" enqueued="116" />
  <references type="phantom" candidates="9" cleared="0" enqueued="0" />
  <stringconstants candidates="17774" cleared="27"  />
  <object-monitors candidates="26" cleared="2"  />
</gc-op>
<gc-op id="447" type="classunload" timems="0.003" contextid="435" timestamp="2024-11-12T08:49:50.964">
  <classunload-info classloadercandidates="129" classloadersunloaded="0" classesunloaded="0" anonymousclassesunloaded="0" quiescems="0.000" setupms="0.002" scanms="0.000" postms="0.000" />
</gc-op>
<gc-op id="448" type="sweep" timems="0.189" contextid="435" timestamp="2024-11-12T08:49:50.965" />
<heap-resize id="449" type="expand" space="tenure" amount="4194304" count="1" timems="0.088" reason="insufficient free space following gc" timestamp="2024-11-12T08:49:50.965" />
<gc-end id="450" type="global" contextid="435" durationms="2.723" usertimems="21.094" systemtimems="1.084" stalltimems="16.495" timestamp="2024-11-12T08:49:50.965" activeThreads="16">
  <mem-info id="451" free="13941872" total="51445760" percent="27">
    <mem type="nursery" free="4637016" total="20578304" percent="22">
      <mem type="allocate" free="4637016" total="10813440" percent="42" />
      <mem type="survivor" free="0" total="9764864" percent="0" />
    </mem>
    <mem type="tenure" free="9304856" total="30867456" percent="30" micro-fragmented="294107" macro-fragmented="0">
      <mem type="soa" free="7760664" total="29323264" percent="26" />
      <mem type="loa" free="1544192" total="1544192" percent="100" />
    </mem>
    <pending-finalizers system="432" default="13" reference="116" classloader="0" />
    <remembered-set count="8050" />
  </mem-info>
</gc-end>
<cycle-end id="452" type="global" contextid="435" timestamp="2024-11-12T08:49:50.965" />
<exclusive-end id="453" timestamp="2024-11-12T08:49:50.965" durationms="2.832" />

<exclusive-start id="454" timestamp="2024-11-12T08:49:50.973" intervalms="11.357">
  <response-info timems="0.013" idlems="0.011" threads="1" lastid="0000000000A87F00" lastname="Default Executor-thread-4" />
</exclusive-start>
<af-start id="455" threadId="00000000006DE798" totalBytesRequested="5336" timestamp="2024-11-12T08:49:50.973" intervalms="49.310" type="nursery" />
<cycle-start id="456" type="scavenge" contextid="0" timestamp="2024-11-12T08:49:50.973" intervalms="49.302" />
<gc-start id="457" type="scavenge" contextid="456" timestamp="2024-11-12T08:49:50.973">
  <mem-info id="458" free="9298584" total="51445760" percent="18">
    <mem type="nursery" free="0" total="20578304" percent="0">
      <mem type="allocate" free="0" total="10813440" percent="0" />
      <mem type="survivor" free="0" total="9764864" percent="0" />
    </mem>
    <mem type="tenure" free="9298584" total="30867456" percent="30">
      <mem type="soa" free="7754392" total="29323264" percent="26" />
      <mem type="loa" free="1544192" total="1544192" percent="100" />
    </mem>
    <remembered-set count="8104" />
  </mem-info>
</gc-start>
<allocation-stats totalBytes="4551160" discardedBytes="80712" >
  <allocated-bytes non-tlh="1467080" tlh="3084080" />
  <largest-consumer threadName="Config-Thread-9" threadId="00000000006DDE00" bytes="4367024" />
</allocation-stats>
<gc-op id="459" type="scavenge" timems="1.110" contextid="456" timestamp="2024-11-12T08:49:50.974">
  <scavenger-info tenureage="2" tenuremask="7ffc" tiltratio="52" />
  <memory-copied type="nursery" objects="31414" bytes="2070400" bytesdiscarded="770600" />
  <memory-copied type="tenure" objects="52376" bytes="2009952" bytesdiscarded="2280" />
  <finalization candidates="310" enqueued="254" />
  <ownableSynchronizers candidates="7461" cleared="6331" />
  <references type="soft" candidates="753" cleared="0" enqueued="0" dynamicThreshold="9" maxThreshold="32" />
  <references type="weak" candidates="241" cleared="7" enqueued="7" />
  <object-monitors candidates="26" cleared="2"  />
</gc-op>
<gc-end id="460" type="scavenge" contextid="456" durationms="1.159" usertimems="11.833" systemtimems="0.734" stalltimems="5.377" timestamp="2024-11-12T08:49:50.975" activeThreads="16">
  <mem-info id="461" free="16345608" total="51445760" percent="31">
    <mem type="nursery" free="9608368" total="20578304" percent="46">
      <mem type="allocate" free="9608368" total="12451840" percent="77" />
      <mem type="survivor" free="0" total="8126464" percent="0" />
    </mem>
    <mem type="tenure" free="6737240" total="30867456" percent="21">
      <mem type="soa" free="5193048" total="29323264" percent="17" />
      <mem type="loa" free="1544192" total="1544192" percent="100" />
    </mem>
    <pending-finalizers system="250" default="4" reference="7" classloader="0" />
    <remembered-set count="2023" />
  </mem-info>
</gc-end>
<cycle-end id="462" type="scavenge" contextid="456" timestamp="2024-11-12T08:49:50.975" />
<allocation-satisfied id="463" threadId="00000000006DDE00" bytesRequested="5336" />
<af-end id="464" timestamp="2024-11-12T08:49:50.975" threadId="00000000006DE798" success="true" from="nursery"/>
<exclusive-end id="465" timestamp="2024-11-12T08:49:50.975" durationms="1.254" />

<exclusive-start id="466" timestamp="2024-11-12T08:49:50.988" intervalms="14.899">
  <response-info timems="0.010" idlems="0.010" threads="0" lastid="0000000000A87F00" lastname="Default Executor-thread-4" />
</exclusive-start>
<af-start id="467" threadId="0000000000A88898" totalBytesRequested="96" timestamp="2024-11-12T08:49:50.988" intervalms="14.899" type="nursery" />
<cycle-start id="468" type="scavenge" contextid="0" timestamp="2024-11-12T08:49:50.988" intervalms="14.899" />
<gc-start id="469" type="scavenge" contextid="468" timestamp="2024-11-12T08:49:50.988">
  <mem-info id="470" free="6737240" total="51445760" percent="13">
    <mem type="nursery" free="0" total="20578304" percent="0">
      <mem type="allocate" free="0" total="12451840" percent="0" />
      <mem type="survivor" free="0" total="8126464" percent="0" />
    </mem>
    <mem type="tenure" free="6737240" total="30867456" percent="21">
      <mem type="soa" free="5193048" total="29323264" percent="17" />
      <mem type="loa" free="1544192" total="1544192" percent="100" />
    </mem>
    <remembered-set count="2025" />
  </mem-info>
</gc-start>
<allocation-stats totalBytes="9430184" discardedBytes="178184" >
  <allocated-bytes non-tlh="5336" tlh="9424848" />
  <largest-consumer threadName="Config-Thread-9" threadId="00000000006DDE00" bytes="5389728" />
</allocation-stats>
<gc-op id="471" type="scavenge" timems="0.736" contextid="468" timestamp="2024-11-12T08:49:50.989">
  <scavenger-info tenureage="2" tenuremask="7ffc" tiltratio="60" />
  <memory-copied type="nursery" objects="50552" bytes="3869448" bytesdiscarded="192416" />
  <memory-copied type="tenure" objects="4344" bytes="157736" bytesdiscarded="104" />
  <finalization candidates="751" enqueued="734" />
  <ownableSynchronizers candidates="21" cleared="1" />
  <references type="soft" candidates="501" cleared="0" enqueued="0" dynamicThreshold="9" maxThreshold="32" />
  <references type="weak" candidates="171" cleared="2" enqueued="2" />
  <object-monitors candidates="24" cleared="0"  />
</gc-op>
<gc-end id="472" type="scavenge" contextid="468" durationms="0.778" usertimems="7.580" systemtimems="0.130" stalltimems="4.270" timestamp="2024-11-12T08:49:50.989" activeThreads="16">
  <mem-info id="473" free="15158328" total="51445760" percent="29">
    <mem type="nursery" free="8648416" total="20578304" percent="42">
      <mem type="allocate" free="8648416" total="12713984" percent="68" />
      <mem type="survivor" free="0" total="7864320" percent="0" />
    </mem>
    <mem type="tenure" free="6509912" total="30867456" percent="21">
      <mem type="soa" free="4965720" total="29323264" percent="16" />
      <mem type="loa" free="1544192" total="1544192" percent="100" />
    </mem>
    <pending-finalizers system="733" default="1" reference="2" classloader="0" />
    <remembered-set count="1600" />
  </mem-info>
</gc-end>
<cycle-end id="474" type="scavenge" contextid="468" timestamp="2024-11-12T08:49:50.989" />
<allocation-satisfied id="475" threadId="0000000000A87F00" bytesRequested="96" />
<af-end id="476" timestamp="2024-11-12T08:49:50.989" threadId="0000000000A88898" success="true" from="nursery"/>
<exclusive-end id="477" timestamp="2024-11-12T08:49:50.989" durationms="0.858" />

<exclusive-start id="478" timestamp="2024-11-12T08:49:51.012" intervalms="23.576">
  <response-info timems="0.013" idlems="0.013" threads="0" lastid="0000000000A87F00" lastname="Default Executor-thread-4" />
</exclusive-start>
<af-start id="479" threadId="0000000000A88898" totalBytesRequested="88" timestamp="2024-11-12T08:49:51.012" intervalms="23.578" type="nursery" />
<cycle-start id="480" type="scavenge" contextid="0" timestamp="2024-11-12T08:49:51.012" intervalms="23.590" />
<gc-start id="481" type="scavenge" contextid="480" timestamp="2024-11-12T08:49:51.012">
  <mem-info id="482" free="6488816" total="51445760" percent="12">
    <mem type="nursery" free="0" total="20578304" percent="0">
      <mem type="allocate" free="0" total="12713984" percent="0" />
      <mem type="survivor" free="0" total="7864320" percent="0" />
    </mem>
    <mem type="tenure" free="6488816" total="30867456" percent="21">
      <mem type="soa" free="4944624" total="29323264" percent="16" />
      <mem type="loa" free="1544192" total="1544192" percent="100" />
    </mem>
    <remembered-set count="1902" />
  </mem-info>
</gc-start>
<allocation-stats totalBytes="8666832" discardedBytes="2680" >
  <allocated-bytes non-tlh="21192" tlh="8645640" />
  <largest-consumer threadName="Default Executor-thread-4" threadId="0000000000A87F00" bytes="5636648" />
</allocation-stats>
<gc-op id="483" type="scavenge" timems="0.997" contextid="480" timestamp="2024-11-12T08:49:51.013">
  <scavenger-info tenureage="1" tenuremask="7ffe" tiltratio="61" />
  <memory-copied type="nursery" objects="9302" bytes="767808" bytesdiscarded="256696" />
  <memory-copied type="tenure" objects="47959" bytes="2219640" bytesdiscarded="4448" />
  <finalization candidates="201" enqueued="177" />
  <ownableSynchronizers candidates="23" cleared="6" />
  <references type="soft" candidates="14" cleared="0" enqueued="0" dynamicThreshold="9" maxThreshold="32" />
  <references type="weak" candidates="65" cleared="50" enqueued="47" />
  <object-monitors candidates="24" cleared="0"  />
</gc-op>
<gc-end id="484" type="scavenge" contextid="480" durationms="1.042" usertimems="7.475" systemtimems="0.351" stalltimems="8.556" timestamp="2024-11-12T08:49:51.013" activeThreads="16">
  <mem-info id="485" free="17008464" total="51445760" percent="33">
    <mem type="nursery" free="12343328" total="20578304" percent="59">
      <mem type="allocate" free="12343328" total="13369344" percent="92" />
      <mem type="survivor" free="0" total="7208960" percent="0" />
    </mem>
    <mem type="tenure" free="4665136" total="30867456" percent="15">
      <mem type="soa" free="3120944" total="29323264" percent="10" />
      <mem type="loa" free="1544192" total="1544192" percent="100" />
    </mem>
    <pending-finalizers system="130" default="47" reference="47" classloader="0" />
    <remembered-set count="602" />
  </mem-info>
</gc-end>
<cycle-end id="486" type="scavenge" contextid="480" timestamp="2024-11-12T08:49:51.013" />
<allocation-satisfied id="487" threadId="0000000000A87F00" bytesRequested="88" />
<af-end id="488" timestamp="2024-11-12T08:49:51.013" threadId="0000000000A88898" success="true" from="nursery"/>
<exclusive-end id="489" timestamp="2024-11-12T08:49:51.013" durationms="1.158" />

<concurrent-kickoff id="490" timestamp="2024-11-12T08:49:51.042">
  <kickoff reason="threshold reached" targetBytes="10207612" thresholdFreeBytes="1407265"  remainingFree="1353752" tenureFreeBytes="4582648" nurseryFreeBytes="1353752" />
</concurrent-kickoff>
<exclusive-start id="491" timestamp="2024-11-12T08:49:51.042" intervalms="30.224">
  <response-info timems="0.014" idlems="0.013" threads="1" lastid="0000000000C34200" lastname="ClassloaderMapProcessingThread-16" />
</exclusive-start>
<cycle-start id="492" type="global" contextid="0" timestamp="2024-11-12T08:49:51.042" intervalms="88.768" />
<concurrent-start id="493" type="global mark" contextid="492" timestamp="2024-11-12T08:49:51.042">
</concurrent-start>
<exclusive-end id="494" timestamp="2024-11-12T08:49:51.042" durationms="0.011" />

<exclusive-start id="495" timestamp="2024-11-12T08:49:51.049" intervalms="7.065">
  <response-info timems="0.022" idlems="0.013" threads="1" lastid="0000000000023B00" lastname="JIT Compilation Thread-000" />
</exclusive-start>
<af-start id="496" threadId="0000000000A88898" totalBytesRequested="248" timestamp="2024-11-12T08:49:51.049" intervalms="37.291" type="nursery" />
<cycle-start id="497" type="scavenge" contextid="0" timestamp="2024-11-12T08:49:51.049" intervalms="37.295" />
<gc-start id="498" type="scavenge" contextid="497" timestamp="2024-11-12T08:49:51.049">
  <mem-info id="499" free="4582536" total="51445760" percent="8">
    <mem type="nursery" free="0" total="20578304" percent="0">
      <mem type="allocate" free="0" total="13369344" percent="0" />
      <mem type="survivor" free="0" total="7208960" percent="0" />
    </mem>
    <mem type="tenure" free="4582536" total="30867456" percent="14">
      <mem type="soa" free="3038344" total="29323264" percent="10" />
      <mem type="loa" free="1544192" total="1544192" percent="100" />
    </mem>
    <remembered-set count="1971" />
  </mem-info>
</gc-start>
<allocation-stats totalBytes="12418672" discardedBytes="7256" >
  <allocated-bytes non-tlh="90888" tlh="12327784" />
  <largest-consumer threadName="Config-Thread-9" threadId="00000000006DDE00" bytes="5376440" />
</allocation-stats>
<gc-op id="500" type="scavenge" timems="0.641" contextid="497" timestamp="2024-11-12T08:49:51.050">
  <scavenger-info tenureage="2" tenuremask="7ffc" tiltratio="64" />
  <memory-copied type="nursery" objects="31070" bytes="2349056" bytesdiscarded="363448" />
  <finalization candidates="625" enqueued="606" />
  <ownableSynchronizers candidates="126" cleared="6" />
  <references type="soft" candidates="161" cleared="0" enqueued="0" dynamicThreshold="9" maxThreshold="32" />
  <references type="weak" candidates="405" cleared="189" enqueued="189" />
  <references type="phantom" candidates="3" cleared="0" enqueued="0" />
  <object-monitors candidates="24" cleared="0"  />
</gc-op>
<gc-end id="501" type="scavenge" contextid="497" durationms="0.697" usertimems="5.705" systemtimems="0.328" stalltimems="3.992" timestamp="2024-11-12T08:49:51.050" activeThreads="15">
  <mem-info id="502" free="15689544" total="51445760" percent="30">
    <mem type="nursery" free="11107008" total="20578304" percent="53">
      <mem type="allocate" free="11107008" total="13828096" percent="80" />
      <mem type="survivor" free="0" total="6750208" percent="0" />
    </mem>
    <mem type="tenure" free="4582536" total="30867456" percent="14">
      <mem type="soa" free="3038344" total="29323264" percent="10" />
      <mem type="loa" free="1544192" total="1544192" percent="100" />
    </mem>
    <pending-finalizers system="375" default="231" reference="189" classloader="0" />
    <remembered-set count="1776" />
  </mem-info>
</gc-end>
<cycle-end id="503" type="scavenge" contextid="497" timestamp="2024-11-12T08:49:51.050" />
<allocation-satisfied id="504" threadId="0000000000A87F00" bytesRequested="248" />
<af-end id="505" timestamp="2024-11-12T08:49:51.050" threadId="0000000000A88898" success="true" from="nursery"/>
<exclusive-end id="506" timestamp="2024-11-12T08:49:51.050" durationms="0.843" />

<concurrent-end id="507" type="global mark" contextid="492" timestamp="2024-11-12T08:49:51.050">
<gc-op id="508" type="trace" timems="8.246" contextid="492" timestamp="2024-11-12T08:49:51.050">
  <trace bytesTraced="13625448" workStackOverflowCount="0" />
  <card-cleaning reason="card cleaning threshold reached" bytesTraced="64176" cardsCleaned="138" />
</gc-op>
</concurrent-end>

<exclusive-start id="509" timestamp="2024-11-12T08:49:51.050" intervalms="1.376">
  <response-info timems="0.183" idlems="0.093" threads="1" lastid="0000000000023B00" lastname="JIT Compilation Thread-000" />
</exclusive-start>
<concurrent-global-final id="510" timestamp="2024-11-12T08:49:51.050" contextid="492" intervalms="88.498" >
  <concurrent-trace-info reason="card cleaning threshold reached" tracedByMutators="9983452" tracedByHelpers="3706172" cardsCleaned="138" workStackOverflowCount="0" />
</concurrent-global-final>
<gc-start id="511" type="global" contextid="492" timestamp="2024-11-12T08:49:51.050">
  <mem-info id="512" free="15418960" total="51445760" percent="29">
    <mem type="nursery" free="10836424" total="20578304" percent="52">
      <mem type="allocate" free="10836424" total="13828096" percent="78" />
      <mem type="survivor" free="0" total="6750208" percent="0" />
    </mem>
    <mem type="tenure" free="4582536" total="30867456" percent="14">
      <mem type="soa" free="3038344" total="29323264" percent="10" />
      <mem type="loa" free="1544192" total="1544192" percent="100" />
    </mem>
    <pending-finalizers system="87" default="0" reference="0" classloader="0" />
    <remembered-set count="1778" />
  </mem-info>
</gc-start>
<allocation-stats totalBytes="270544" discardedBytes="40" >
  <allocated-bytes non-tlh="248" tlh="270296" />
  <largest-consumer threadName="Default Executor-thread-4" threadId="0000000000A87F00" bytes="135376" />
</allocation-stats>
<gc-op id="513" type="rs-scan" timems="0.223" contextid="492" timestamp="2024-11-12T08:49:51.051">
  <scan objectsFound="25795" bytesTraced="832572" workStackOverflowCount="0" />
</gc-op>
<gc-op id="514" type="card-cleaning" timems="0.030" contextid="492" timestamp="2024-11-12T08:49:51.051">
  <card-cleaning cardsCleaned="1" bytesTraced="588" workStackOverflowCount="0" />
</gc-op>
<gc-op id="515" type="mark" timems="1.351" contextid="492" timestamp="2024-11-12T08:49:51.052">
  <trace-info objectcount="2394" scancount="1938" scanbytes="55520" />
  <finalization candidates="360" enqueued="4" />
  <ownableSynchronizers candidates="3850" cleared="0" />
  <references type="soft" candidates="4468" cleared="0" enqueued="0" dynamicThreshold="9" maxThreshold="32" />
  <references type="weak" candidates="2797" cleared="2" enqueued="1" />
  <references type="phantom" candidates="12" cleared="0" enqueued="0" />
  <stringconstants candidates="18550" cleared="2"  />
  <object-monitors candidates="24" cleared="0"  />
</gc-op>
<gc-op id="516" type="classunload" timems="0.003" contextid="492" timestamp="2024-11-12T08:49:51.052">
  <classunload-info classloadercandidates="136" classloadersunloaded="0" classesunloaded="0" anonymousclassesunloaded="0" quiescems="0.000" setupms="0.002" scanms="0.000" postms="0.000" />
</gc-op>
<gc-op id="517" type="sweep" timems="0.163" contextid="492" timestamp="2024-11-12T08:49:51.052" />
<heap-resize id="518" type="expand" space="tenure" amount="5963776" count="1" timems="0.082" reason="insufficient free space following gc" timestamp="2024-11-12T08:49:51.052" />
<gc-end id="519" type="global" contextid="492" durationms="1.915" usertimems="0.000" systemtimems="14.191" stalltimems="13.032" timestamp="2024-11-12T08:49:51.052" activeThreads="16">
  <mem-info id="520" free="23417160" total="57409536" percent="40">
    <mem type="nursery" free="12348744" total="20578304" percent="60">
      <mem type="allocate" free="12348744" total="13828096" percent="89" />
      <mem type="survivor" free="0" total="6750208" percent="0" />
    </mem>
    <mem type="tenure" free="11068416" total="36831232" percent="30" micro-fragmented="298986" macro-fragmented="0">
      <mem type="soa" free="9226240" total="34989056" percent="26" />
      <mem type="loa" free="1842176" total="1842176" percent="100" />
    </mem>
    <pending-finalizers system="91" default="0" reference="1" classloader="0" />
    <remembered-set count="1721" />
  </mem-info>
</gc-end>
<cycle-end id="521" type="global" contextid="492" timestamp="2024-11-12T08:49:51.052" />
<exclusive-end id="522" timestamp="2024-11-12T08:49:51.052" durationms="1.962" />

<exclusive-start id="523" timestamp="2024-11-12T08:49:51.058" intervalms="7.431">
  <response-info timems="0.061" idlems="0.022" threads="2" lastid="0000000000A87F00" lastname="Default Executor-thread-4" />
</exclusive-start>
<af-start id="524" threadId="0000000000C34B98" totalBytesRequested="240" timestamp="2024-11-12T08:49:51.058" intervalms="8.880" type="nursery" />
<cycle-start id="525" type="scavenge" contextid="0" timestamp="2024-11-12T08:49:51.058" intervalms="8.856" />
<gc-start id="526" type="scavenge" contextid="525" timestamp="2024-11-12T08:49:51.058">
  <mem-info id="527" free="11049544" total="57409536" percent="19">
    <mem type="nursery" free="0" total="20578304" percent="0">
      <mem type="allocate" free="0" total="13828096" percent="0" />
      <mem type="survivor" free="0" total="6750208" percent="0" />
    </mem>
    <mem type="tenure" free="11049544" total="36831232" percent="30">
      <mem type="soa" free="9207368" total="34989056" percent="26" />
      <mem type="loa" free="1842176" total="1842176" percent="100" />
    </mem>
    <remembered-set count="1923" />
  </mem-info>
</gc-start>
<allocation-stats totalBytes="12351272" discardedBytes="11344" >
  <allocated-bytes non-tlh="90504" tlh="12260768" />
  <largest-consumer threadName="ClassloaderMapProcessingThread-16" threadId="0000000000C34200" bytes="10377024" />
</allocation-stats>
<gc-op id="528" type="scavenge" timems="0.508" contextid="525" timestamp="2024-11-12T08:49:51.059">
  <scavenger-info tenureage="2" tenuremask="7ffc" tiltratio="67" />
  <memory-copied type="nursery" objects="23371" bytes="1208448" bytesdiscarded="192248" />
  <memory-copied type="tenure" objects="8053" bytes="369952" bytesdiscarded="1760" />
  <finalization candidates="82" enqueued="61" />
  <ownableSynchronizers candidates="7700" cleared="7580" />
  <references type="soft" candidates="170" cleared="0" enqueued="0" dynamicThreshold="9" maxThreshold="32" />
  <references type="weak" candidates="257" cleared="28" enqueued="28" />
  <references type="phantom" candidates="3" cleared="0" enqueued="0" />
  <object-monitors candidates="24" cleared="0"  />
</gc-op>
<gc-end id="529" type="scavenge" contextid="525" durationms="0.543" usertimems="4.458" systemtimems="0.284" stalltimems="3.283" timestamp="2024-11-12T08:49:51.059" activeThreads="15">
  <mem-info id="530" free="23742984" total="57409536" percent="41">
    <mem type="nursery" free="13212800" total="20578304" percent="64">
      <mem type="allocate" free="13212800" total="14614528" percent="90" />
      <mem type="survivor" free="0" total="5963776" percent="0" />
    </mem>
    <mem type="tenure" free="10530184" total="36831232" percent="28">
      <mem type="soa" free="8688008" total="34989056" percent="24" />
      <mem type="loa" free="1842176" total="1842176" percent="100" />
    </mem>
    <pending-finalizers system="58" default="3" reference="28" classloader="0" />
    <remembered-set count="1664" />
  </mem-info>
</gc-end>
<cycle-end id="531" type="scavenge" contextid="525" timestamp="2024-11-12T08:49:51.059" />
<allocation-satisfied id="532" threadId="0000000000C34200" bytesRequested="240" />
<af-end id="533" timestamp="2024-11-12T08:49:51.059" threadId="0000000000C34B98" success="true" from="nursery"/>
<exclusive-end id="534" timestamp="2024-11-12T08:49:51.059" durationms="0.695" />

<exclusive-start id="535" timestamp="2024-11-12T08:49:51.064" intervalms="6.018">
  <response-info timems="0.010" idlems="0.010" threads="0" lastid="0000000000A87F00" lastname="Default Executor-thread-4" />
</exclusive-start>
<af-start id="536" threadId="0000000000A88898" totalBytesRequested="8832" timestamp="2024-11-12T08:49:51.064" intervalms="5.941" type="nursery" />
<cycle-start id="537" type="scavenge" contextid="0" timestamp="2024-11-12T08:49:51.064" intervalms="5.936" />
<gc-start id="538" type="scavenge" contextid="537" timestamp="2024-11-12T08:49:51.064">
  <mem-info id="539" free="10523808" total="57409536" percent="18">
    <mem type="nursery" free="0" total="20578304" percent="0">
      <mem type="allocate" free="0" total="14614528" percent="0" />
      <mem type="survivor" free="0" total="5963776" percent="0" />
    </mem>
    <mem type="tenure" free="10523808" total="36831232" percent="28">
      <mem type="soa" free="8681632" total="34989056" percent="24" />
      <mem type="loa" free="1842176" total="1842176" percent="100" />
    </mem>
    <remembered-set count="1784" />
  </mem-info>
</gc-start>
<allocation-stats totalBytes="13169032" discardedBytes="50144" >
  <allocated-bytes non-tlh="72160" tlh="13096872" />
  <largest-consumer threadName="ClassloaderMapProcessingThread-16" threadId="0000000000C34200" bytes="10881968" />
</allocation-stats>
<gc-op id="540" type="scavenge" timems="0.478" contextid="537" timestamp="2024-11-12T08:49:51.064">
  <scavenger-info tenureage="3" tenuremask="7ff8" tiltratio="71" />
  <memory-copied type="nursery" objects="26133" bytes="1689160" bytesdiscarded="198936" />
  <finalization candidates="211" enqueued="193" />
  <ownableSynchronizers candidates="124" cleared="0" />
  <references type="soft" candidates="178" cleared="0" enqueued="0" dynamicThreshold="9" maxThreshold="32" />
  <references type="weak" candidates="255" cleared="14" enqueued="14" />
  <references type="phantom" candidates="3" cleared="0" enqueued="0" />
  <object-monitors candidates="24" cleared="0"  />
</gc-op>
<heap-resize id="541" type="expand" space="nursery" amount="1179648" count="1" timems="0.017" reason="excessive time being spent scavenging" timestamp="2024-11-12T08:49:51.064" />
<gc-end id="542" type="scavenge" contextid="537" durationms="0.526" usertimems="3.930" systemtimems="0.000" stalltimems="3.674" timestamp="2024-11-12T08:49:51.064" activeThreads="15">
  <mem-info id="543" free="24755160" total="58589184" percent="42">
    <mem type="nursery" free="14231352" total="21757952" percent="65">
      <mem type="allocate" free="14231352" total="16121856" percent="88" />
      <mem type="survivor" free="0" total="5636096" percent="0" />
    </mem>
    <mem type="tenure" free="10523808" total="36831232" percent="28">
      <mem type="soa" free="8681632" total="34989056" percent="24" />
      <mem type="loa" free="1842176" total="1842176" percent="100" />
    </mem>
    <pending-finalizers system="144" default="49" reference="14" classloader="0" />
    <remembered-set count="1128" />
  </mem-info>
</gc-end>
<cycle-end id="544" type="scavenge" contextid="537" timestamp="2024-11-12T08:49:51.064" />
<allocation-satisfied id="545" threadId="0000000000A87F00" bytesRequested="8832" />
<af-end id="546" timestamp="2024-11-12T08:49:51.064" threadId="0000000000A88898" success="true" from="nursery"/>
<exclusive-end id="547" timestamp="2024-11-12T08:49:51.064" durationms="0.590" />

<exclusive-start id="548" timestamp="2024-11-12T08:49:51.070" intervalms="6.093">
  <response-info timems="0.009" idlems="0.009" threads="0" lastid="0000000000C34200" lastname="ClassloaderMapProcessingThread-16" />
</exclusive-start>
<af-start id="549" threadId="0000000000C34B98" totalBytesRequested="88" timestamp="2024-11-12T08:49:51.070" intervalms="6.092" type="nursery" />
<cycle-start id="550" type="scavenge" contextid="0" timestamp="2024-11-12T08:49:51.070" intervalms="6.091" />
<gc-start id="551" type="scavenge" contextid="550" timestamp="2024-11-12T08:49:51.070">
  <mem-info id="552" free="10523704" total="58589184" percent="17">
    <mem type="nursery" free="0" total="21757952" percent="0">
      <mem type="allocate" free="0" total="16121856" percent="0" />
      <mem type="survivor" free="0" total="5636096" percent="0" />
    </mem>
    <mem type="tenure" free="10523704" total="36831232" percent="28">
      <mem type="soa" free="8681528" total="34989056" percent="24" />
      <mem type="loa" free="1842176" total="1842176" percent="100" />
    </mem>
    <remembered-set count="1131" />
  </mem-info>
</gc-start>
<allocation-stats totalBytes="14222528" discardedBytes="8928" >
  <allocated-bytes non-tlh="8936" tlh="14213592" />
  <largest-consumer threadName="ClassloaderMapProcessingThread-16" threadId="0000000000C34200" bytes="11066592" />
</allocation-stats>
<gc-op id="553" type="scavenge" timems="0.576" contextid="550" timestamp="2024-11-12T08:49:51.071">
  <scavenger-info tenureage="3" tenuremask="7ff8" tiltratio="74" />
  <memory-copied type="nursery" objects="10110" bytes="934592" bytesdiscarded="239112" />
  <memory-copied type="tenure" objects="18045" bytes="829208" bytesdiscarded="984" />
  <finalization candidates="339" enqueued="323" />
  <ownableSynchronizers candidates="124" cleared="0" />
  <references type="soft" candidates="30" cleared="0" enqueued="0" dynamicThreshold="9" maxThreshold="32" />
  <references type="weak" candidates="40" cleared="1" enqueued="1" />
  <object-monitors candidates="24" cleared="0"  />
</gc-op>
<heap-resize id="554" type="expand" space="nursery" amount="917504" count="1" timems="0.006" reason="excessive time being spent scavenging" timestamp="2024-11-12T08:49:51.071" />
<gc-end id="555" type="scavenge" contextid="550" durationms="0.614" usertimems="6.733" systemtimems="0.279" stalltimems="3.773" timestamp="2024-11-12T08:49:51.071" activeThreads="14">
  <mem-info id="556" free="26213216" total="59506688" percent="44">
    <mem type="nursery" free="16650312" total="22675456" percent="73">
      <mem type="allocate" free="16650312" total="17825792" percent="93" />
      <mem type="survivor" free="0" total="4849664" percent="0" />
    </mem>
    <mem type="tenure" free="9562904" total="36831232" percent="25">
      <mem type="soa" free="7720728" total="34989056" percent="22" />
      <mem type="loa" free="1842176" total="1842176" percent="100" />
    </mem>
    <pending-finalizers system="216" default="107" reference="1" classloader="0" />
    <remembered-set count="861" />
  </mem-info>
</gc-end>
<cycle-end id="557" type="scavenge" contextid="550" timestamp="2024-11-12T08:49:51.071" />
<allocation-satisfied id="558" threadId="0000000000C34200" bytesRequested="88" />
<af-end id="559" timestamp="2024-11-12T08:49:51.071" threadId="0000000000C34B98" success="true" from="nursery"/>
<exclusive-end id="560" timestamp="2024-11-12T08:49:51.071" durationms="0.672" />

<exclusive-start id="561" timestamp="2024-11-12T08:49:51.077" intervalms="7.090">
  <response-info timems="0.011" idlems="0.011" threads="0" lastid="0000000000C34200" lastname="ClassloaderMapProcessingThread-16" />
</exclusive-start>
<af-start id="562" threadId="0000000000C34B98" totalBytesRequested="472" timestamp="2024-11-12T08:49:51.077" intervalms="7.089" type="nursery" />
<cycle-start id="563" type="scavenge" contextid="0" timestamp="2024-11-12T08:49:51.077" intervalms="7.094" />
<gc-start id="564" type="scavenge" contextid="563" timestamp="2024-11-12T08:49:51.077">
  <mem-info id="565" free="9467472" total="59506688" percent="15">
    <mem type="nursery" free="0" total="22675456" percent="0">
      <mem type="allocate" free="0" total="17825792" percent="0" />
      <mem type="survivor" free="0" total="4849664" percent="0" />
    </mem>
    <mem type="tenure" free="9467472" total="36831232" percent="25">
      <mem type="soa" free="7625296" total="34989056" percent="21" />
      <mem type="loa" free="1842176" total="1842176" percent="100" />
    </mem>
    <remembered-set count="1772" />
  </mem-info>
</gc-start>
<allocation-stats totalBytes="16735560" discardedBytes="10184" >
  <allocated-bytes non-tlh="95520" tlh="16640040" />
  <largest-consumer threadName="ClassloaderMapProcessingThread-16" threadId="0000000000C34200" bytes="13067960" />
</allocation-stats>
<gc-op id="566" type="scavenge" timems="0.406" contextid="563" timestamp="2024-11-12T08:49:51.078">
  <scavenger-info tenureage="4" tenuremask="7ff0" tiltratio="78" />
  <memory-copied type="nursery" objects="14459" bytes="1154120" bytesdiscarded="214912" />
  <finalization candidates="398" enqueued="392" />
  <ownableSynchronizers candidates="42" cleared="1" />
  <references type="soft" candidates="97" cleared="0" enqueued="0" dynamicThreshold="9" maxThreshold="32" />
  <references type="weak" candidates="73" cleared="16" enqueued="16" />
  <object-monitors candidates="24" cleared="0"  />
</gc-op>
<gc-end id="567" type="scavenge" contextid="563" durationms="0.526" usertimems="4.689" systemtimems="0.000" stalltimems="2.946" timestamp="2024-11-12T08:49:51.078" activeThreads="14">
  <mem-info id="568" free="26708376" total="59506688" percent="44">
    <mem type="nursery" free="17240904" total="22675456" percent="76">
      <mem type="allocate" free="17240904" total="18612224" percent="92" />
      <mem type="survivor" free="0" total="4063232" percent="0" />
    </mem>
    <mem type="tenure" free="9467472" total="36831232" percent="25">
      <mem type="soa" free="7625296" total="34989056" percent="21" />
      <mem type="loa" free="1842176" total="1842176" percent="100" />
    </mem>
    <pending-finalizers system="259" default="133" reference="16" classloader="0" />
    <remembered-set count="1530" />
  </mem-info>
</gc-end>
<cycle-end id="569" type="scavenge" contextid="563" timestamp="2024-11-12T08:49:51.078" />
<allocation-satisfied id="570" threadId="0000000000C34200" bytesRequested="472" />
<af-end id="571" timestamp="2024-11-12T08:49:51.078" threadId="0000000000C34B98" success="true" from="nursery"/>
<exclusive-end id="572" timestamp="2024-11-12T08:49:51.078" durationms="0.594" />

<exclusive-start id="573" timestamp="2024-11-12T08:49:51.085" intervalms="7.593">
  <response-info timems="0.013" idlems="0.013" threads="0" lastid="0000000000C34200" lastname="ClassloaderMapProcessingThread-16" />
</exclusive-start>
<af-start id="574" threadId="0000000000C34B98" totalBytesRequested="480" timestamp="2024-11-12T08:49:51.085" intervalms="7.593" type="nursery" />
<cycle-start id="575" type="scavenge" contextid="0" timestamp="2024-11-12T08:49:51.085" intervalms="7.595" />
<gc-start id="576" type="scavenge" contextid="575" timestamp="2024-11-12T08:49:51.085">
  <mem-info id="577" free="9463984" total="59506688" percent="15">
    <mem type="nursery" free="0" total="22675456" percent="0">
      <mem type="allocate" free="0" total="18612224" percent="0" />
      <mem type="survivor" free="0" total="4063232" percent="0" />
    </mem>
    <mem type="tenure" free="9463984" total="36831232" percent="25">
      <mem type="soa" free="7621808" total="34989056" percent="21" />
      <mem type="loa" free="1842176" total="1842176" percent="100" />
    </mem>
    <remembered-set count="1717" />
  </mem-info>
</gc-start>
<allocation-stats totalBytes="17230120" discardedBytes="14272" >
  <allocated-bytes non-tlh="135048" tlh="17095072" />
  <largest-consumer threadName="ClassloaderMapProcessingThread-16" threadId="0000000000C34200" bytes="14676120" />
</allocation-stats>
<gc-op id="578" type="scavenge" timems="0.412" contextid="575" timestamp="2024-11-12T08:49:51.085">
  <scavenger-info tenureage="5" tenuremask="7fe0" tiltratio="82" />
  <memory-copied type="nursery" objects="16388" bytes="1267384" bytesdiscarded="229912" />
  <finalization candidates="333" enqueued="327" />
  <ownableSynchronizers candidates="58" cleared="3" />
  <references type="soft" candidates="101" cleared="0" enqueued="0" dynamicThreshold="9" maxThreshold="32" />
  <references type="weak" candidates="103" cleared="30" enqueued="30" />
  <object-monitors candidates="26" cleared="0"  />
</gc-op>
<heap-resize id="579" type="expand" space="nursery" amount="917504" count="1" timems="0.010" reason="excessive time being spent scavenging" timestamp="2024-11-12T08:49:51.085" />
<gc-end id="580" type="scavenge" contextid="575" durationms="0.457" usertimems="3.583" systemtimems="0.000" stalltimems="2.678" timestamp="2024-11-12T08:49:51.085" activeThreads="12">
  <mem-info id="581" free="27756360" total="60424192" percent="45">
    <mem type="nursery" free="18292376" total="23592960" percent="77">
      <mem type="allocate" free="18292376" total="19791872" percent="92" />
      <mem type="survivor" free="0" total="3801088" percent="0" />
    </mem>
    <mem type="tenure" free="9463984" total="36831232" percent="25">
      <mem type="soa" free="7621808" total="34989056" percent="21" />
      <mem type="loa" free="1842176" total="1842176" percent="100" />
    </mem>
    <pending-finalizers system="218" default="109" reference="30" classloader="0" />
    <remembered-set count="1635" />
  </mem-info>
</gc-end>
<cycle-end id="582" type="scavenge" contextid="575" timestamp="2024-11-12T08:49:51.085" />
<allocation-satisfied id="583" threadId="0000000000C34200" bytesRequested="480" />
<af-end id="584" timestamp="2024-11-12T08:49:51.085" threadId="0000000000C34B98" success="true" from="nursery"/>
<exclusive-end id="585" timestamp="2024-11-12T08:49:51.085" durationms="0.523" />

<exclusive-start id="586" timestamp="2024-11-12T08:49:51.117" intervalms="31.911">
  <response-info timems="0.022" idlems="0.022" threads="0" lastid="0000000000A87F00" lastname="Default Executor-thread-4" />
</exclusive-start>
<af-start id="587" threadId="0000000000A88898" totalBytesRequested="40" timestamp="2024-11-12T08:49:51.117" intervalms="31.922" type="nursery" />
<cycle-start id="588" type="scavenge" contextid="0" timestamp="2024-11-12T08:49:51.117" intervalms="31.952" />
<gc-start id="589" type="scavenge" contextid="588" timestamp="2024-11-12T08:49:51.117">
  <mem-info id="590" free="9463800" total="60424192" percent="15">
    <mem type="nursery" free="0" total="23592960" percent="0">
      <mem type="allocate" free="0" total="19791872" percent="0" />
      <mem type="survivor" free="0" total="3801088" percent="0" />
    </mem>
    <mem type="tenure" free="9463800" total="36831232" percent="25">
      <mem type="soa" free="7621624" total="34989056" percent="21" />
      <mem type="loa" free="1842176" total="1842176" percent="100" />
    </mem>
    <remembered-set count="1662" />
  </mem-info>
</gc-start>
<allocation-stats totalBytes="18278104" discardedBytes="14456" >
  <allocated-bytes non-tlh="131752" tlh="18146352" />
  <largest-consumer threadName="Default Executor-thread-4" threadId="0000000000A87F00" bytes="12281824" />
</allocation-stats>
<gc-op id="591" type="scavenge" timems="0.701" contextid="588" timestamp="2024-11-12T08:49:51.117">
  <scavenger-info tenureage="6" tenuremask="7fc0" tiltratio="83" />
  <memory-copied type="nursery" objects="26561" bytes="3627608" bytesdiscarded="164272" />
  <memory-copied type="tenure" objects="68" bytes="29448" bytesdiscarded="312" />
  <copy-failed type="nursery" objects="68" bytes="29448" />
  <finalization candidates="1660" enqueued="1653" />
  <ownableSynchronizers candidates="55" cleared="0" />
  <references type="soft" candidates="101" cleared="0" enqueued="0" dynamicThreshold="9" maxThreshold="32" />
  <references type="weak" candidates="77" cleared="3" enqueued="3" />
  <object-monitors candidates="26" cleared="0"  />
</gc-op>
<gc-end id="592" type="scavenge" contextid="588" durationms="0.780" usertimems="7.987" systemtimems="0.087" stalltimems="1.962" timestamp="2024-11-12T08:49:51.117" activeThreads="11">
  <mem-info id="593" free="21957984" total="60424192" percent="36">
    <mem type="nursery" free="12517376" total="23592960" percent="53">
      <mem type="allocate" free="12517376" total="16318464" percent="76" />
      <mem type="survivor" free="0" total="7274496" percent="0" />
    </mem>
    <mem type="tenure" free="9440608" total="36831232" percent="25">
      <mem type="soa" free="7598432" total="34989056" percent="21" />
      <mem type="loa" free="1842176" total="1842176" percent="100" />
    </mem>
    <pending-finalizers system="1102" default="551" reference="3" classloader="0" />
    <remembered-set count="1051" />
  </mem-info>
</gc-end>
<cycle-end id="594" type="scavenge" contextid="588" timestamp="2024-11-12T08:49:51.118" />
<allocation-satisfied id="595" threadId="0000000000A87F00" bytesRequested="40" />
<af-end id="596" timestamp="2024-11-12T08:49:51.118" threadId="0000000000A88898" success="true" from="nursery"/>
<exclusive-end id="597" timestamp="2024-11-12T08:49:51.118" durationms="0.958" />

<exclusive-start id="598" timestamp="2024-11-12T08:49:51.148" intervalms="31.730">
  <response-info timems="0.659" idlems="0.331" threads="1" lastid="0000000000032B00" lastname="JIT Compilation Thread-004" />
</exclusive-start>
<af-start id="599" threadId="0000000000A88898" totalBytesRequested="16" timestamp="2024-11-12T08:49:51.148" intervalms="31.732" type="nursery" />
<cycle-start id="600" type="scavenge" contextid="0" timestamp="2024-11-12T08:49:51.148" intervalms="31.734" />
<gc-start id="601" type="scavenge" contextid="600" timestamp="2024-11-12T08:49:51.148">
  <mem-info id="602" free="9440608" total="60424192" percent="15">
    <mem type="nursery" free="0" total="23592960" percent="0">
      <mem type="allocate" free="0" total="16318464" percent="0" />
      <mem type="survivor" free="0" total="7274496" percent="0" />
    </mem>
    <mem type="tenure" free="9440608" total="36831232" percent="25">
      <mem type="soa" free="7598432" total="34989056" percent="21" />
      <mem type="loa" free="1842176" total="1842176" percent="100" />
    </mem>
    <remembered-set count="1053" />
  </mem-info>
</gc-start>
<allocation-stats totalBytes="12501472" discardedBytes="15904" >
  <allocated-bytes non-tlh="40" tlh="12501432" />
  <largest-consumer threadName="Default Executor-thread-4" threadId="0000000000A87F00" bytes="12501472" />
</allocation-stats>
<gc-op id="603" type="scavenge" timems="0.808" contextid="600" timestamp="2024-11-12T08:49:51.149">
  <scavenger-info tenureage="6" tenuremask="7fc0" tiltratio="69" />
  <memory-copied type="nursery" objects="26470" bytes="4001240" bytesdiscarded="271632" />
  <memory-copied type="tenure" objects="3720" bytes="132544" bytesdiscarded="384" />
  <finalization candidates="1745" enqueued="1736" />
  <ownableSynchronizers candidates="55" cleared="0" />
  <references type="soft" candidates="79" cleared="0" enqueued="0" dynamicThreshold="9" maxThreshold="32" />
  <references type="weak" candidates="46" cleared="0" enqueued="0" />
  <object-monitors candidates="26" cleared="0"  />
</gc-op>
<gc-end id="604" type="scavenge" contextid="600" durationms="0.876" usertimems="7.958" systemtimems="0.453" stalltimems="3.081" timestamp="2024-11-12T08:49:51.149" activeThreads="13">
  <mem-info id="605" free="22974456" total="60424192" percent="38">
    <mem type="nursery" free="13674392" total="23592960" percent="57">
      <mem type="allocate" free="13674392" total="17956864" percent="76" />
      <mem type="survivor" free="0" total="5636096" percent="0" />
    </mem>
    <mem type="tenure" free="9300064" total="36831232" percent="25">
      <mem type="soa" free="7457888" total="34989056" percent="21" />
      <mem type="loa" free="1842176" total="1842176" percent="100" />
    </mem>
    <pending-finalizers system="1158" default="578" reference="0" classloader="0" />
    <remembered-set count="1069" />
  </mem-info>
</gc-end>
<cycle-end id="606" type="scavenge" contextid="600" timestamp="2024-11-12T08:49:51.149" />
<allocation-satisfied id="607" threadId="0000000000A87F00" bytesRequested="16" />
<af-end id="608" timestamp="2024-11-12T08:49:51.149" threadId="0000000000A88898" success="true" from="nursery"/>
<exclusive-end id="609" timestamp="2024-11-12T08:49:51.149" durationms="1.054" />

<exclusive-start id="610" timestamp="2024-11-12T08:49:51.175" intervalms="27.159">
  <response-info timems="0.014" idlems="0.014" threads="0" lastid="0000000000A87F00" lastname="Default Executor-thread-4" />
</exclusive-start>
<af-start id="611" threadId="0000000000A88898" totalBytesRequested="96" timestamp="2024-11-12T08:49:51.175" intervalms="27.158" type="nursery" />
<cycle-start id="612" type="scavenge" contextid="0" timestamp="2024-11-12T08:49:51.176" intervalms="27.158" />
<gc-start id="613" type="scavenge" contextid="612" timestamp="2024-11-12T08:49:51.176">
  <mem-info id="614" free="9300064" total="60424192" percent="15">
    <mem type="nursery" free="0" total="23592960" percent="0">
      <mem type="allocate" free="0" total="17956864" percent="0" />
      <mem type="survivor" free="0" total="5636096" percent="0" />
    </mem>
    <mem type="tenure" free="9300064" total="36831232" percent="25">
      <mem type="soa" free="7457888" total="34989056" percent="21" />
      <mem type="loa" free="1842176" total="1842176" percent="100" />
    </mem>
    <remembered-set count="1069" />
  </mem-info>
</gc-start>
<allocation-stats totalBytes="13662712" discardedBytes="11680" >
  <allocated-bytes non-tlh="157072" tlh="13505640" />
  <largest-consumer threadName="Default Executor-thread-4" threadId="0000000000A87F00" bytes="13662712" />
</allocation-stats>
<gc-op id="615" type="scavenge" timems="0.757" contextid="612" timestamp="2024-11-12T08:49:51.176">
  <scavenger-info tenureage="6" tenuremask="7fc0" tiltratio="76" />
  <memory-copied type="nursery" objects="29181" bytes="4938808" bytesdiscarded="218520" />
  <memory-copied type="tenure" objects="2571" bytes="88568" bytesdiscarded="16" />
  <finalization candidates="2079" enqueued="2073" />
  <ownableSynchronizers candidates="55" cleared="0" />
  <references type="soft" candidates="71" cleared="0" enqueued="0" dynamicThreshold="9" maxThreshold="32" />
  <references type="weak" candidates="35" cleared="0" enqueued="0" />
  <object-monitors candidates="26" cleared="0"  />
</gc-op>
<gc-end id="616" type="scavenge" contextid="612" durationms="0.834" usertimems="14.546" systemtimems="1.508" stalltimems="3.594" timestamp="2024-11-12T08:49:51.176" activeThreads="15">
  <mem-info id="617" free="20751128" total="60424192" percent="34">
    <mem type="nursery" free="11608504" total="23592960" percent="49">
      <mem type="allocate" free="11608504" total="16777216" percent="69" />
      <mem type="survivor" free="0" total="6815744" percent="0" />
    </mem>
    <mem type="tenure" free="9142624" total="36831232" percent="24">
      <mem type="soa" free="7300448" total="34989056" percent="20" />
      <mem type="loa" free="1842176" total="1842176" percent="100" />
    </mem>
    <pending-finalizers system="1382" default="691" reference="0" classloader="0" />
    <remembered-set count="1001" />
  </mem-info>
</gc-end>
<cycle-end id="618" type="scavenge" contextid="612" timestamp="2024-11-12T08:49:51.176" />
<allocation-satisfied id="619" threadId="0000000000A87F00" bytesRequested="96" />
<af-end id="620" timestamp="2024-11-12T08:49:51.176" threadId="0000000000A88898" success="true" from="nursery"/>
<exclusive-end id="621" timestamp="2024-11-12T08:49:51.176" durationms="1.019" />

<exclusive-start id="622" timestamp="2024-11-12T08:49:51.202" intervalms="27.006">
  <response-info timems="0.018" idlems="0.018" threads="0" lastid="0000000000A87F00" lastname="Default Executor-thread-4" />
</exclusive-start>
<af-start id="623" threadId="0000000000A88898" totalBytesRequested="56" timestamp="2024-11-12T08:49:51.202" intervalms="27.007" type="nursery" />
<cycle-start id="624" type="scavenge" contextid="0" timestamp="2024-11-12T08:49:51.203" intervalms="27.008" />
<gc-start id="625" type="scavenge" contextid="624" timestamp="2024-11-12T08:49:51.203">
  <mem-info id="626" free="9142624" total="60424192" percent="15">
    <mem type="nursery" free="0" total="23592960" percent="0">
      <mem type="allocate" free="0" total="16777216" percent="0" />
      <mem type="survivor" free="0" total="6815744" percent="0" />
    </mem>
    <mem type="tenure" free="9142624" total="36831232" percent="24">
      <mem type="soa" free="7300448" total="34989056" percent="20" />
      <mem type="loa" free="1842176" total="1842176" percent="100" />
    </mem>
    <remembered-set count="1003" />
  </mem-info>
</gc-start>
<allocation-stats totalBytes="11595200" discardedBytes="13304" >
  <allocated-bytes non-tlh="96" tlh="11595104" />
  <largest-consumer threadName="Default Executor-thread-4" threadId="0000000000A87F00" bytes="11595200" />
</allocation-stats>
<gc-op id="627" type="scavenge" timems="0.881" contextid="624" timestamp="2024-11-12T08:49:51.203">
  <scavenger-info tenureage="6" tenuremask="7fc0" tiltratio="71" />
  <memory-copied type="nursery" objects="34666" bytes="4518672" bytesdiscarded="342544" />
  <memory-copied type="tenure" objects="1284" bytes="40840" bytesdiscarded="0" />
  <finalization candidates="2494" enqueued="2491" />
  <ownableSynchronizers candidates="51" cleared="0" />
  <references type="soft" candidates="71" cleared="0" enqueued="0" dynamicThreshold="9" maxThreshold="32" />
  <references type="weak" candidates="35" cleared="0" enqueued="0" />
  <object-monitors candidates="26" cleared="0"  />
</gc-op>
<gc-end id="628" type="scavenge" contextid="624" durationms="0.954" usertimems="7.175" systemtimems="0.393" stalltimems="4.043" timestamp="2024-11-12T08:49:51.204" activeThreads="16">
  <mem-info id="629" free="21241616" total="60424192" percent="35">
    <mem type="nursery" free="12098992" total="23592960" percent="51">
      <mem type="allocate" free="12098992" total="16973824" percent="71" />
      <mem type="survivor" free="0" total="6619136" percent="0" />
    </mem>
    <mem type="tenure" free="9142624" total="36831232" percent="24">
      <mem type="soa" free="7300448" total="34989056" percent="20" />
      <mem type="loa" free="1842176" total="1842176" percent="100" />
    </mem>
    <pending-finalizers system="1660" default="831" reference="0" classloader="0" />
    <remembered-set count="1109" />
  </mem-info>
</gc-end>
<cycle-end id="630" type="scavenge" contextid="624" timestamp="2024-11-12T08:49:51.204" />
<allocation-satisfied id="631" threadId="0000000000A87F00" bytesRequested="56" />
<af-end id="632" timestamp="2024-11-12T08:49:51.204" threadId="0000000000A88898" success="true" from="nursery"/>
<exclusive-end id="633" timestamp="2024-11-12T08:49:51.204" durationms="1.138" />

<exclusive-start id="634" timestamp="2024-11-12T08:49:51.223" intervalms="20.371">
  <response-info timems="0.014" idlems="0.014" threads="0" lastid="0000000000A87F00" lastname="Default Executor-thread-4" />
</exclusive-start>
<af-start id="635" threadId="0000000000A88898" totalBytesRequested="31064" timestamp="2024-11-12T08:49:51.223" intervalms="20.365" type="nursery" />
<cycle-start id="636" type="scavenge" contextid="0" timestamp="2024-11-12T08:49:51.223" intervalms="20.353" />
<gc-start id="637" type="scavenge" contextid="636" timestamp="2024-11-12T08:49:51.223">
  <mem-info id="638" free="9142624" total="60424192" percent="15">
    <mem type="nursery" free="0" total="23592960" percent="0">
      <mem type="allocate" free="0" total="16973824" percent="0" />
      <mem type="survivor" free="0" total="6619136" percent="0" />
    </mem>
    <mem type="tenure" free="9142624" total="36831232" percent="24">
      <mem type="soa" free="7300448" total="34989056" percent="20" />
      <mem type="loa" free="1842176" total="1842176" percent="100" />
    </mem>
    <remembered-set count="1116" />
  </mem-info>
</gc-start>
<allocation-stats totalBytes="12076368" discardedBytes="22624" >
  <allocated-bytes non-tlh="196688" tlh="11879680" />
  <largest-consumer threadName="Default Executor-thread-4" threadId="0000000000A87F00" bytes="12076368" />
</allocation-stats>
<gc-op id="639" type="scavenge" timems="0.705" contextid="636" timestamp="2024-11-12T08:49:51.224">
  <scavenger-info tenureage="6" tenuremask="7fc0" tiltratio="71" />
  <memory-copied type="nursery" objects="35400" bytes="4657608" bytesdiscarded="300408" />
  <memory-copied type="tenure" objects="3273" bytes="101760" bytesdiscarded="128" />
  <finalization candidates="2472" enqueued="2466" />
  <ownableSynchronizers candidates="51" cleared="0" />
  <references type="soft" candidates="4" cleared="0" enqueued="0" dynamicThreshold="9" maxThreshold="32" />
  <references type="weak" candidates="19" cleared="0" enqueued="0" />
  <object-monitors candidates="26" cleared="0"  />
</gc-op>
<gc-end id="640" type="scavenge" contextid="636" durationms="0.761" usertimems="7.095" systemtimems="0.381" stalltimems="3.331" timestamp="2024-11-12T08:49:51.224" activeThreads="15">
  <mem-info id="641" free="21005024" total="60424192" percent="34">
    <mem type="nursery" free="12133504" total="23592960" percent="51">
      <mem type="allocate" free="12133504" total="17104896" percent="70" />
      <mem type="survivor" free="0" total="6488064" percent="0" />
    </mem>
    <mem type="tenure" free="8871520" total="36831232" percent="24">
      <mem type="soa" free="7029344" total="34989056" percent="20" />
      <mem type="loa" free="1842176" total="1842176" percent="100" />
    </mem>
    <pending-finalizers system="1644" default="822" reference="0" classloader="0" />
    <remembered-set count="1047" />
  </mem-info>
</gc-end>
<cycle-end id="642" type="scavenge" contextid="636" timestamp="2024-11-12T08:49:51.224" />
<allocation-satisfied id="643" threadId="0000000000A87F00" bytesRequested="31064" />
<af-end id="644" timestamp="2024-11-12T08:49:51.224" threadId="0000000000A88898" success="true" from="nursery"/>
<exclusive-end id="645" timestamp="2024-11-12T08:49:51.224" durationms="0.913" />

<exclusive-start id="646" timestamp="2024-11-12T08:49:51.240" intervalms="16.728">
  <response-info timems="0.012" idlems="0.012" threads="0" lastid="0000000000A87F00" lastname="Default Executor-thread-4" />
</exclusive-start>
<af-start id="647" threadId="0000000000A88898" totalBytesRequested="1520" timestamp="2024-11-12T08:49:51.240" intervalms="16.724" type="nursery" />
<cycle-start id="648" type="scavenge" contextid="0" timestamp="2024-11-12T08:49:51.240" intervalms="16.715" />
<gc-start id="649" type="scavenge" contextid="648" timestamp="2024-11-12T08:49:51.240">
  <mem-info id="650" free="8871096" total="60424192" percent="14">
    <mem type="nursery" free="0" total="23592960" percent="0">
      <mem type="allocate" free="0" total="17104896" percent="0" />
      <mem type="survivor" free="0" total="6488064" percent="0" />
    </mem>
    <mem type="tenure" free="8871096" total="36831232" percent="24">
      <mem type="soa" free="7028920" total="34989056" percent="20" />
      <mem type="loa" free="1842176" total="1842176" percent="100" />
    </mem>
    <remembered-set count="1071" />
  </mem-info>
</gc-start>
<allocation-stats totalBytes="12120976" discardedBytes="12952" >
  <allocated-bytes non-tlh="140048" tlh="11980928" />
  <largest-consumer threadName="Default Executor-thread-4" threadId="0000000000A87F00" bytes="12120976" />
</allocation-stats>
<gc-op id="651" type="scavenge" timems="0.715" contextid="648" timestamp="2024-11-12T08:49:51.240">
  <scavenger-info tenureage="5" tenuremask="7fe0" tiltratio="72" />
  <memory-copied type="nursery" objects="26901" bytes="4397896" bytesdiscarded="543744" />
  <memory-copied type="tenure" objects="7662" bytes="572312" bytesdiscarded="472" />
  <finalization candidates="1658" enqueued="1653" />
  <ownableSynchronizers candidates="15" cleared="0" />
  <references type="weak" candidates="1" cleared="0" enqueued="0" />
  <object-monitors candidates="26" cleared="0"  />
</gc-op>
<gc-end id="652" type="scavenge" contextid="648" durationms="0.767" usertimems="8.887" systemtimems="2.927" stalltimems="4.047" timestamp="2024-11-12T08:49:51.240" activeThreads="16">
  <mem-info id="653" free="20446416" total="60424192" percent="33">
    <mem type="nursery" free="12351040" total="23592960" percent="52">
      <mem type="allocate" free="12351040" total="17301504" percent="71" />
      <mem type="survivor" free="0" total="6291456" percent="0" />
    </mem>
    <mem type="tenure" free="8095376" total="36831232" percent="21">
      <mem type="soa" free="6253200" total="34989056" percent="17" />
      <mem type="loa" free="1842176" total="1842176" percent="100" />
    </mem>
    <pending-finalizers system="1102" default="551" reference="0" classloader="0" />
    <remembered-set count="643" />
  </mem-info>
</gc-end>
<cycle-end id="654" type="scavenge" contextid="648" timestamp="2024-11-12T08:49:51.240" />
<allocation-satisfied id="655" threadId="0000000000A87F00" bytesRequested="1520" />
<af-end id="656" timestamp="2024-11-12T08:49:51.240" threadId="0000000000A88898" success="true" from="nursery"/>
<exclusive-end id="657" timestamp="2024-11-12T08:49:51.240" durationms="0.867" />

<exclusive-start id="658" timestamp="2024-11-12T08:49:51.257" intervalms="17.511">
  <response-info timems="0.014" idlems="0.014" threads="0" lastid="0000000000A87F00" lastname="Default Executor-thread-4" />
</exclusive-start>
<af-start id="659" threadId="0000000000A88898" totalBytesRequested="296" timestamp="2024-11-12T08:49:51.257" intervalms="17.514" type="nursery" />
<cycle-start id="660" type="scavenge" contextid="0" timestamp="2024-11-12T08:49:51.257" intervalms="17.519" />
<gc-start id="661" type="scavenge" contextid="660" timestamp="2024-11-12T08:49:51.257">
  <mem-info id="662" free="8095136" total="60424192" percent="13">
    <mem type="nursery" free="0" total="23592960" percent="0">
      <mem type="allocate" free="0" total="17301504" percent="0" />
      <mem type="survivor" free="0" total="6291456" percent="0" />
    </mem>
    <mem type="tenure" free="8095136" total="36831232" percent="21">
      <mem type="soa" free="6252960" total="34989056" percent="17" />
      <mem type="loa" free="1842176" total="1842176" percent="100" />
    </mem>
    <remembered-set count="681" />
  </mem-info>
</gc-start>
<allocation-stats totalBytes="12337504" discardedBytes="13776" >
  <allocated-bytes non-tlh="202192" tlh="12135312" />
  <largest-consumer threadName="Default Executor-thread-4" threadId="0000000000A87F00" bytes="12337504" />
</allocation-stats>
<gc-op id="663" type="scavenge" timems="0.615" contextid="660" timestamp="2024-11-12T08:49:51.258">
  <scavenger-info tenureage="6" tenuremask="7fc0" tiltratio="73" />
  <memory-copied type="nursery" objects="31641" bytes="4623176" bytesdiscarded="365536" />
  <finalization candidates="1912" enqueued="1910" />
  <references type="weak" candidates="1" cleared="0" enqueued="0" />
  <object-monitors candidates="26" cleared="0"  />
</gc-op>
<gc-end id="664" type="scavenge" contextid="660" durationms="0.684" usertimems="8.648" systemtimems="0.458" stalltimems="2.601" timestamp="2024-11-12T08:49:51.258" activeThreads="16">
  <mem-info id="665" free="20463280" total="60424192" percent="33">
    <mem type="nursery" free="12368144" total="23592960" percent="52">
      <mem type="allocate" free="12368144" total="17367040" percent="71" />
      <mem type="survivor" free="0" total="6225920" percent="0" />
    </mem>
    <mem type="tenure" free="8095136" total="36831232" percent="21">
      <mem type="soa" free="6252960" total="34989056" percent="17" />
      <mem type="loa" free="1842176" total="1842176" percent="100" />
    </mem>
    <pending-finalizers system="1274" default="636" reference="0" classloader="0" />
    <remembered-set count="679" />
  </mem-info>
</gc-end>
<cycle-end id="666" type="scavenge" contextid="660" timestamp="2024-11-12T08:49:51.258" />
<allocation-satisfied id="667" threadId="0000000000A87F00" bytesRequested="296" />
<af-end id="668" timestamp="2024-11-12T08:49:51.258" threadId="0000000000A88898" success="true" from="nursery"/>
<exclusive-end id="669" timestamp="2024-11-12T08:49:51.258" durationms="0.824" />

<exclusive-start id="670" timestamp="2024-11-12T08:49:51.285" intervalms="28.020">
  <response-info timems="0.017" idlems="0.017" threads="0" lastid="0000000000A87F00" lastname="Default Executor-thread-4" />
</exclusive-start>
<af-start id="671" threadId="0000000000A88898" totalBytesRequested="3544" timestamp="2024-11-12T08:49:51.285" intervalms="28.022" type="nursery" />
<cycle-start id="672" type="scavenge" contextid="0" timestamp="2024-11-12T08:49:51.285" intervalms="28.025" />
<gc-start id="673" type="scavenge" contextid="672" timestamp="2024-11-12T08:49:51.285">
  <mem-info id="674" free="8094944" total="60424192" percent="13">
    <mem type="nursery" free="0" total="23592960" percent="0">
      <mem type="allocate" free="0" total="17367040" percent="0" />
      <mem type="survivor" free="0" total="6225920" percent="0" />
    </mem>
    <mem type="tenure" free="8094944" total="36831232" percent="21">
      <mem type="soa" free="6252768" total="34989056" percent="17" />
      <mem type="loa" free="1842176" total="1842176" percent="100" />
    </mem>
    <remembered-set count="1372" />
  </mem-info>
</gc-start>
<allocation-stats totalBytes="12354080" discardedBytes="14256" >
  <allocated-bytes non-tlh="131576" tlh="12222504" />
  <largest-consumer threadName="Default Executor-thread-4" threadId="0000000000A87F00" bytes="12354080" />
</allocation-stats>
<gc-op id="675" type="scavenge" timems="0.724" contextid="672" timestamp="2024-11-12T08:49:51.286">
  <scavenger-info tenureage="6" tenuremask="7fc0" tiltratio="73" />
  <memory-copied type="nursery" objects="35863" bytes="4461552" bytesdiscarded="527360" />
  <memory-copied type="tenure" objects="3210" bytes="114216" bytesdiscarded="8" />
  <finalization candidates="1685" enqueued="1680" />
  <references type="weak" candidates="4" cleared="2" enqueued="2" />
  <object-monitors candidates="26" cleared="0"  />
</gc-op>
<gc-end id="676" type="scavenge" contextid="672" durationms="0.778" usertimems="9.481" systemtimems="0.515" stalltimems="2.947" timestamp="2024-11-12T08:49:51.286" activeThreads="16">
  <mem-info id="677" free="20354808" total="60424192" percent="33">
    <mem type="nursery" free="12500248" total="23592960" percent="52">
      <mem type="allocate" free="12500248" total="17498112" percent="71" />
      <mem type="survivor" free="0" total="6094848" percent="0" />
    </mem>
    <mem type="tenure" free="7854560" total="36831232" percent="21">
      <mem type="soa" free="6012384" total="34989056" percent="17" />
      <mem type="loa" free="1842176" total="1842176" percent="100" />
    </mem>
    <pending-finalizers system="1120" default="560" reference="2" classloader="0" />
    <remembered-set count="1518" />
  </mem-info>
</gc-end>
<cycle-end id="678" type="scavenge" contextid="672" timestamp="2024-11-12T08:49:51.286" />
<allocation-satisfied id="679" threadId="0000000000A87F00" bytesRequested="3544" />
<af-end id="680" timestamp="2024-11-12T08:49:51.286" threadId="0000000000A88898" success="true" from="nursery"/>
<exclusive-end id="681" timestamp="2024-11-12T08:49:51.286" durationms="0.908" />

<exclusive-start id="682" timestamp="2024-11-12T08:49:51.302" intervalms="16.552">
  <response-info timems="0.012" idlems="0.012" threads="0" lastid="0000000000A87F00" lastname="Default Executor-thread-4" />
</exclusive-start>
<af-start id="683" threadId="0000000000A88898" totalBytesRequested="1392" timestamp="2024-11-12T08:49:51.302" intervalms="16.548" type="nursery" />
<cycle-start id="684" type="scavenge" contextid="0" timestamp="2024-11-12T08:49:51.302" intervalms="16.540" />
<gc-start id="685" type="scavenge" contextid="684" timestamp="2024-11-12T08:49:51.302">
  <mem-info id="686" free="7854416" total="60424192" percent="12">
    <mem type="nursery" free="0" total="23592960" percent="0">
      <mem type="allocate" free="0" total="17498112" percent="0" />
      <mem type="survivor" free="0" total="6094848" percent="0" />
    </mem>
    <mem type="tenure" free="7854416" total="36831232" percent="21">
      <mem type="soa" free="6012240" total="34989056" percent="17" />
      <mem type="loa" free="1842176" total="1842176" percent="100" />
    </mem>
    <remembered-set count="1650" />
  </mem-info>
</gc-start>
<allocation-stats totalBytes="12385680" discardedBytes="114712" >
  <allocated-bytes non-tlh="225776" tlh="12159904" />
  <largest-consumer threadName="Default Executor-thread-4" threadId="0000000000A87F00" bytes="12377488" />
</allocation-stats>
<gc-op id="687" type="scavenge" timems="0.706" contextid="684" timestamp="2024-11-12T08:49:51.302">
  <scavenger-info tenureage="6" tenuremask="7fc0" tiltratio="74" />
  <memory-copied type="nursery" objects="33509" bytes="4794984" bytesdiscarded="313808" />
  <memory-copied type="tenure" objects="3926" bytes="148360" bytesdiscarded="96" />
  <finalization candidates="1197" enqueued="1189" />
  <ownableSynchronizers candidates="2" cleared="0" />
  <references type="soft" candidates="1" cleared="0" enqueued="0" dynamicThreshold="9" maxThreshold="32" />
  <references type="weak" candidates="9" cleared="3" enqueued="3" />
  <object-monitors candidates="27" cleared="0"  />
</gc-op>
<gc-end id="688" type="scavenge" contextid="684" durationms="0.754" usertimems="8.183" systemtimems="0.439" stalltimems="2.961" timestamp="2024-11-12T08:49:51.302" activeThreads="16">
  <mem-info id="689" free="19885344" total="60424192" percent="32">
    <mem type="nursery" free="12317392" total="23592960" percent="52">
      <mem type="allocate" free="12317392" total="17432576" percent="70" />
      <mem type="survivor" free="0" total="6160384" percent="0" />
    </mem>
    <mem type="tenure" free="7567952" total="36831232" percent="20">
      <mem type="soa" free="5725776" total="34989056" percent="16" />
      <mem type="loa" free="1842176" total="1842176" percent="100" />
    </mem>
    <pending-finalizers system="794" default="395" reference="3" classloader="0" />
    <remembered-set count="1901" />
  </mem-info>
</gc-end>
<cycle-end id="690" type="scavenge" contextid="684" timestamp="2024-11-12T08:49:51.303" />
<allocation-satisfied id="691" threadId="0000000000A87F00" bytesRequested="1392" />
<af-end id="692" timestamp="2024-11-12T08:49:51.303" threadId="0000000000A88898" success="true" from="nursery"/>
<exclusive-end id="693" timestamp="2024-11-12T08:49:51.303" durationms="0.866" />

<exclusive-start id="694" timestamp="2024-11-12T08:49:51.316" intervalms="13.919">
  <response-info timems="0.012" idlems="0.012" threads="0" lastid="0000000000A87F00" lastname="Default Executor-thread-4" />
</exclusive-start>
<af-start id="695" threadId="0000000000A88898" totalBytesRequested="2672" timestamp="2024-11-12T08:49:51.316" intervalms="13.919" type="nursery" />
<cycle-start id="696" type="scavenge" contextid="0" timestamp="2024-11-12T08:49:51.316" intervalms="13.917" />
<gc-start id="697" type="scavenge" contextid="696" timestamp="2024-11-12T08:49:51.316">
  <mem-info id="698" free="7567952" total="60424192" percent="12">
    <mem type="nursery" free="0" total="23592960" percent="0">
      <mem type="allocate" free="0" total="17432576" percent="0" />
      <mem type="survivor" free="0" total="6160384" percent="0" />
    </mem>
    <mem type="tenure" free="7567952" total="36831232" percent="20">
      <mem type="soa" free="5725776" total="34989056" percent="16" />
      <mem type="loa" free="1842176" total="1842176" percent="100" />
    </mem>
    <remembered-set count="2149" />
  </mem-info>
</gc-start>
<allocation-stats totalBytes="12296872" discardedBytes="20520" >
  <allocated-bytes non-tlh="1605096" tlh="10691776" />
  <largest-consumer threadName="Default Executor-thread-4" threadId="0000000000A87F00" bytes="12292776" />
</allocation-stats>
<gc-op id="699" type="scavenge" timems="0.680" contextid="696" timestamp="2024-11-12T08:49:51.316">
  <scavenger-info tenureage="6" tenuremask="7fc0" tiltratio="73" />
  <memory-copied type="nursery" objects="29735" bytes="4234928" bytesdiscarded="371976" />
  <memory-copied type="tenure" objects="4439" bytes="206504" bytesdiscarded="104" />
  <finalization candidates="817" enqueued="805" />
  <ownableSynchronizers candidates="2" cleared="0" />
  <references type="soft" candidates="1" cleared="0" enqueued="0" dynamicThreshold="9" maxThreshold="32" />
  <references type="weak" candidates="12" cleared="3" enqueued="3" />
  <object-monitors candidates="27" cleared="0"  />
</gc-op>
<gc-end id="700" type="scavenge" contextid="696" durationms="0.726" usertimems="9.716" systemtimems="6.490" stalltimems="2.787" timestamp="2024-11-12T08:49:51.316" activeThreads="16">
  <mem-info id="701" free="20346528" total="60424192" percent="33">
    <mem type="nursery" free="12886864" total="23592960" percent="54">
      <mem type="allocate" free="12886864" total="17498112" percent="73" />
      <mem type="survivor" free="0" total="6094848" percent="0" />
    </mem>
    <mem type="tenure" free="7459664" total="36831232" percent="20">
      <mem type="soa" free="5617488" total="34989056" percent="16" />
      <mem type="loa" free="1842176" total="1842176" percent="100" />
    </mem>
    <pending-finalizers system="538" default="267" reference="3" classloader="0" />
    <remembered-set count="1584" />
  </mem-info>
</gc-end>
<cycle-end id="702" type="scavenge" contextid="696" timestamp="2024-11-12T08:49:51.316" />
<allocation-satisfied id="703" threadId="0000000000A87F00" bytesRequested="2672" />
<af-end id="704" timestamp="2024-11-12T08:49:51.316" threadId="0000000000A88898" success="true" from="nursery"/>
<exclusive-end id="705" timestamp="2024-11-12T08:49:51.316" durationms="0.817" />

<exclusive-start id="706" timestamp="2024-11-12T08:49:51.327" intervalms="11.092">
  <response-info timems="0.010" idlems="0.010" threads="0" lastid="0000000000A87F00" lastname="Default Executor-thread-4" />
</exclusive-start>
<af-start id="707" threadId="0000000000A88898" totalBytesRequested="37120" timestamp="2024-11-12T08:49:51.327" intervalms="11.090" type="nursery" />
<cycle-start id="708" type="scavenge" contextid="0" timestamp="2024-11-12T08:49:51.327" intervalms="11.089" />
<gc-start id="709" type="scavenge" contextid="708" timestamp="2024-11-12T08:49:51.327">
  <mem-info id="710" free="7459664" total="60424192" percent="12">
    <mem type="nursery" free="0" total="23592960" percent="0">
      <mem type="allocate" free="0" total="17498112" percent="0" />
      <mem type="survivor" free="0" total="6094848" percent="0" />
    </mem>
    <mem type="tenure" free="7459664" total="36831232" percent="20">
      <mem type="soa" free="5617488" total="34989056" percent="16" />
      <mem type="loa" free="1842176" total="1842176" percent="100" />
    </mem>
    <remembered-set count="1623" />
  </mem-info>
</gc-start>
<allocation-stats totalBytes="12863984" discardedBytes="22880" >
  <allocated-bytes non-tlh="1843304" tlh="11020680" />
  <largest-consumer threadName="Default Executor-thread-4" threadId="0000000000A87F00" bytes="12863984" />
</allocation-stats>
<gc-op id="711" type="scavenge" timems="0.622" contextid="708" timestamp="2024-11-12T08:49:51.327">
  <scavenger-info tenureage="6" tenuremask="7fc0" tiltratio="74" />
  <memory-copied type="nursery" objects="27415" bytes="4056312" bytesdiscarded="374408" />
  <memory-copied type="tenure" objects="4451" bytes="383752" bytesdiscarded="0" />
  <finalization candidates="876" enqueued="864" />
  <ownableSynchronizers candidates="2" cleared="0" />
  <references type="soft" candidates="1" cleared="0" enqueued="0" dynamicThreshold="9" maxThreshold="32" />
  <references type="weak" candidates="8" cleared="0" enqueued="0" />
  <object-monitors candidates="27" cleared="0"  />
</gc-op>
<heap-resize id="712" type="expand" space="nursery" amount="917504" count="1" timems="0.014" reason="excessive time being spent scavenging" timestamp="2024-11-12T08:49:51.327" />
<gc-end id="713" type="scavenge" contextid="708" durationms="0.677" usertimems="7.680" systemtimems="0.420" stalltimems="2.192" timestamp="2024-11-12T08:49:51.327" activeThreads="16">
  <mem-info id="714" free="21243320" total="61341696" percent="34">
    <mem type="nursery" free="13914744" total="24510464" percent="56">
      <mem type="allocate" free="13914744" total="18350080" percent="75" />
      <mem type="survivor" free="0" total="6160384" percent="0" />
    </mem>
    <mem type="tenure" free="7328576" total="36831232" percent="19">
      <mem type="soa" free="5486400" total="34989056" percent="15" />
      <mem type="loa" free="1842176" total="1842176" percent="100" />
    </mem>
    <pending-finalizers system="576" default="288" reference="0" classloader="0" />
    <remembered-set count="1524" />
  </mem-info>
</gc-end>
<cycle-end id="715" type="scavenge" contextid="708" timestamp="2024-11-12T08:49:51.327" />
<allocation-satisfied id="716" threadId="0000000000A87F00" bytesRequested="37120" />
<af-end id="717" timestamp="2024-11-12T08:49:51.327" threadId="0000000000A88898" success="true" from="nursery"/>
<exclusive-end id="718" timestamp="2024-11-12T08:49:51.327" durationms="0.772" />

<exclusive-start id="719" timestamp="2024-11-12T08:49:51.340" intervalms="13.457">
  <response-info timems="0.018" idlems="0.011" threads="1" lastid="0000000000032B00" lastname="JIT Compilation Thread-004" />
</exclusive-start>
<af-start id="720" threadId="0000000000A88898" totalBytesRequested="1168" timestamp="2024-11-12T08:49:51.340" intervalms="13.457" type="nursery" />
<cycle-start id="721" type="scavenge" contextid="0" timestamp="2024-11-12T08:49:51.340" intervalms="13.451" />
<gc-start id="722" type="scavenge" contextid="721" timestamp="2024-11-12T08:49:51.340">
  <mem-info id="723" free="7328176" total="61341696" percent="11">
    <mem type="nursery" free="0" total="24510464" percent="0">
      <mem type="allocate" free="0" total="18350080" percent="0" />
      <mem type="survivor" free="0" total="6160384" percent="0" />
    </mem>
    <mem type="tenure" free="7328176" total="36831232" percent="19">
      <mem type="soa" free="5486000" total="34989056" percent="15" />
      <mem type="loa" free="1842176" total="1842176" percent="100" />
    </mem>
    <remembered-set count="1609" />
  </mem-info>
</gc-start>
<allocation-stats totalBytes="13744264" discardedBytes="170880" >
  <allocated-bytes non-tlh="1604608" tlh="12139656" />
  <largest-consumer threadName="Default Executor-thread-4" threadId="0000000000A87F00" bytes="13744264" />
</allocation-stats>
<gc-op id="724" type="scavenge" timems="0.599" contextid="721" timestamp="2024-11-12T08:49:51.341">
  <scavenger-info tenureage="6" tenuremask="7fc0" tiltratio="74" />
  <memory-copied type="nursery" objects="28258" bytes="4826952" bytesdiscarded="551704" />
  <memory-copied type="tenure" objects="2939" bytes="163760" bytesdiscarded="184" />
  <finalization candidates="1222" enqueued="1211" />
  <ownableSynchronizers candidates="2" cleared="0" />
  <references type="soft" candidates="1" cleared="0" enqueued="0" dynamicThreshold="9" maxThreshold="32" />
  <references type="weak" candidates="7" cleared="0" enqueued="0" />
  <object-monitors candidates="27" cleared="0"  />
</gc-op>
<gc-end id="725" type="scavenge" contextid="721" durationms="0.633" usertimems="7.318" systemtimems="0.284" stalltimems="2.104" timestamp="2024-11-12T08:49:51.341" activeThreads="16">
  <mem-info id="726" free="19447552" total="61341696" percent="31">
    <mem type="nursery" free="12571744" total="24510464" percent="51">
      <mem type="allocate" free="12571744" total="17956864" percent="70" />
      <mem type="survivor" free="0" total="6553600" percent="0" />
    </mem>
    <mem type="tenure" free="6875808" total="36831232" percent="18">
      <mem type="soa" free="5033632" total="34989056" percent="14" />
      <mem type="loa" free="1842176" total="1842176" percent="100" />
    </mem>
    <pending-finalizers system="808" default="403" reference="0" classloader="0" />
    <remembered-set count="1490" />
  </mem-info>
</gc-end>
<cycle-end id="727" type="scavenge" contextid="721" timestamp="2024-11-12T08:49:51.341" />
<allocation-satisfied id="728" threadId="0000000000A87F00" bytesRequested="1168" />
<af-end id="729" timestamp="2024-11-12T08:49:51.341" threadId="0000000000A88898" success="true" from="nursery"/>
<exclusive-end id="730" timestamp="2024-11-12T08:49:51.341" durationms="0.707" />

<exclusive-start id="731" timestamp="2024-11-12T08:49:51.355" intervalms="14.771">
  <response-info timems="0.009" idlems="0.009" threads="0" lastid="0000000000A87F00" lastname="Default Executor-thread-4" />
</exclusive-start>
<af-start id="732" threadId="0000000000A88898" totalBytesRequested="2072" timestamp="2024-11-12T08:49:51.355" intervalms="14.770" type="nursery" />
<cycle-start id="733" type="scavenge" contextid="0" timestamp="2024-11-12T08:49:51.355" intervalms="14.766" />
<gc-start id="734" type="scavenge" contextid="733" timestamp="2024-11-12T08:49:51.355">
  <mem-info id="735" free="6875808" total="61341696" percent="11">
    <mem type="nursery" free="0" total="24510464" percent="0">
      <mem type="allocate" free="0" total="17956864" percent="0" />
      <mem type="survivor" free="0" total="6553600" percent="0" />
    </mem>
    <mem type="tenure" free="6875808" total="36831232" percent="18">
      <mem type="soa" free="5033632" total="34989056" percent="14" />
      <mem type="loa" free="1842176" total="1842176" percent="100" />
    </mem>
    <remembered-set count="1640" />
  </mem-info>
</gc-start>
<allocation-stats totalBytes="12542640" discardedBytes="29104" >
  <allocated-bytes non-tlh="464752" tlh="12077888" />
  <largest-consumer threadName="Default Executor-thread-4" threadId="0000000000A87F00" bytes="12542640" />
</allocation-stats>
<gc-op id="736" type="scavenge" timems="0.704" contextid="733" timestamp="2024-11-12T08:49:51.356">
  <scavenger-info tenureage="6" tenuremask="7fc0" tiltratio="73" />
  <memory-copied type="nursery" objects="30634" bytes="4813632" bytesdiscarded="549904" />
  <memory-copied type="tenure" objects="3543" bytes="156512" bytesdiscarded="0" />
  <finalization candidates="1440" enqueued="1424" />
  <ownableSynchronizers candidates="2" cleared="0" />
  <references type="soft" candidates="1" cleared="0" enqueued="0" dynamicThreshold="9" maxThreshold="32" />
  <references type="weak" candidates="12" cleared="3" enqueued="3" />
  <object-monitors candidates="27" cleared="0"  />
</gc-op>
<gc-end id="737" type="scavenge" contextid="733" durationms="0.733" usertimems="8.020" systemtimems="0.436" stalltimems="3.195" timestamp="2024-11-12T08:49:51.356" activeThreads="16">
  <mem-info id="738" free="20011976" total="61341696" percent="32">
    <mem type="nursery" free="13175336" total="24510464" percent="53">
      <mem type="allocate" free="13175336" total="18546688" percent="71" />
      <mem type="survivor" free="0" total="5963776" percent="0" />
    </mem>
    <mem type="tenure" free="6836640" total="36831232" percent="18">
      <mem type="soa" free="4994464" total="34989056" percent="14" />
      <mem type="loa" free="1842176" total="1842176" percent="100" />
    </mem>
    <pending-finalizers system="950" default="474" reference="3" classloader="0" />
    <remembered-set count="1284" />
  </mem-info>
</gc-end>
<cycle-end id="739" type="scavenge" contextid="733" timestamp="2024-11-12T08:49:51.356" />
<allocation-satisfied id="740" threadId="0000000000A87F00" bytesRequested="2072" />
<af-end id="741" timestamp="2024-11-12T08:49:51.356" threadId="0000000000A88898" success="true" from="nursery"/>
<exclusive-end id="742" timestamp="2024-11-12T08:49:51.356" durationms="0.799" />

<exclusive-start id="743" timestamp="2024-11-12T08:49:51.366" intervalms="11.015">
  <response-info timems="0.008" idlems="0.008" threads="0" lastid="0000000000A87F00" lastname="Default Executor-thread-4" />
</exclusive-start>
<af-start id="744" threadId="0000000000A88898" totalBytesRequested="20224" timestamp="2024-11-12T08:49:51.366" intervalms="11.015" type="nursery" />
<cycle-start id="745" type="scavenge" contextid="0" timestamp="2024-11-12T08:49:51.366" intervalms="11.012" />
<gc-start id="746" type="scavenge" contextid="745" timestamp="2024-11-12T08:49:51.366">
  <mem-info id="747" free="6836640" total="61341696" percent="11">
    <mem type="nursery" free="0" total="24510464" percent="0">
      <mem type="allocate" free="0" total="18546688" percent="0" />
      <mem type="survivor" free="0" total="5963776" percent="0" />
    </mem>
    <mem type="tenure" free="6836640" total="36831232" percent="18">
      <mem type="soa" free="4994464" total="34989056" percent="14" />
      <mem type="loa" free="1842176" total="1842176" percent="100" />
    </mem>
    <remembered-set count="1369" />
  </mem-info>
</gc-start>
<allocation-stats totalBytes="13127480" discardedBytes="47856" >
  <allocated-bytes non-tlh="327424" tlh="12800056" />
  <largest-consumer threadName="Default Executor-thread-4" threadId="0000000000A87F00" bytes="13127480" />
</allocation-stats>
<gc-op id="748" type="scavenge" timems="0.707" contextid="745" timestamp="2024-11-12T08:49:51.367">
  <scavenger-info tenureage="6" tenuremask="7fc0" tiltratio="75" />
  <memory-copied type="nursery" objects="24411" bytes="5143560" bytesdiscarded="462184" />
  <memory-copied type="tenure" objects="8507" bytes="529176" bytesdiscarded="832" />
  <finalization candidates="1307" enqueued="1290" />
  <ownableSynchronizers candidates="2" cleared="0" />
  <references type="soft" candidates="1" cleared="0" enqueued="0" dynamicThreshold="9" maxThreshold="32" />
  <references type="weak" candidates="9" cleared="0" enqueued="0" />
  <object-monitors candidates="27" cleared="0"  />
</gc-op>
<heap-resize id="749" type="expand" space="nursery" amount="917504" count="1" timems="0.012" reason="excessive time being spent scavenging" timestamp="2024-11-12T08:49:51.367" />
<gc-end id="750" type="scavenge" contextid="745" durationms="0.756" usertimems="8.262" systemtimems="0.171" stalltimems="3.224" timestamp="2024-11-12T08:49:51.367" activeThreads="16">
  <mem-info id="751" free="19255400" total="62259200" percent="30">
    <mem type="nursery" free="13065112" total="25427968" percent="51">
      <mem type="allocate" free="13065112" total="18677760" percent="69" />
      <mem type="survivor" free="0" total="6750208" percent="0" />
    </mem>
    <mem type="tenure" free="6190288" total="36831232" percent="16">
      <mem type="soa" free="4348112" total="34989056" percent="12" />
      <mem type="loa" free="1842176" total="1842176" percent="100" />
    </mem>
    <pending-finalizers system="860" default="430" reference="0" classloader="0" />
    <remembered-set count="1538" />
  </mem-info>
</gc-end>
<cycle-end id="752" type="scavenge" contextid="745" timestamp="2024-11-12T08:49:51.367" />
<allocation-satisfied id="753" threadId="0000000000A87F00" bytesRequested="20224" />
<af-end id="754" timestamp="2024-11-12T08:49:51.367" threadId="0000000000A88898" success="true" from="nursery"/>
<exclusive-end id="755" timestamp="2024-11-12T08:49:51.367" durationms="0.818" />

<exclusive-start id="756" timestamp="2024-11-12T08:49:51.376" intervalms="9.663">
  <response-info timems="0.009" idlems="0.009" threads="0" lastid="0000000000A87F00" lastname="Default Executor-thread-4" />
</exclusive-start>
<af-start id="757" threadId="0000000000A88898" totalBytesRequested="5896" timestamp="2024-11-12T08:49:51.376" intervalms="9.663" type="nursery" />
<cycle-start id="758" type="scavenge" contextid="0" timestamp="2024-11-12T08:49:51.376" intervalms="9.660" />
<gc-start id="759" type="scavenge" contextid="758" timestamp="2024-11-12T08:49:51.376">
  <mem-info id="760" free="6190288" total="62259200" percent="9">
    <mem type="nursery" free="0" total="25427968" percent="0">
      <mem type="allocate" free="0" total="18677760" percent="0" />
      <mem type="survivor" free="0" total="6750208" percent="0" />
    </mem>
    <mem type="tenure" free="6190288" total="36831232" percent="16">
      <mem type="soa" free="4348112" total="34989056" percent="12" />
      <mem type="loa" free="1842176" total="1842176" percent="100" />
    </mem>
    <remembered-set count="1603" />
  </mem-info>
</gc-start>
<allocation-stats totalBytes="12853208" discardedBytes="211904" >
  <allocated-bytes non-tlh="881688" tlh="11971520" />
  <largest-consumer threadName="Default Executor-thread-4" threadId="0000000000A87F00" bytes="12853208" />
</allocation-stats>
<gc-op id="761" type="scavenge" timems="0.706" contextid="758" timestamp="2024-11-12T08:49:51.376">
  <scavenger-info tenureage="6" tenuremask="7fc0" tiltratio="73" />
  <memory-copied type="nursery" objects="20266" bytes="4087704" bytesdiscarded="251248" />
  <memory-copied type="tenure" objects="3852" bytes="293920" bytesdiscarded="864" />
  <finalization candidates="879" enqueued="864" />
  <ownableSynchronizers candidates="2" cleared="0" />
  <references type="weak" candidates="5" cleared="0" enqueued="0" />
  <object-monitors candidates="27" cleared="0"  />
</gc-op>
<gc-end id="762" type="scavenge" contextid="758" durationms="0.739" usertimems="0.000" systemtimems="6.847" stalltimems="4.808" timestamp="2024-11-12T08:49:51.376" activeThreads="16">
  <mem-info id="763" free="20630448" total="62259200" percent="33">
    <mem type="nursery" free="14661880" total="25427968" percent="57">
      <mem type="allocate" free="14661880" total="19005440" percent="77" />
      <mem type="survivor" free="0" total="6422528" percent="0" />
    </mem>
    <mem type="tenure" free="5968568" total="36831232" percent="16">
      <mem type="soa" free="4126392" total="34989056" percent="11" />
      <mem type="loa" free="1842176" total="1842176" percent="100" />
    </mem>
    <pending-finalizers system="576" default="288" reference="0" classloader="0" />
    <remembered-set count="1361" />
  </mem-info>
</gc-end>
<cycle-end id="764" type="scavenge" contextid="758" timestamp="2024-11-12T08:49:51.376" />
<allocation-satisfied id="765" threadId="0000000000A87F00" bytesRequested="5896" />
<af-end id="766" timestamp="2024-11-12T08:49:51.376" threadId="0000000000A88898" success="true" from="nursery"/>
<exclusive-end id="767" timestamp="2024-11-12T08:49:51.376" durationms="0.796" />

<exclusive-start id="768" timestamp="2024-11-12T08:49:51.397" intervalms="21.059">
  <response-info timems="0.014" idlems="0.014" threads="0" lastid="0000000000A87F00" lastname="Default Executor-thread-4" />
</exclusive-start>
<af-start id="769" threadId="0000000000A88898" totalBytesRequested="104" timestamp="2024-11-12T08:49:51.397" intervalms="21.060" type="nursery" />
<cycle-start id="770" type="scavenge" contextid="0" timestamp="2024-11-12T08:49:51.397" intervalms="21.073" />
<gc-start id="771" type="scavenge" contextid="770" timestamp="2024-11-12T08:49:51.397">
  <mem-info id="772" free="5967776" total="62259200" percent="9">
    <mem type="nursery" free="0" total="25427968" percent="0">
      <mem type="allocate" free="0" total="19005440" percent="0" />
      <mem type="survivor" free="0" total="6422528" percent="0" />
    </mem>
    <mem type="tenure" free="5967776" total="36831232" percent="16">
      <mem type="soa" free="4125600" total="34989056" percent="11" />
      <mem type="loa" free="1842176" total="1842176" percent="100" />
    </mem>
    <remembered-set count="1847" />
  </mem-info>
</gc-start>
<allocation-stats totalBytes="14650760" discardedBytes="11912" >
  <allocated-bytes non-tlh="1011640" tlh="13639120" />
  <largest-consumer threadName="Default Executor-thread-4" threadId="0000000000A87F00" bytes="14650760" />
</allocation-stats>
<gc-op id="773" type="scavenge" timems="0.601" contextid="770" timestamp="2024-11-12T08:49:51.397">
  <scavenger-info tenureage="4" tenuremask="7fd0" tiltratio="74" />
  <memory-copied type="nursery" objects="18061" bytes="3693592" bytesdiscarded="354680" />
  <memory-copied type="tenure" objects="4809" bytes="535776" bytesdiscarded="440" />
  <finalization candidates="706" enqueued="695" />
  <references type="weak" candidates="6" cleared="2" enqueued="2" />
  <object-monitors candidates="27" cleared="0"  />
</gc-op>
<gc-end id="774" type="scavenge" contextid="770" durationms="0.641" usertimems="7.951" systemtimems="0.484" stalltimems="2.692" timestamp="2024-11-12T08:49:51.397" activeThreads="16">
  <mem-info id="775" free="20833640" total="62259200" percent="33">
    <mem type="nursery" free="15280560" total="25427968" percent="60">
      <mem type="allocate" free="15280560" total="19333120" percent="79" />
      <mem type="survivor" free="0" total="6094848" percent="0" />
    </mem>
    <mem type="tenure" free="5553080" total="36831232" percent="15">
      <mem type="soa" free="3710904" total="34989056" percent="10" />
      <mem type="loa" free="1842176" total="1842176" percent="100" />
    </mem>
    <pending-finalizers system="466" default="229" reference="2" classloader="0" />
    <remembered-set count="1800" />
  </mem-info>
</gc-end>
<cycle-end id="776" type="scavenge" contextid="770" timestamp="2024-11-12T08:49:51.397" />
<allocation-satisfied id="777" threadId="0000000000A87F00" bytesRequested="104" />
<af-end id="778" timestamp="2024-11-12T08:49:51.397" threadId="0000000000A88898" success="true" from="nursery"/>
<exclusive-end id="779" timestamp="2024-11-12T08:49:51.397" durationms="0.733" />

<exclusive-start id="780" timestamp="2024-11-12T08:49:51.446" intervalms="49.690">
  <response-info timems="0.014" idlems="0.014" threads="0" lastid="0000000000A87F00" lastname="Default Executor-thread-4" />
</exclusive-start>
<af-start id="781" threadId="0000000000A88898" totalBytesRequested="400" timestamp="2024-11-12T08:49:51.446" intervalms="49.697" type="nursery" />
<cycle-start id="782" type="scavenge" contextid="0" timestamp="2024-11-12T08:49:51.446" intervalms="49.712" />
<gc-start id="783" type="scavenge" contextid="782" timestamp="2024-11-12T08:49:51.446">
  <mem-info id="784" free="5495024" total="62259200" percent="8">
    <mem type="nursery" free="0" total="25427968" percent="0">
      <mem type="allocate" free="0" total="19333120" percent="0" />
      <mem type="survivor" free="0" total="6094848" percent="0" />
    </mem>
    <mem type="tenure" free="5495024" total="36831232" percent="14">
      <mem type="soa" free="3652848" total="34989056" percent="10" />
      <mem type="loa" free="1842176" total="1842176" percent="100" />
    </mem>
    <remembered-set count="3149" />
  </mem-info>
</gc-start>
<allocation-stats totalBytes="15332584" discardedBytes="6032" >
  <allocated-bytes non-tlh="2286584" tlh="13046000" />
  <largest-consumer threadName="Default Executor-thread-4" threadId="0000000000A87F00" bytes="15308008" />
</allocation-stats>
<gc-op id="785" type="scavenge" timems="0.963" contextid="782" timestamp="2024-11-12T08:49:51.447">
  <scavenger-info tenureage="4" tenuremask="7fd0" tiltratio="76" />
  <memory-copied type="nursery" objects="17916" bytes="2728632" bytesdiscarded="1090064" />
  <memory-copied type="tenure" objects="6563" bytes="388240" bytesdiscarded="352" />
  <finalization candidates="247" enqueued="241" />
  <ownableSynchronizers candidates="34" cleared="25" />
  <references type="soft" candidates="640" cleared="0" enqueued="0" dynamicThreshold="9" maxThreshold="32" />
  <references type="weak" candidates="433" cleared="364" enqueued="361" />
  <object-monitors candidates="31" cleared="0"  />
</gc-op>
<gc-end id="786" type="scavenge" contextid="782" durationms="1.022" usertimems="7.883" systemtimems="0.469" stalltimems="3.031" timestamp="2024-11-12T08:49:51.447" activeThreads="16">
  <mem-info id="787" free="20562472" total="62259200" percent="33">
    <mem type="nursery" free="15841104" total="25427968" percent="62">
      <mem type="allocate" free="15841104" total="19660800" percent="80" />
      <mem type="survivor" free="0" total="5767168" percent="0" />
    </mem>
    <mem type="tenure" free="4721368" total="36831232" percent="12">
      <mem type="soa" free="2879192" total="34989056" percent="8" />
      <mem type="loa" free="1842176" total="1842176" percent="100" />
    </mem>
    <pending-finalizers system="193" default="48" reference="361" classloader="0" />
    <remembered-set count="2278" />
  </mem-info>
</gc-end>
<cycle-end id="788" type="scavenge" contextid="782" timestamp="2024-11-12T08:49:51.447" />
<allocation-satisfied id="789" threadId="0000000000A87F00" bytesRequested="400" />
<af-end id="790" timestamp="2024-11-12T08:49:51.447" threadId="0000000000A88898" success="true" from="nursery"/>
<exclusive-end id="791" timestamp="2024-11-12T08:49:51.447" durationms="1.161" />

<exclusive-start id="792" timestamp="2024-11-12T08:49:51.513" intervalms="66.511">
  <response-info timems="0.019" idlems="0.019" threads="0" lastid="0000000000A87F00" lastname="Default Executor-thread-4" />
</exclusive-start>
<af-start id="793" threadId="0000000000A88898" totalBytesRequested="648" timestamp="2024-11-12T08:49:51.513" intervalms="66.511" type="nursery" />
<cycle-start id="794" type="scavenge" contextid="0" timestamp="2024-11-12T08:49:51.513" intervalms="66.511" />
<gc-start id="795" type="scavenge" contextid="794" timestamp="2024-11-12T08:49:51.522">
  <mem-info id="796" free="4565080" total="62259200" percent="7">
    <mem type="nursery" free="0" total="25427968" percent="0">
      <mem type="allocate" free="0" total="19660800" percent="0" />
      <mem type="survivor" free="0" total="5767168" percent="0" />
    </mem>
    <mem type="tenure" free="4565080" total="36831232" percent="12">
      <mem type="soa" free="2722904" total="34989056" percent="7" />
      <mem type="loa" free="1842176" total="1842176" percent="100" />
    </mem>
    <remembered-set count="4321" />
  </mem-info>
</gc-start>
<allocation-stats totalBytes="15981832" discardedBytes="15560" >
  <allocated-bytes non-tlh="252632" tlh="15729200" />
  <largest-consumer threadName="Default Executor-thread-4" threadId="0000000000A87F00" bytes="15965448" />
</allocation-stats>
<gc-op id="797" type="scavenge" timems="1.251" contextid="794" timestamp="2024-11-12T08:49:51.523">
  <scavenger-info tenureage="6" tenuremask="7fc0" tiltratio="77" />
  <memory-copied type="nursery" objects="54088" bytes="5364464" bytesdiscarded="399648" />
  <memory-copied type="tenure" objects="124" bytes="115760" bytesdiscarded="576" />
  <copy-failed type="nursery" objects="124" bytes="115760" />
  <finalization candidates="805" enqueued="800" />
  <ownableSynchronizers candidates="84" cleared="34" />
  <references type="soft" candidates="1849" cleared="0" enqueued="0" dynamicThreshold="9" maxThreshold="32" />
  <references type="weak" candidates="3191" cleared="1003" enqueued="985" />
  <object-monitors candidates="31" cleared="0"  />
</gc-op>
<gc-end id="798" type="scavenge" contextid="794" durationms="1.320" usertimems="12.800" systemtimems="0.756" stalltimems="6.674" timestamp="2024-11-12T08:49:51.523" activeThreads="16">
  <mem-info id="799" free="14301864" total="62259200" percent="22">
    <mem type="nursery" free="9764864" total="25427968" percent="38">
      <mem type="allocate" free="9764864" total="15532032" percent="62" />
      <mem type="survivor" free="0" total="9895936" percent="0" />
    </mem>
    <mem type="tenure" free="4537000" total="36831232" percent="12">
      <mem type="soa" free="2694824" total="34989056" percent="7" />
      <mem type="loa" free="1842176" total="1842176" percent="100" />
    </mem>
    <pending-finalizers system="547" default="253" reference="985" classloader="0" />
    <remembered-set count="4045" />
  </mem-info>
</gc-end>
<cycle-end id="800" type="scavenge" contextid="794" timestamp="2024-11-12T08:49:51.523" />
<allocation-satisfied id="801" threadId="0000000000A87F00" bytesRequested="648" />
<af-end id="802" timestamp="2024-11-12T08:49:51.523" threadId="0000000000A88898" success="true" from="nursery"/>
<exclusive-end id="803" timestamp="2024-11-12T08:49:51.523" durationms="10.557" />

<exclusive-start id="804" timestamp="2024-11-12T08:49:51.584" intervalms="71.237">
  <response-info timems="0.013" idlems="0.013" threads="0" lastid="000000000075E800" lastname="Default Executor-thread-1" />
</exclusive-start>
<af-start id="805" threadId="000000000075F198" totalBytesRequested="776" timestamp="2024-11-12T08:49:51.584" intervalms="71.237" type="nursery" />
<cycle-start id="806" type="scavenge" contextid="0" timestamp="2024-11-12T08:49:51.584" intervalms="71.240" />
<gc-start id="807" type="scavenge" contextid="806" timestamp="2024-11-12T08:49:51.584">
  <mem-info id="808" free="4284656" total="62259200" percent="6">
    <mem type="nursery" free="0" total="25427968" percent="0">
      <mem type="allocate" free="0" total="15532032" percent="0" />
      <mem type="survivor" free="0" total="9895936" percent="0" />
    </mem>
    <mem type="tenure" free="4284656" total="36831232" percent="11">
      <mem type="soa" free="2442480" total="34989056" percent="6" />
      <mem type="loa" free="1842176" total="1842176" percent="100" />
    </mem>
    <remembered-set count="7807" />
  </mem-info>
</gc-start>
<allocation-stats totalBytes="10003000" discardedBytes="14208" >
  <allocated-bytes non-tlh="803376" tlh="9199624" />
  <largest-consumer threadName="Default Executor-thread-15" threadId="0000000000DEDD00" bytes="2412392" />
</allocation-stats>
<gc-op id="809" type="scavenge" timems="0.990" contextid="806" timestamp="2024-11-12T08:49:51.585">
  <scavenger-info tenureage="5" tenuremask="7fe0" tiltratio="61" />
  <memory-copied type="nursery" objects="73838" bytes="5371088" bytesdiscarded="193216" />
  <memory-copied type="tenure" objects="2789" bytes="157560" bytesdiscarded="128" />
  <finalization candidates="351" enqueued="330" />
  <ownableSynchronizers candidates="400" cleared="73" />
  <references type="soft" candidates="2279" cleared="0" enqueued="0" dynamicThreshold="9" maxThreshold="32" />
  <references type="weak" candidates="3302" cleared="476" enqueued="464" />
  <references type="phantom" candidates="7" cleared="0" enqueued="0" />
  <object-monitors candidates="40" cleared="2"  />
</gc-op>
<gc-end id="810" type="scavenge" contextid="806" durationms="1.064" usertimems="11.179" systemtimems="0.675" stalltimems="4.197" timestamp="2024-11-12T08:49:51.585" activeThreads="16">
  <mem-info id="811" free="14584440" total="62259200" percent="23">
    <mem type="nursery" free="10617736" total="25427968" percent="41">
      <mem type="allocate" free="10617736" total="16187392" percent="65" />
      <mem type="survivor" free="0" total="9240576" percent="0" />
    </mem>
    <mem type="tenure" free="3966704" total="36831232" percent="10">
      <mem type="soa" free="2124528" total="34989056" percent="6" />
      <mem type="loa" free="1842176" total="1842176" percent="100" />
    </mem>
    <pending-finalizers system="292" default="38" reference="464" classloader="0" />
    <remembered-set count="6669" />
  </mem-info>
</gc-end>
<cycle-end id="812" type="scavenge" contextid="806" timestamp="2024-11-12T08:49:51.585" />
<allocation-satisfied id="813" threadId="000000000075E800" bytesRequested="776" />
<af-end id="814" timestamp="2024-11-12T08:49:51.585" threadId="000000000075F198" success="true" from="nursery"/>
<exclusive-end id="815" timestamp="2024-11-12T08:49:51.585" durationms="1.417" />

<exclusive-start id="816" timestamp="2024-11-12T08:50:02.758" intervalms="11174.333">
  <response-info timems="0.029" idlems="0.029" threads="0" lastid="0000000000C32900" lastname="Default Executor-thread-7" />
</exclusive-start>
<af-start id="817" threadId="0000000000C33298" totalBytesRequested="16" timestamp="2024-11-12T08:50:02.758" intervalms="11174.337" type="nursery" />
<cycle-start id="818" type="scavenge" contextid="0" timestamp="2024-11-12T08:50:02.758" intervalms="11174.352" />
<gc-start id="819" type="scavenge" contextid="818" timestamp="2024-11-12T08:50:02.759">
  <mem-info id="820" free="3835648" total="62259200" percent="6">
    <mem type="nursery" free="0" total="25427968" percent="0">
      <mem type="allocate" free="0" total="16187392" percent="0" />
      <mem type="survivor" free="0" total="9240576" percent="0" />
    </mem>
    <mem type="tenure" free="3835648" total="36831232" percent="10">
      <mem type="soa" free="1993472" total="34989056" percent="5" />
      <mem type="loa" free="1842176" total="1842176" percent="100" />
    </mem>
    <remembered-set count="10048" />
  </mem-info>
</gc-start>
<allocation-stats totalBytes="10733168" discardedBytes="15624" >
  <allocated-bytes non-tlh="141392" tlh="10591776" />
  <largest-consumer threadName="Default Executor-thread-7" threadId="0000000000C32900" bytes="5321912" />
</allocation-stats>
<gc-op id="821" type="scavenge" timems="1.237" contextid="818" timestamp="2024-11-12T08:50:02.760">
  <scavenger-info tenureage="4" tenuremask="7ff0" tiltratio="63" />
  <memory-copied type="nursery" objects="88355" bytes="5897568" bytesdiscarded="273016" />
  <memory-copied type="tenure" objects="5471" bytes="460256" bytesdiscarded="352" />
  <finalization candidates="253" enqueued="222" />
  <ownableSynchronizers candidates="604" cleared="193" />
  <references type="soft" candidates="2558" cleared="0" enqueued="0" dynamicThreshold="9" maxThreshold="32" />
  <references type="weak" candidates="3823" cleared="584" enqueued="564" />
  <references type="phantom" candidates="14" cleared="0" enqueued="0" />
  <object-monitors candidates="56" cleared="0"  />
</gc-op>
<gc-end id="822" type="scavenge" contextid="818" durationms="2.410" usertimems="20.703" systemtimems="0.795" stalltimems="3.817" timestamp="2024-11-12T08:50:02.761" activeThreads="16">
  <mem-info id="823" free="14523592" total="62259200" percent="23">
    <mem type="nursery" free="11191768" total="25427968" percent="44">
      <mem type="allocate" free="11191768" total="17367040" percent="64" />
      <mem type="survivor" free="0" total="8060928" percent="0" />
    </mem>
    <mem type="tenure" free="3331824" total="36831232" percent="9" macro-fragmented="2841976">
      <mem type="soa" free="1489648" total="34989056" percent="4" />
      <mem type="loa" free="1842176" total="1842176" percent="100" />
    </mem>
    <pending-finalizers system="171" default="51" reference="564" classloader="0" />
    <remembered-set count="7325" />
  </mem-info>
</gc-end>
<cycle-end id="824" type="scavenge" contextid="818" timestamp="2024-11-12T08:50:02.761" />
<allocation-satisfied id="825" threadId="0000000000C32900" bytesRequested="16" />
<af-end id="826" timestamp="2024-11-12T08:50:02.761" threadId="0000000000C33298" success="true" from="nursery"/>
<exclusive-end id="827" timestamp="2024-11-12T08:50:02.761" durationms="2.614" />

<concurrent-kickoff id="828" timestamp="2024-11-12T08:50:02.989">
  <kickoff reason="threshold reached" targetBytes="12942071" thresholdFreeBytes="1782225"  remainingFree="1754584" tenureFreeBytes="3229760" nurseryFreeBytes="1754584" />
</concurrent-kickoff>
<exclusive-start id="829" timestamp="2024-11-12T08:50:02.989" intervalms="230.532">
  <response-info timems="0.032" idlems="0.032" threads="0" lastid="0000000000C32900" lastname="Default Executor-thread-7" />
</exclusive-start>
<cycle-start id="830" type="global" contextid="0" timestamp="2024-11-12T08:50:02.989" intervalms="11946.949" />
<concurrent-start id="831" type="global mark" contextid="830" timestamp="2024-11-12T08:50:02.989">
</concurrent-start>
<exclusive-end id="832" timestamp="2024-11-12T08:50:02.989" durationms="0.015" />

<concurrent-end id="833" type="global mark" contextid="830" timestamp="2024-11-12T08:50:03.007">
<gc-op id="834" type="trace" timems="18.301" contextid="830" timestamp="2024-11-12T08:50:03.007">
  <trace bytesTraced="14237400" workStackOverflowCount="0" />
  <card-cleaning reason="card cleaning threshold reached" bytesTraced="336" cardsCleaned="1" />
</gc-op>
</concurrent-end>

<exclusive-start id="835" timestamp="2024-11-12T08:50:03.007" intervalms="18.363">
  <response-info timems="0.031" idlems="0.031" threads="0" lastid="0000000000C32900" lastname="Default Executor-thread-7" />
</exclusive-start>
<concurrent-global-final id="836" timestamp="2024-11-12T08:50:03.007" contextid="830" intervalms="11956.874" >
  <concurrent-trace-info reason="card cleaning threshold reached" tracedByMutators="4232664" tracedByHelpers="10005072" cardsCleaned="1" workStackOverflowCount="0" />
</concurrent-global-final>
<gc-start id="837" type="global" contextid="830" timestamp="2024-11-12T08:50:03.008">
  <mem-info id="838" free="3280408" total="62259200" percent="5">
    <mem type="nursery" free="50648" total="25427968" percent="0">
      <mem type="allocate" free="50648" total="17367040" percent="0" />
      <mem type="survivor" free="0" total="8060928" percent="0" />
    </mem>
    <mem type="tenure" free="3229760" total="36831232" percent="8">
      <mem type="soa" free="1387584" total="34989056" percent="3" />
      <mem type="loa" free="1842176" total="1842176" percent="100" />
    </mem>
    <remembered-set count="8365" />
  </mem-info>
</gc-start>
<allocation-stats totalBytes="11155216" discardedBytes="87968" >
  <allocated-bytes non-tlh="171720" tlh="10983496" />
  <largest-consumer threadName="Default Executor-thread-7" threadId="0000000000C32900" bytes="10852864" />
</allocation-stats>
<gc-op id="839" type="rs-scan" timems="0.576" contextid="830" timestamp="2024-11-12T08:50:03.008">
  <scan objectsFound="54058" bytesTraced="3350000" workStackOverflowCount="0" />
</gc-op>
<gc-op id="840" type="card-cleaning" timems="0.040" contextid="830" timestamp="2024-11-12T08:50:03.008">
  <card-cleaning cardsCleaned="1" bytesTraced="336" workStackOverflowCount="0" />
</gc-op>
<gc-op id="841" type="mark" timems="1.028" contextid="830" timestamp="2024-11-12T08:50:03.009">
  <trace-info objectcount="34817" scancount="27369" scanbytes="802960" />
  <finalization candidates="1319" enqueued="938" />
  <ownableSynchronizers candidates="4339" cleared="34" />
  <references type="soft" candidates="7161" cleared="0" enqueued="0" dynamicThreshold="9" maxThreshold="32" />
  <references type="weak" candidates="6577" cleared="555" enqueued="541" />
  <references type="phantom" candidates="32" cleared="1" enqueued="1" />
  <stringconstants candidates="24229" cleared="102"  />
  <object-monitors candidates="59" cleared="2"  />
</gc-op>
<gc-op id="842" type="sweep" timems="0.194" contextid="830" timestamp="2024-11-12T08:50:03.009" />
<heap-resize id="843" type="expand" space="tenure" amount="1048576" count="1" timems="0.110" reason="insufficient free space following gc" timestamp="2024-11-12T08:50:03.010" />
<gc-end id="844" type="global" contextid="830" durationms="3.799" usertimems="27.755" systemtimems="2.235" stalltimems="6.004" timestamp="2024-11-12T08:50:03.011" activeThreads="16">
  <mem-info id="845" free="20672376" total="63307776" percent="32">
    <mem type="nursery" free="9211320" total="25427968" percent="36">
      <mem type="allocate" free="9211320" total="17367040" percent="53" />
      <mem type="survivor" free="0" total="8060928" percent="0" />
    </mem>
    <mem type="tenure" free="11461056" total="37879808" percent="30" micro-fragmented="636733" macro-fragmented="0">
      <mem type="soa" free="9566656" total="35985408" percent="26" />
      <mem type="loa" free="1894400" total="1894400" percent="100" />
    </mem>
    <pending-finalizers system="808" default="130" reference="542" classloader="0" />
    <remembered-set count="6657" />
  </mem-info>
</gc-end>
<cycle-end id="846" type="global" contextid="830" timestamp="2024-11-12T08:50:03.011" />
<exclusive-end id="847" timestamp="2024-11-12T08:50:03.011" durationms="4.056" />

<exclusive-start id="848" timestamp="2024-11-12T08:50:03.041" intervalms="33.406">
  <response-info timems="0.030" idlems="0.030" threads="0" lastid="0000000000C32900" lastname="Default Executor-thread-7" />
</exclusive-start>
<af-start id="849" threadId="0000000000C33298" totalBytesRequested="199328" timestamp="2024-11-12T08:50:03.041" intervalms="282.301" type="nursery" />
<cycle-start id="850" type="scavenge" contextid="0" timestamp="2024-11-12T08:50:03.041" intervalms="282.300" />
<gc-start id="851" type="scavenge" contextid="850" timestamp="2024-11-12T08:50:03.041">
  <mem-info id="852" free="13156904" total="63307776" percent="20">
    <mem type="nursery" free="1723144" total="25427968" percent="6">
      <mem type="allocate" free="1723144" total="17367040" percent="9" />
      <mem type="survivor" free="0" total="8060928" percent="0" />
    </mem>
    <mem type="tenure" free="11433760" total="37879808" percent="30">
      <mem type="soa" free="9539360" total="35985408" percent="26" />
      <mem type="loa" free="1894400" total="1894400" percent="100" />
    </mem>
    <remembered-set count="6927" />
  </mem-info>
</gc-start>
<allocation-stats totalBytes="7398496" discardedBytes="103808" >
  <allocated-bytes non-tlh="2483888" tlh="4914608" />
  <largest-consumer threadName="Default Executor-thread-7" threadId="0000000000C32900" bytes="7386376" />
</allocation-stats>
<gc-op id="853" type="scavenge" timems="1.542" contextid="850" timestamp="2024-11-12T08:50:03.042">
  <scavenger-info tenureage="3" tenuremask="7ff8" tiltratio="68" />
  <memory-copied type="nursery" objects="53414" bytes="4589808" bytesdiscarded="184192" />
  <memory-copied type="tenure" objects="39811" bytes="2989800" bytesdiscarded="15976" />
  <finalization candidates="1054" enqueued="1013" />
  <ownableSynchronizers candidates="8200" cleared="7783" />
  <references type="soft" candidates="787" cleared="0" enqueued="0" dynamicThreshold="9" maxThreshold="32" />
  <references type="weak" candidates="1256" cleared="128" enqueued="128" />
  <references type="phantom" candidates="20" cleared="0" enqueued="0" />
  <object-monitors candidates="58" cleared="1"  />
</gc-op>
<gc-end id="854" type="scavenge" contextid="850" durationms="2.409" usertimems="17.418" systemtimems="0.936" stalltimems="8.020" timestamp="2024-11-12T08:50:03.043" activeThreads="16">
  <mem-info id="855" free="20935440" total="63307776" percent="33">
    <mem type="nursery" free="12782872" total="25427968" percent="50">
      <mem type="allocate" free="12782872" total="17563648" percent="72" />
      <mem type="survivor" free="0" total="7864320" percent="0" />
    </mem>
    <mem type="tenure" free="8152568" total="37879808" percent="21" macro-fragmented="0">
      <mem type="soa" free="6258168" total="35985408" percent="17" />
      <mem type="loa" free="1894400" total="1894400" percent="100" />
    </mem>
    <pending-finalizers system="977" default="36" reference="128" classloader="0" />
    <remembered-set count="4511" />
  </mem-info>
</gc-end>
<cycle-end id="856" type="scavenge" contextid="850" timestamp="2024-11-12T08:50:03.043" />
<allocation-satisfied id="857" threadId="0000000000C32900" bytesRequested="199328" />
<af-end id="858" timestamp="2024-11-12T08:50:03.043" threadId="0000000000C33298" success="true" from="nursery"/>
<exclusive-end id="859" timestamp="2024-11-12T08:50:03.043" durationms="2.694" />

<exclusive-start id="860" timestamp="2024-11-12T08:50:03.212" intervalms="171.775">
  <response-info timems="0.018" idlems="0.018" threads="0" lastid="0000000000C32900" lastname="Default Executor-thread-7" />
</exclusive-start>
<af-start id="861" threadId="0000000000C33298" totalBytesRequested="3768" timestamp="2024-11-12T08:50:03.212" intervalms="171.775" type="nursery" />
<cycle-start id="862" type="scavenge" contextid="0" timestamp="2024-11-12T08:50:03.213" intervalms="171.772" />
<gc-start id="863" type="scavenge" contextid="862" timestamp="2024-11-12T08:50:03.213">
  <mem-info id="864" free="7598008" total="63307776" percent="12">
    <mem type="nursery" free="0" total="25427968" percent="0">
      <mem type="allocate" free="0" total="17563648" percent="0" />
      <mem type="survivor" free="0" total="7864320" percent="0" />
    </mem>
    <mem type="tenure" free="7598008" total="37879808" percent="20">
      <mem type="soa" free="5703608" total="35985408" percent="15" />
      <mem type="loa" free="1894400" total="1894400" percent="100" />
    </mem>
    <remembered-set count="9109" />
  </mem-info>
</gc-start>
<allocation-stats totalBytes="13315896" discardedBytes="15848" >
  <allocated-bytes non-tlh="1108920" tlh="12206976" />
  <largest-consumer threadName="Default Executor-thread-7" threadId="0000000000C32900" bytes="12758864" />
</allocation-stats>
<gc-op id="865" type="scavenge" timems="1.066" contextid="862" timestamp="2024-11-12T08:50:03.214">
  <scavenger-info tenureage="3" tenuremask="7ff8" tiltratio="69" />
  <memory-copied type="nursery" objects="28321" bytes="3722976" bytesdiscarded="452064" />
  <memory-copied type="tenure" objects="24845" bytes="1221856" bytesdiscarded="7072" />
  <finalization candidates="969" enqueued="921" />
  <ownableSynchronizers candidates="447" cleared="27" />
  <references type="soft" candidates="422" cleared="0" enqueued="0" dynamicThreshold="9" maxThreshold="32" />
  <references type="weak" candidates="1673" cleared="1137" enqueued="1134" />
  <references type="phantom" candidates="15" cleared="0" enqueued="0" />
  <object-monitors candidates="62" cleared="0"  />
</gc-op>
<gc-end id="866" type="scavenge" contextid="862" durationms="3.439" usertimems="15.426" systemtimems="0.573" stalltimems="3.847" timestamp="2024-11-12T08:50:03.216" activeThreads="16">
  <mem-info id="867" free="20403048" total="63307776" percent="32">
    <mem type="nursery" free="13840656" total="25427968" percent="54">
      <mem type="allocate" free="13840656" total="18022400" percent="76" />
      <mem type="survivor" free="0" total="7405568" percent="0" />
    </mem>
    <mem type="tenure" free="6562392" total="37879808" percent="17" macro-fragmented="0">
      <mem type="soa" free="4667992" total="35985408" percent="12" />
      <mem type="loa" free="1894400" total="1894400" percent="100" />
    </mem>
    <pending-finalizers system="631" default="290" reference="1134" classloader="0" />
    <remembered-set count="6829" />
  </mem-info>
</gc-end>
<cycle-end id="868" type="scavenge" contextid="862" timestamp="2024-11-12T08:50:03.216" />
<allocation-satisfied id="869" threadId="0000000000C32900" bytesRequested="3768" />
<af-end id="870" timestamp="2024-11-12T08:50:03.216" threadId="0000000000C33298" success="true" from="nursery"/>
<exclusive-end id="871" timestamp="2024-11-12T08:50:03.216" durationms="3.694" />

<exclusive-start id="872" timestamp="2024-11-12T08:50:34.107" intervalms="30894.502">
  <response-info timems="0.017" idlems="0.017" threads="0" lastid="0000000000632000" lastname="Framework stop - Equinox Container: 8a78a790-e8cd-44f9-a822-b21" />
</exclusive-start>
<af-start id="873" threadId="0000000000632998" totalBytesRequested="32" timestamp="2024-11-12T08:50:34.107" intervalms="30894.501" type="nursery" />
<cycle-start id="874" type="scavenge" contextid="0" timestamp="2024-11-12T08:50:34.107" intervalms="30894.504" />
<gc-start id="875" type="scavenge" contextid="874" timestamp="2024-11-12T08:50:34.107">
  <mem-info id="876" free="6300344" total="63307776" percent="9">
    <mem type="nursery" free="0" total="25427968" percent="0">
      <mem type="allocate" free="0" total="18022400" percent="0" />
      <mem type="survivor" free="0" total="7405568" percent="0" />
    </mem>
    <mem type="tenure" free="6300344" total="37879808" percent="16">
      <mem type="soa" free="4405944" total="35985408" percent="12" />
      <mem type="loa" free="1894400" total="1894400" percent="100" />
    </mem>
    <remembered-set count="18379" />
  </mem-info>
</gc-start>
<allocation-stats totalBytes="14063712" discardedBytes="21192" >
  <allocated-bytes non-tlh="620272" tlh="13443440" />
  <largest-consumer threadName="Default Executor-thread-7" threadId="0000000000C32900" bytes="5914864" />
</allocation-stats>
<gc-op id="877" type="scavenge" timems="1.094" contextid="874" timestamp="2024-11-12T08:50:34.108">
  <scavenger-info tenureage="3" tenuremask="7ff8" tiltratio="70" />
  <memory-copied type="nursery" objects="54131" bytes="3191216" bytesdiscarded="365496" />
  <memory-copied type="tenure" objects="7766" bytes="366424" bytesdiscarded="4576" />
  <finalization candidates="508" enqueued="482" />
  <ownableSynchronizers candidates="728" cleared="592" />
  <references type="soft" candidates="2940" cleared="0" enqueued="0" dynamicThreshold="9" maxThreshold="32" />
  <references type="weak" candidates="877" cleared="604" enqueued="592" />
  <references type="phantom" candidates="14" cleared="4" enqueued="4" />
  <object-monitors candidates="70" cleared="4"  />
</gc-op>
<gc-end id="878" type="scavenge" contextid="874" durationms="3.357" usertimems="15.224" systemtimems="0.000" stalltimems="4.351" timestamp="2024-11-12T08:50:34.110" activeThreads="16">
  <mem-info id="879" free="20928032" total="63307776" percent="33">
    <mem type="nursery" free="15050064" total="25427968" percent="59">
      <mem type="allocate" free="15050064" total="18612224" percent="80" />
      <mem type="survivor" free="0" total="6815744" percent="0" />
    </mem>
    <mem type="tenure" free="5877968" total="37879808" percent="15" macro-fragmented="41000">
      <mem type="soa" free="3983568" total="35985408" percent="11" />
      <mem type="loa" free="1894400" total="1894400" percent="100" />
    </mem>
    <pending-finalizers system="345" default="137" reference="596" classloader="0" />
    <remembered-set count="15885" />
  </mem-info>
</gc-end>
<cycle-end id="880" type="scavenge" contextid="874" timestamp="2024-11-12T08:50:34.111" />
<allocation-satisfied id="881" threadId="0000000000632000" bytesRequested="32" />
<af-end id="882" timestamp="2024-11-12T08:50:34.111" threadId="0000000000632998" success="true" from="nursery"/>
<exclusive-end id="883" timestamp="2024-11-12T08:50:34.111" durationms="3.565" />

</verbosegc>

